03-30 21:41:42.787  1230  1295 I ActivityManager: Start proc 18697:com.google.android.apps.docs:com.google.android.apps.viewer.pdflib.PdfDocumentService/u0i92 for service {com.google.android.apps.docs/com.google.android.apps.viewer.pdflib.PdfDocumentService}
03-30 21:41:42.790  1230  8363 D WindowManager: prepareSync <SYNC_STATE_WAITING_FOR_DRAW>, mPrepareSyncSeqId=0, win=Window{8a6888 u0 com.google.android.apps.docs/com.google.android.apps.viewer.PdfViewerActivity}
03-30 21:41:42.791   790   971 I SurfaceFlinger: id=18854 createSurf, flag=84004, 8a6888 com.google.android.apps.docs/com.google.android.apps.viewer.PdfViewerActivity#18854
03-30 21:41:42.793 18285 18285 I InsetsController: onStateChanged: host=com.google.android.apps.docs/com.google.android.apps.viewer.PdfViewerActivity, from=android.view.ViewRootImpl.setView:1797, state=InsetsState: {mDisplayFrame=Rect(0, 0 - 1440, 2304), mDisplayCutout=DisplayCutout{insets=Rect(0, 0 - 0, 0) waterfall=Insets{left=0, top=0, right=0, bottom=0} boundingRect={Bounds=[Rect(0, 0 - 0, 0), Rect(0, 0 - 0, 0), Rect(0, 0 - 0, 0), Rect(0, 0 - 0, 0)]} cutoutPathParserInfo={CutoutPathParserInfo{displayWidth=0 displayHeight=0 physicalDisplayWidth=0 physicalDisplayHeight=0 density={0.0} cutoutSpec={} rotation={0} scale={0.0} physicalPixelDisplaySizeRatio={0.0}}}}, mRoundedCorners=RoundedCorners{[RoundedCorner{position=TopLeft, radius=23, center=Point(23, 23)}, RoundedCorner{position=TopRight, radius=23, center=Point(1417, 23)}, RoundedCorner{position=BottomRight, radius=23, center=Point(1417, 2281)}, RoundedCorner{position=BottomLeft, radius=23, center=Point(23, 2281)}]}  mRoundedCornerFrame=Rect(0, 0 - 1440, 2304), mPrivacyIndicatorBounds=PrivacyIndicatorBounds {static bounds=Rect(1363, 0 - 1440, 42) rotation=0}, mDisplayShape=DisplayShape{ spec=-311912193 displayWidth=1440 displayHeight=2304 physicalPixelDisplaySizeRatio=1.0 rotation=0 offsetX=0 offsetY=0 scale=1.0}, mSources= { InsetsSource: {b1c90000 mType=statusBars mFrame=[0,0][1440,42] mVisible=true mFlags=[]}, InsetsSource: {b1c90005 mType=mandatorySystemGestures mFrame=[0,0][1440,42] mVisible=true mFlags=[]}, InsetsSource: {b1c90006 mType=tappableElement mFrame=[0,0][1440,42] mVisible=true mFlags=[]}, InsetsSource: {54df0001 mType=navigationBars mFrame=[0,2220][1440,2304] mVisible=true mFlags=[]}, InsetsSource: {54df0004 mType=systemGestures mFrame=[0,0][0,0] mVisible=true mFlags=[]}, InsetsSource: {54df0005 mType=mandatorySystemGestures mFrame=[0,2220][1440,2304] mVisible=true mFlags=[]}, InsetsSource: {54df0006 mType=tappableElement mFrame=[0,2220][1440,2304] mVisible=true mFlags=[]}, InsetsSource: {54df0024 mType=systemGestures mFrame=[0,0][0,0] mVisible=true mFlags=[]} }
03-30 21:41:42.800  1230  4045 D CoreBackPreview: Window{8a6888 u0 com.google.android.apps.docs/com.google.android.apps.viewer.PdfViewerActivity}: Setting back callback OnBackInvokedCallbackInfo{mCallback=android.window.IOnBackInvokedCallback$Stub$Proxy@592c646, mPriority=0, mIsAnimationCallback=false}
03-30 21:41:42.801  1230  3969 V WindowManager: Relayout Window{8a6888 u0 com.google.android.apps.docs/com.google.android.apps.viewer.PdfViewerActivity}: viewVisibility=0 req=1440x2304 ty=1 d0
03-30 21:41:42.802   790   971 I SurfaceFlinger: id=18855 createSurf, flag=44004, com.google.android.apps.docs/com.google.android.apps.viewer.PdfViewerActivity$_18285#18855
03-30 21:41:42.802  1230  3969 D WindowManager: makeSurface duration=1 name=com.google.android.apps.docs/com.google.android.apps.viewer.PdfViewerActivity$_18285
03-30 21:41:42.803  1230  3969 D WindowManager: SyncGroup 1054:  Unfinished container: ActivityRecord{8f52447 u0 com.google.android.apps.docs/com.google.android.apps.viewer.PdfViewerActivity t154} mSyncState=2
03-30 21:41:42.804  1230  3969 V WindowManager: Changing focus from null to Window{8a6888 u0 com.google.android.apps.docs/com.google.android.apps.viewer.PdfViewerActivity} displayId=0 Callers=com.android.server.wm.RootWindowContainer.updateFocusedWindowLocked:581 com.android.server.wm.WindowManagerService.updateFocusedWindowLocked:6910 com.android.server.wm.WindowManagerService.relayoutWindow:2777 com.android.server.wm.Session.relayout:282 
03-30 21:41:42.805  1230  3969 D InsetsSourceProvider: updateControlForTarget: control=InsetsSourceControl: {54df0001 mType=navigationBars initiallyVisible mSurfacePosition=Point(0, 2220) mInsetsHint=Insets{left=0, top=0, right=0, bottom=84}}, target=Window{8a6888 u0 com.google.android.apps.docs/com.google.android.apps.viewer.PdfViewerActivity}, from=com.android.server.wm.InsetsStateController.onControlTargetChanged:363 com.android.server.wm.InsetsStateController.onBarControlTargetChanged:332 com.android.server.wm.InsetsPolicy.updateBarControlTarget:173 com.android.server.wm.InsetsPolicy.updateSystemBars:843 com.android.server.wm.DisplayPolicy.updateSystemBarsLw:3484 
03-30 21:41:42.807  1230  3969 D InsetsSourceProvider: updateControlForTarget: control=InsetsSourceControl: {b1c90000 mType=statusBars initiallyVisible mSurfacePosition=Point(0, 0) mInsetsHint=Insets{left=0, top=42, right=0, bottom=0}}, target=Window{8a6888 u0 com.google.android.apps.docs/com.google.android.apps.viewer.PdfViewerActivity}, from=com.android.server.wm.InsetsStateController.onControlTargetChanged:363 com.android.server.wm.InsetsStateController.onBarControlTargetChanged:329 com.android.server.wm.InsetsPolicy.updateBarControlTarget:173 com.android.server.wm.InsetsPolicy.updateSystemBars:843 com.android.server.wm.DisplayPolicy.updateSystemBarsLw:3484 
03-30 21:41:42.807  1230  3969 D WindowManager: updateSystemBarAttributes: displayId=0, win=Window{8a6888 u0 com.google.android.apps.docs/com.google.android.apps.viewer.PdfViewerActivity}, navColorWin=Window{d974226 u0 com.google.android.apps.nbu.files/com.google.android.apps.nbu.files.documentbrowser.filebrowser.FileBrowserRegularActivity}, focusedCanBeNavColorWin=false, behavior=1, appearance=24, statusBarAppearanceRegions=[AppearanceRegion{LIGHT_STATUS_BARS bounds=[0,0][1440,2304]}], requestedVisibilities=-9, from=com.android.server.wm.DisplayPolicy.focusChangedLw:2988 com.android.server.wm.DisplayContent.updateFocusedWindowLocked:4905 com.android.server.wm.RootWindowContainer.updateFocusedWindowLocked:581 
03-30 21:41:42.807  1230  3969 V SystemKeyManager: updateFocusedWindow() is called, com.google.android.apps.docs/com.google.android.apps.viewer.PdfViewerActivity
03-30 21:41:42.807  1230  3969 I SystemKeyManager: requested systemKeyInfo size=1 focusedWindow=com.google.android.apps.docs/com.google.android.apps.viewer.PdfViewerActivity
03-30 21:41:42.807  1653  1653 D TaskbarDelegate: onSystemBarAttributesChanged() -  displayId:0, appearance:24 (APPEARANCE_LIGHT_NAVIGATION_BARS ), navbarColorManagedByIme: false, packageName: com.google.android.apps.docs
03-30 21:41:42.809 18285 18285 I InsetsController: onStateChanged: host=com.google.android.apps.docs/com.google.android.apps.viewer.PdfViewerActivity, from=android.view.ViewRootImpl.relayoutWindow:10165, state=InsetsState: {mDisplayFrame=Rect(0, 0 - 1440, 2304), mDisplayCutout=DisplayCutout{insets=Rect(0, 0 - 0, 0) waterfall=Insets{left=0, top=0, right=0, bottom=0} boundingRect={Bounds=[Rect(0, 0 - 0, 0), Rect(0, 0 - 0, 0), Rect(0, 0 - 0, 0), Rect(0, 0 - 0, 0)]} cutoutPathParserInfo={CutoutPathParserInfo{displayWidth=0 displayHeight=0 physicalDisplayWidth=0 physicalDisplayHeight=0 density={0.0} cutoutSpec={} rotation={0} scale={0.0} physicalPixelDisplaySizeRatio={0.0}}}}, mRoundedCorners=RoundedCorners{[RoundedCorner{position=TopLeft, radius=23, center=Point(23, 23)}, RoundedCorner{position=TopRight, radius=23, center=Point(1417, 23)}, RoundedCorner{position=BottomRight, radius=23, center=Point(1417, 2281)}, RoundedCorner{position=BottomLeft, radius=23, center=Point(23, 2281)}]}  mRoundedCornerFrame=Rect(0, 0 - 1440, 2304), mPrivacyIndicatorBounds=PrivacyIndicatorBounds {static bounds=Rect(1363, 0 - 1440, 42) rotation=0}, mDisplayShape=DisplayShape{ spec=-311912193 displayWidth=1440 displayHeight=2304 physicalPixelDisplaySizeRatio=1.0 rotation=0 offsetX=0 offsetY=0 scale=1.0}, mSources= { InsetsSource: {b1c90000 mType=statusBars mFrame=[0,0][1440,42] mVisible=true mFlags=[]}, InsetsSource: {b1c90005 mType=mandatorySystemGestures mFrame=[0,0][1440,42] mVisible=true mFlags=[]}, InsetsSource: {b1c90006 mType=tappableElement mFrame=[0,0][1440,42] mVisible=true mFlags=[]}, InsetsSource: {3 mType=ime mFrame=[0,0][0,0] mVisible=false mFlags=[]}, InsetsSource: {54df0001 mType=navigationBars mFrame=[0,2220][1440,2304] mVisible=true mFlags=[]}, InsetsSource: {54df0004 mType=systemGestures mFrame=[0,0][0,0] mVisible=true mFlags=[]}, InsetsSource: {54df0005 mType=mandatorySystemGestures mFrame=[0,2220][1440,2304] mVisible=true mFlags=[]}, InsetsSource: {54df0006 mType=tappableElement mFrame=[0,2220][1440,2304] mVisible=true mFlags=[]}, InsetsSource: {54df0024 mType=systemGestures mFrame=[0,0][0,0] mVisible=true mFlags=[]} }
03-30 21:41:42.817  1230  8363 D WindowManager: finishDrawingWindow: Window{8a6888 u0 com.google.android.apps.docs/com.google.android.apps.viewer.PdfViewerActivity} mDrawState=DRAW_PENDING seqId=0
03-30 21:41:42.820  1230  1278 V WindowManager: performShowLocked: mDrawState=HAS_DRAWN in Window{8a6888 u0 com.google.android.apps.docs/com.google.android.apps.viewer.PdfViewerActivity}
03-30 21:41:42.820 18697 18697 D nativeloader: Configuring clns-6 for other apk /system/framework/org.apache.http.legacy.jar. target_sdk_version=35, uses_libraries=ALL, library_path=/data/app/~~kNTrPv-nrRi3oYV-mapbXg==/com.google.android.apps.docs-rJGJoVDpY6qZ4p-YKu1VJA==/lib/arm64:/data/app/~~kNTrPv-nrRi3oYV-mapbXg==/com.google.android.apps.docs-rJGJoVDpY6qZ4p-YKu1VJA==/base.apk!/lib/arm64-v8a:/data/app/~~kNTrPv-nrRi3oYV-mapbXg==/com.google.android.apps.docs-rJGJoVDpY6qZ4p-YKu1VJA==/split_config.arm64_v8a.apk!/lib/arm64-v8a:/data/app/~~kNTrPv-nrRi3oYV-mapbXg==/com.google.android.apps.docs-rJGJoVDpY6qZ4p-YKu1VJA==/split_config.en.apk!/lib/arm64-v8a:/data/app/~~kNTrPv-nrRi3oYV-mapbXg==/com.google.android.apps.docs-rJGJoVDpY6qZ4p-YKu1VJA==/split_config.xhdpi.apk!/lib/arm64-v8a, permitted_path=/data:/mnt/expand:/data/user/0/com.google.android.apps.docs
03-30 21:41:42.821  1230  1278 V WindowManager: Start calculating TransitionInfo based on participants: {ActivityRecord{8f52447 u0 com.google.android.apps.docs/com.google.android.apps.viewer.PdfViewerActivity t154}, ActivityRecord{bddfbfa u0 com.google.android.apps.nbu.files/.documentbrowser.filebrowser.FileBrowserRegularActivity t154}}
03-30 21:41:42.821  1230  1278 V WindowManager:   Final targets: [ActivityRecord{8f52447 u0 com.google.android.apps.docs/com.google.android.apps.viewer.PdfViewerActivity t154}, ActivityRecord{bddfbfa u0 com.google.android.apps.nbu.files/.documentbrowser.filebrowser.FileBrowserRegularActivity t154}]
03-30 21:41:42.821   790  1623 I SurfaceFlinger: id=18858 createSurf, flag=84004, Transition Root: ActivityRecord{8f52447 u0 com.google.android.apps.docs/com.google.android.apps.viewer.PdfViewerActivity t154}#18858
03-30 21:41:42.822  1230  1278 I SurfaceControl: show, t=StartTransaction_SyncId<1054>, sc=Surface(name=ActivityRecord{8f52447 u0 com.google.android.apps.docs/com.google.android.apps.viewer.PdfViewerActivity t154})/@0xfe3d82a, caller=com.android.server.wm.Transition.onTransactionReady:2012 com.android.server.wm.BLASTSyncEngine$SyncGroup.finishNow:321 com.android.server.wm.BLASTSyncEngine$SyncGroup.tryFinish:242 com.android.server.wm.BLASTSyncEngine$SyncGroup.-$$Nest$mtryFinish:0 com.android.server.wm.BLASTSyncEngine.onSurfacePlacement:685 com.android.server.wm.RootWindowContainer.performSurfacePlacementNoTrace:993 
03-30 21:41:42.823  1230  1278 V WindowManager:         {null m=OPEN f=FILLS_TASK|IS_ACTIVITY leash=Surface(name=ActivityRecord{8f52447 u0 com.google.android.apps.docs/com.google.android.apps.viewer.PdfViewerActivity t154})/@0xfe3d82a sb=Rect(0, 0 - 0, 0) eb=Rect(0, 0 - 1440, 2304) d=-1->0 r=-1->0:-1 dim=true inset=Rect(0, 0 - 0, 0)},
03-30 21:41:42.823  1230  1278 V WindowManager:         {null m=TO_BACK f=FILLS_TASK|IS_ACTIVITY leash=Surface(name=ActivityRecord{bddfbfa u0 com.google.android.apps.nbu.files/.documentbrowser.filebrowser.FileBrowserRegularActivity t154})/@0x8c28ed5 sb=Rect(0, 0 - 1440, 2304) eb=Rect(0, 0 - 1440, 2304) d=0 inset=Rect(0, 0 - 0, 0)}
03-30 21:41:42.824  1230  1981 D InputDispatcher: Focus request (0): 8a6888 com.google.android.apps.docs/com.google.android.apps.viewer.PdfViewerActivity but waiting because NOT_VISIBLE
03-30 21:41:42.825   790   833 I SurfaceFlinger: id=18859 createSurf, flag=84000, 40eac61 ActivityRecordInputSink com.google.android.apps.docs/com.google.android.apps.viewer.PdfViewerActivity#18859
03-30 21:41:42.825  1653  1844 V WindowManagerShell: onTransitionReady android.os.BinderProxy@70b9e03: {id=1054 t=OPEN f=0x0 trk=0 r=[0@Point(0, 0)] c=[{null m=OPEN f=FILLS_TASK|IS_ACTIVITY leash=Surface(name=ActivityRecord{8f52447 u0 com.google.android.apps.docs/com.google.android.apps.viewer.PdfViewerActivity t154})/@0x1bc13fe sb=Rect(0, 0 - 0, 0) eb=Rect(0, 0 - 1440, 2304) d=-1->0 r=-1->0:-1 dim=true inset=Rect(0, 0 - 0, 0)},{null m=TO_BACK f=FILLS_TASK|IS_ACTIVITY leash=Surface(name=ActivityRecord{bddfbfa u0 com.google.android.apps.nbu.files/.documentbrowser.filebrowser.FileBrowserRegularActivity t154})/@0xfa0175f sb=Rect(0, 0 - 1440, 2304) eb=Rect(0, 0 - 1440, 2304) d=0 inset=Rect(0, 0 - 0, 0)}]}
03-30 21:41:42.826  1653  1844 I SurfaceControl: hide, t=FinishTransaction_SyncId<1054>, sc=Surface(name=ActivityRecord{bddfbfa u0 com.google.android.apps.nbu.files/.documentbrowser.filebrowser.FileBrowserRegularActivity t154})/@0xfa0175f, caller=com.android.wm.shell.transition.Transitions.dispatchReady:710 com.android.wm.shell.transition.Transitions.onTransitionReady:118 com.android.wm.shell.transition.Transitions$TransitionPlayerImpl$$ExternalSyntheticLambda0.run:13 android.os.Handler.handleCallback:958 android.os.Handler.dispatchMessage:99 android.os.Looper.loopOnce:230 
03-30 21:41:42.826  1653  1844 I SurfaceControl: show, t=StartTransaction_SyncId<1054>, sc=Surface(name=ActivityRecord{8f52447 u0 com.google.android.apps.docs/com.google.android.apps.viewer.PdfViewerActivity t154})/@0x1bc13fe, caller=com.android.wm.shell.transition.Transitions.dispatchReady:715 com.android.wm.shell.transition.Transitions.onTransitionReady:118 com.android.wm.shell.transition.Transitions$TransitionPlayerImpl$$ExternalSyntheticLambda0.run:13 android.os.Handler.handleCallback:958 android.os.Handler.dispatchMessage:99 android.os.Looper.loopOnce:230 
03-30 21:41:42.826  1653  1844 I SurfaceControl: show, t=FinishTransaction_SyncId<1054>, sc=Surface(name=ActivityRecord{8f52447 u0 com.google.android.apps.docs/com.google.android.apps.viewer.PdfViewerActivity t154})/@0x1bc13fe, caller=com.android.wm.shell.transition.Transitions.dispatchReady:772 com.android.wm.shell.transition.Transitions.onTransitionReady:118 com.android.wm.shell.transition.Transitions$TransitionPlayerImpl$$ExternalSyntheticLambda0.run:13 android.os.Handler.handleCallback:958 android.os.Handler.dispatchMessage:99 android.os.Looper.loopOnce:230 
03-30 21:41:42.826  1653  1844 I SurfaceControl: show, t=StartTransaction_SyncId<1054>, sc=Surface(name=Transition Root: ActivityRecord{8f52447 u0 com.google.android.apps.docs/com.google.android.apps.viewer.PdfViewerActivity t154})/@0xc315ac, caller=com.android.wm.shell.transition.Transitions.playTransition:80 com.android.wm.shell.transition.Transitions.processReadyQueue:195 com.android.wm.shell.transition.Transitions.dispatchReady:790 com.android.wm.shell.transition.Transitions.onTransitionReady:118 com.android.wm.shell.transition.Transitions$TransitionPlayerImpl$$ExternalSyntheticLambda0.run:13 android.os.Handler.handleCallback:958 
03-30 21:41:42.826  1653  1844 V WindowManagerShell: Transition doesn't have explicit remote, search filters for match for {id=1054 t=OPEN f=0x0 trk=0 r=[0@Point(0, 0)] c=[{null m=OPEN f=FILLS_TASK|IS_ACTIVITY leash=Surface(name=ActivityRecord{8f52447 u0 com.google.android.apps.docs/com.google.android.apps.viewer.PdfViewerActivity t154})/@0x1bc13fe sb=Rect(0, 0 - 0, 0) eb=Rect(0, 0 - 1440, 2304) d=-1->0 r=-1->0:-1 dim=true inset=Rect(0, 0 - 0, 0)},{null m=TO_BACK f=FILLS_TASK|IS_ACTIVITY leash=Surface(name=ActivityRecord{bddfbfa u0 com.google.android.apps.nbu.files/.documentbrowser.filebrowser.FileBrowserRegularActivity t154})/@0xfa0175f sb=Rect(0, 0 - 1440, 2304) eb=Rect(0, 0 - 1440, 2304) d=0 inset=Rect(0, 0 - 0, 0)}]}
03-30 21:41:42.827  1653  1844 V WindowManagerShell: start default transition animation, info = {id=1054 t=OPEN f=0x0 trk=0 r=[0@Point(0, 0)] c=[{null m=OPEN f=FILLS_TASK|IS_ACTIVITY leash=Surface(name=ActivityRecord{8f52447 u0 com.google.android.apps.docs/com.google.android.apps.viewer.PdfViewerActivity t154})/@0x1bc13fe sb=Rect(0, 0 - 0, 0) eb=Rect(0, 0 - 1440, 2304) d=-1->0 r=-1->0:-1 dim=true inset=Rect(0, 0 - 0, 0)},{null m=TO_BACK f=FILLS_TASK|IS_ACTIVITY leash=Surface(name=ActivityRecord{bddfbfa u0 com.google.android.apps.nbu.files/.documentbrowser.filebrowser.FileBrowserRegularActivity t154})/@0xfa0175f sb=Rect(0, 0 - 1440, 2304) eb=Rect(0, 0 - 1440, 2304) d=0 inset=Rect(0, 0 - 0, 0)}]}
03-30 21:41:42.833  1230  1502 D MdnieScenarioControlService:  packageName : com.google.android.apps.docs    className : com.google.android.apps.viewer.PdfViewerActivity
03-30 21:41:42.835  1230  1274 I PkgPredictorService-SecIpmManagerServiceImpl: reportToNAP uid:10307 com.google.android.apps.docs/com.google.android.apps.viewer.PdfViewerActivity thisTime:147
03-30 21:41:42.838  1230  1274 I ActivityTaskManager: Displayed com.google.android.apps.docs/com.google.android.apps.viewer.PdfViewerActivity for user 0: +147ms
03-30 21:41:42.838  1230  1274 I Pageboost: Launch time gathered : pid 18285 com.google.android.apps.docs 147
03-30 21:41:42.838  1230  1274 V WindowManager: Sent Transition #1054 createdAt=03-30 21:41:42.676 via request=TransitionRequestInfo { type = OPEN, triggerTask = TaskInfo{userId=0 taskId=154 displayId=0 isRunning=true baseIntent=Intent { act=android.intent.action.MAIN cat=[android.intent.category.LAUNCHER] flg=0x10000000 pkg=com.google.android.apps.nbu.files cmp=com.google.android.apps.nbu.files/.home.HomeActivity } baseActivity=ComponentInfo{com.google.android.apps.nbu.files/com.google.android.apps.nbu.files.home.HomeActivity} topActivity=ComponentInfo{com.google.android.apps.docs/com.google.android.apps.viewer.PdfViewerActivity} origActivity=null realActivity=ComponentInfo{com.google.android.apps.nbu.files/com.google.android.apps.nbu.files.home.HomeActivity} numActivities=3 lastActiveTime=438381910 supportsMultiWindow=true resizeMode=1 isResizeable=true minWidth=-1 minHeight=-1 maxWidth=-1 maxHeight=-1 defaultMinSize=220 token=WCT{RemoteToken{d8843dc Task{c3fa576 #154 type=standard A=10330:com.google.android.apps.nbu.files}}} topActivityType=1 pictureInPictureParams=null shouldDockBigOverlays=false launchIntoPipHostTaskId=-1 lastParentTaskIdBeforePip=-1 displayCutoutSafeInsets=null topActivityInfo=ActivityInfo{64ba5c9 com.google.android.apps.viewer.PdfViewerActivity} launchCookies=[] positionInParent=Point(0, 0) parentTaskId=-1 isFocused=true isVisible=true isVisibleRequested=true isSleeping=false topActivityInSizeCompat=false topActivityEligibleForLetterboxEducation= false topActivityLetterboxed= false isFromDoubleTap= false topActivityLetterboxVerticalPosition= -1 topActivityLetterboxHorizontalPosition= -1 topActivityLetterboxWidth=-1 topActivityLetterboxHeight=-1 locusId=null displayAreaFeatureId=1 cameraCompatControlState=hidden originallySupportedMultiWindow=true hasWallpaper=false topActivityInFixedAspectRatio=false rootAffinity=10330:com.google.android.apps.nbu.files topActivityInDisplayCompat=false topActivityInBoundsCompat=false topActivityBounds=null singleTapFromLetterbox=false isTopTaskInStage=false topActivityUiMode=17 CoverLauncherWidgetTask=false CoverScreenTask=false isAllowedSeamlessRotation=false isTopTransparentActivity=false hasPopOver=false isAiKeyRemoveAppTask=false}, remoteTransition = null, displayChange = null }
03-30 21:41:42.839  1230  1274 V WindowManager:         {null m=OPEN f=FILLS_TASK|IS_ACTIVITY leash=Surface(name=ActivityRecord{8f52447 u0 com.google.android.apps.docs/com.google.android.apps.viewer.PdfViewerActivity t154})/@0xfe3d82a sb=Rect(0, 0 - 0, 0) eb=Rect(0, 0 - 1440, 2304) d=-1->0 r=-1->0:-1 dim=true inset=Rect(0, 0 - 0, 0)},
03-30 21:41:42.839  1230  1274 V WindowManager:         {null m=TO_BACK f=FILLS_TASK|IS_ACTIVITY leash=Surface(name=ActivityRecord{bddfbfa u0 com.google.android.apps.nbu.files/.documentbrowser.filebrowser.FileBrowserRegularActivity t154})/@0x8c28ed5 sb=Rect(0, 0 - 1440, 2304) eb=Rect(0, 0 - 1440, 2304) d=0 inset=Rect(0, 0 - 0, 0)}
03-30 21:41:42.846   790   971 I SurfaceFlinger: id=18863 createSurf, flag=20004, DimTransitionLayer for Surface(name=ActivityRecord{8f52447 u0 com.google.android.apps.docs/com.google.android.apps.viewer.PdfViewerActivity t154})/@0x1bc13fe#18863
03-30 21:41:42.846  1653  1844 I SurfaceControl: show, t=StartTransaction_SyncId<1054>, sc=Surface(name=DimTransitionLayer for Surface(name=ActivityRecord{8f52447 u0 com.google.android.apps.docs/com.google.android.apps.viewer.PdfViewerActivity t154})/@0x1bc13fe)/@0x57fdb2d, caller=com.android.wm.shell.transition.DimTransitionProvider.attachDimTransitionSurface:50 com.android.wm.shell.transition.DefaultTransitionHandler.startAnimation:2840 com.android.wm.shell.transition.Transitions.dispatchTransition:80 com.android.wm.shell.transition.Transitions.playTransition:811 com.android.wm.shell.transition.Transitions.processReadyQueue:195 com.android.wm.shell.transition.Transitions.dispatchReady:790 
03-30 21:41:42.847  1653  1844 V WindowManagerShell: attach dim transition, change={null m=OPEN f=FILLS_TASK|IS_ACTIVITY leash=Surface(name=ActivityRecord{8f52447 u0 com.google.android.apps.docs/com.google.android.apps.viewer.PdfViewerActivity t154})/@0x1bc13fe sb=Rect(0, 0 - 0, 0) eb=Rect(0, 0 - 1440, 2304) d=-1->0 r=-1->0:-1 dim=true inset=Rect(0, 0 - 0, 0)}
03-30 21:41:42.848 18697 18697 W ziparchive: Unable to open '/data/app/~~kNTrPv-nrRi3oYV-mapbXg==/com.google.android.apps.docs-rJGJoVDpY6qZ4p-YKu1VJA==/split_config.arm64_v8a.dm': No such file or directory
03-30 21:41:42.848 18697 18697 W ziparchive: Unable to open '/data/app/~~kNTrPv-nrRi3oYV-mapbXg==/com.google.android.apps.docs-rJGJoVDpY6qZ4p-YKu1VJA==/split_config.arm64_v8a.dm': No such file or directory
03-30 21:41:42.851 18697 18697 W ziparchive: Unable to open '/data/app/~~kNTrPv-nrRi3oYV-mapbXg==/com.google.android.apps.docs-rJGJoVDpY6qZ4p-YKu1VJA==/split_config.en.dm': No such file or directory
03-30 21:41:42.851 18697 18697 W ziparchive: Unable to open '/data/app/~~kNTrPv-nrRi3oYV-mapbXg==/com.google.android.apps.docs-rJGJoVDpY6qZ4p-YKu1VJA==/split_config.en.dm': No such file or directory
03-30 21:41:42.851 18285 18285 I InsetsSourceConsumer: applyRequestedVisibilityToControl: visible=true, type=navigationBars, host=com.google.android.apps.docs/com.google.android.apps.viewer.PdfViewerActivity
03-30 21:41:42.852 18697 18697 W ziparchive: Unable to open '/data/app/~~kNTrPv-nrRi3oYV-mapbXg==/com.google.android.apps.docs-rJGJoVDpY6qZ4p-YKu1VJA==/split_config.xhdpi.dm': No such file or directory
03-30 21:41:42.852 18697 18697 W ziparchive: Unable to open '/data/app/~~kNTrPv-nrRi3oYV-mapbXg==/com.google.android.apps.docs-rJGJoVDpY6qZ4p-YKu1VJA==/split_config.xhdpi.dm': No such file or directory
03-30 21:41:42.852 18285 18285 I InsetsSourceConsumer: applyRequestedVisibilityToControl: visible=true, type=statusBars, host=com.google.android.apps.docs/com.google.android.apps.viewer.PdfViewerActivity
03-30 21:41:42.853   790   790 I Layer   : Layer [Transition Root: ActivityRecord{8f52447 u0 com.google.android.apps.docs/com.google.android.apps.viewer.PdfViewerActivity t154}#18858] hidden!! flag(0)
03-30 21:41:42.853   790   790 I Layer   : Layer [8a6888 com.google.android.apps.docs/com.google.android.apps.viewer.PdfViewerActivity#18854] hidden!! flag(0)
03-30 21:41:42.853   790   790 I Layer   : Layer [DimTransitionLayer for Surface(name=ActivityRecord{8f52447 u0 com.google.android.apps.docs/com.google.android.apps.viewer.PdfViewerActivity t154})/@0x1bc13fe#18863] hidden!! flag(0)
03-30 21:41:42.853   790   790 I Layer   : Layer [com.google.android.apps.docs/com.google.android.apps.viewer.PdfViewerActivity$_18285#18855] hidden!! flag(0)
03-30 21:41:42.853   790   790 I Layer   : Layer [ActivityRecord{8f52447 u0 com.google.android.apps.docs/com.google.android.apps.viewer.PdfViewerActivity t154}#18853] hidden!! flag(0)
03-30 21:41:42.854 18697 18697 D nativeloader: Configuring clns-7 for other apk /data/app/~~kNTrPv-nrRi3oYV-mapbXg==/com.google.android.apps.docs-rJGJoVDpY6qZ4p-YKu1VJA==/base.apk:/data/app/~~kNTrPv-nrRi3oYV-mapbXg==/com.google.android.apps.docs-rJGJoVDpY6qZ4p-YKu1VJA==/split_config.arm64_v8a.apk:/data/app/~~kNTrPv-nrRi3oYV-mapbXg==/com.google.android.apps.docs-rJGJoVDpY6qZ4p-YKu1VJA==/split_config.en.apk:/data/app/~~kNTrPv-nrRi3oYV-mapbXg==/com.google.android.apps.docs-rJGJoVDpY6qZ4p-YKu1VJA==/split_config.xhdpi.apk. target_sdk_version=35, uses_libraries=, library_path=/data/app/~~kNTrPv-nrRi3oYV-mapbXg==/com.google.android.apps.docs-rJGJoVDpY6qZ4p-YKu1VJA==/lib/arm64:/data/app/~~kNTrPv-nrRi3oYV-mapbXg==/com.google.android.apps.docs-rJGJoVDpY6qZ4p-YKu1VJA==/base.apk!/lib/arm64-v8a:/data/app/~~kNTrPv-nrRi3oYV-mapbXg==/com.google.android.apps.docs-rJGJoVDpY6qZ4p-YKu1VJA==/split_config.arm64_v8a.apk!/lib/arm64-v8a:/data/app/~~kNTrPv-nrRi3oYV-mapbXg==/com.google.android.apps.docs-rJGJoVDpY6qZ4p-YKu1VJA==/split_config.en.apk!/lib/arm64-v8a:/data/app/~~kNTrPv
03-30 21:41:42.900  1230  3969 D InputDispatcher: Focus entered window (0): 8a6888 com.google.android.apps.docs/com.google.android.apps.viewer.PdfViewerActivity
03-30 21:41:42.908   790   790 D SurfaceFlinger:      CLIENT | 0xb4000075c1f85ad0 | 0102 | RGBA_8888    |    0.0    5.0 1440.0 2304.0 |    0    0 1440 2299 | com.google.android.apps.nbu.files/co[...]eBrowserRegularActivity$_16944#18842
03-30 21:41:42.908   790   790 D SurfaceFlinger:      DEVICE | 0xb4000075c1f70750 | 0102 | RGBA_8888    |    0.0    0.0 1440.0 1902.0 |    0  402 1440 2304 | com.google.android.apps.docs/com.goo[...]iewer.PdfViewerActivity$_18285#18855
03-30 21:41:42.909  1230  8363 I ImeTracker: com.google.android.apps.docs:c36f9e4d: onRequestHide at ORIGIN_SERVER_HIDE_INPUT reason HIDE_UNSPECIFIED_WINDOW
03-30 21:41:42.909  1230  8363 I ImeTracker: com.google.android.apps.docs:c36f9e4d: onCancelled at PHASE_SERVER_SHOULD_HIDE
03-30 21:41:42.914  4662  4662 I HBD     : b [AiWriter] setContact : com.google.android.apps.docs
03-30 21:41:42.914  4662  4662 I HBD     : a [AiWriter] setContact : com.google.android.apps.docs
03-30 21:41:42.914  1230  4045 D InsetsSourceProvider: updateControlForTarget: control=InsetsSourceControl: {3 mType=ime mSurfacePosition=Point(0, 42) mInsetsHint=Insets{left=0, top=0, right=0, bottom=737}}, target=Window{8a6888 u0 com.google.android.apps.docs/com.google.android.apps.viewer.PdfViewerActivity}, from=com.android.server.wm.ImeInsetsSourceProvider.updateControlForTarget:165 com.android.server.wm.InsetsStateController.onControlTargetChanged:363 com.android.server.wm.InsetsStateController.onImeControlTargetChanged:307 com.android.server.wm.DisplayContent.updateImeControlTarget:5768 com.android.server.wm.DisplayContent.updateImeInputAndControlTarget:5728 
03-30 21:41:42.915  4662  8167 I HBD     : h [SKE_SPECIFIC] specific model[com.google.android.apps.docs] loaded, 474000 ns
03-30 21:41:42.916 18285 18285 I InsetsSourceConsumer: applyRequestedVisibilityToControl: visible=false, type=ime, host=com.google.android.apps.docs/com.google.android.apps.viewer.PdfViewerActivity
03-30 21:41:42.998   790   790 D SurfaceFlinger:      DEVICE | 0xb4000075c1f70750 | 0102 | RGBA_8888    |    0.0    0.0 1440.0 2199.0 |    0  105 1440 2304 | com.google.android.apps.docs/com.goo[...]iewer.PdfViewerActivity$_18285#18855
03-30 21:41:43.011  2148 16171 I HoneySpace.HistoryRepositoryImpl: Add History Item : rank:0, suggestedApp:false, item:id:-2 label:Files componnet:com.google.android.apps.nbu.files/.home.HomeActivity#UserHandle{0} badgeCount:0  drag:false iconState:NONE, taskInfo:GroupTask [
03-30 21:41:43.011  2148 16171 I HoneySpace.HistoryRepositoryImpl:  Task1 : [id=154 windowingMode=1 user=0 lastActiveTime=438381919] null, isCoverLauncherTask = false, isLocked = false - com.google.android.apps.nbu.files]
03-30 21:41:43.012  2148 16171 I HoneySpace.HistoryRepositoryImpl: Add History Item : rank:0, suggestedApp:false, item:id:-2 label:Google componnet:com.google.android.googlequicksearchbox/.SearchActivity#UserHandle{0} badgeCount:0  drag:false iconState:NONE, taskInfo:GroupTask [
03-30 21:41:43.012  2148 16171 I HoneySpace.HistoryRepositoryImpl:  Task1 : [id=114 windowingMode=1 user=0 lastActiveTime=348398600] null, isCoverLauncherTask = false, isLocked = false - com.google.android.googlequicksearchbox]
03-30 21:41:43.012  2148 16171 I HoneySpace.HistoryRepositoryImpl: Add History Item : rank:0, suggestedApp:false, item:id:-2 label:Messages componnet:com.google.android.apps.messaging/.ui.ConversationListActivity#UserHandle{0} badgeCount:0  drag:false iconState:NONE, taskInfo:GroupTask [
03-30 21:41:43.012  2148 16171 I HoneySpace.HistoryRepositoryImpl:  Task1 : [id=138 windowingMode=1 user=0 lastActiveTime=334359048] null, isCoverLauncherTask = false, isLocked = false - com.google.android.apps.messaging]
03-30 21:41:43.013  2148 16171 I HoneySpace.HistoryRepositoryImpl: Add History Item : rank:0, suggestedApp:false, item:id:-2 label:YouTube componnet:com.google.android.youtube/.app.honeycomb.Shell$HomeActivity#UserHandle{0} badgeCount:0  drag:false iconState:NONE, taskInfo:GroupTask [
03-30 21:41:43.013  2148 16171 I HoneySpace.HistoryRepositoryImpl:  Task1 : [id=110 windowingMode=1 user=0 lastActiveTime=317912318] null, isCoverLauncherTask = false, isLocked = false - com.google.android.youtube]
03-30 21:41:43.013  2148 16171 I HoneySpace.HistoryRepositoryImpl: Add History Item : rank:0, suggestedApp:false, item:id:-2 label:Chrome componnet:com.android.chrome/com.google.android.apps.chrome.Main#UserHandle{0} badgeCount:0  drag:false iconState:NONE, taskInfo:GroupTask [
03-30 21:41:43.015  2148 15748 I HoneySpace.SuggestedItemsFacade: DPS items : YouTube, com.google.android.youtube/.app.honeycomb.Shell$HomeActivity#UserHandle{0}
03-30 21:41:43.015  2148 15748 I HoneySpace.FilteredItemProvider: collect filtered items n, [PK(p='com.google.android.apps.docs', u=UserHandle{0}), PK(p='com.android.settings', u=UserHandle{0}), PK(p='com.android.vending', u=UserHandle{0}), PK(p='com.sec.android.app.sbrowser', u=UserHandle{0}), PK(p='com.samsung.android.app.notes', u=UserHandle{0})]
03-30 21:41:43.015  2148 15748 I HoneySpace.FilteredItemProvider: collect filtered items e, [PK(p='com.samsung.android.calendar', u=UserHandle{0}), PK(p='com.sec.android.app.camera', u=UserHandle{0}), PK(p='com.samsung.android.app.notes', u=UserHandle{0}), PK(p='com.sec.android.app.sbrowser', u=UserHandle{0}), PK(p='com.google.android.apps.messaging', u=UserHandle{0}), PK(p='com.sec.android.app.myfiles', u=UserHandle{0})]
03-30 21:41:43.015  2148 15748 I HoneySpace.SuggestedItemsFacade: filteredItem : PK(p='com.google.android.apps.docs', u=UserHandle{0})
03-30 21:41:43.015  2148 15748 I HoneySpace.SuggestedItemsFacade: filteredItem : PK(p='com.google.android.apps.messaging', u=UserHandle{0})
03-30 21:41:43.017  2148 15748 I HoneySpace.FilteredItemProvider: collect filtered items n, [PK(p='com.google.android.apps.docs', u=UserHandle{0}), PK(p='com.android.settings', u=UserHandle{0}), PK(p='com.android.vending', u=UserHandle{0}), PK(p='com.sec.android.app.sbrowser', u=UserHandle{0}), PK(p='com.samsung.android.app.notes', u=UserHandle{0})]
03-30 21:41:43.017  2148 15748 I HoneySpace.FilteredItemProvider: collect filtered items e, [PK(p='com.samsung.android.calendar', u=UserHandle{0}), PK(p='com.sec.android.app.camera', u=UserHandle{0}), PK(p='com.samsung.android.app.notes', u=UserHandle{0}), PK(p='com.sec.android.app.sbrowser', u=UserHandle{0}), PK(p='com.google.android.apps.messaging', u=UserHandle{0}), PK(p='com.sec.android.app.myfiles', u=UserHandle{0})]
03-30 21:41:43.020  2148 15748 W HoneySpace.SuggestedAppsItemMaker: Fail to create ItemInfo from com.google.android.permissioncontroller
03-30 21:41:43.020  2148 15748 W HoneySpace.SuggestedAppsItemMaker: Fail to get item com.google.android.permissioncontroller
03-30 21:41:43.020  2148 15748 W HoneySpace.SuggestedAppsItemMaker: Fail to create ItemInfo from com.google.android.gms
03-30 21:41:43.020  2148 15748 W HoneySpace.SuggestedAppsItemMaker: Fail to get item com.google.android.gms
03-30 21:41:43.020  2148 15748 W HoneySpace.SuggestedAppsItemMaker: Fail to create ItemInfo from com.google.android.providers.media.module
03-30 21:41:43.020  2148 15748 W HoneySpace.SuggestedAppsItemMaker: Fail to get item com.google.android.providers.media.module
03-30 21:41:43.021  2148 15748 I HoneySpace.SuggestedItemsFacade: getFinalItems : Files, com.google.android.apps.nbu.files/.home.HomeActivity#UserHandle{0}
03-30 21:41:43.021  2148 15748 I HoneySpace.SuggestedItemsFacade: getFinalItems : Google, com.google.android.googlequicksearchbox/.SearchActivity#UserHandle{0}
03-30 21:41:43.021  2148 15748 I HoneySpace.SuggestedItemsFacade: getFinalItems : YouTube, com.google.android.youtube/.app.honeycomb.Shell$HomeActivity#UserHandle{0}
03-30 21:41:43.021  2148 15748 I HoneySpace.SuggestedItemsFacade: getFinalItems : Chrome, com.android.chrome/com.google.android.apps.chrome.Main#UserHandle{0}
03-30 21:41:43.021  2148 15748 I HoneySpace.SuggestedItemsFacade: getFinalItems : Gmail, com.google.android.gm/.ConversationListActivityGmail#UserHandle{0}
03-30 21:41:43.024  2148 15748 I HoneySpace.HistoryViewModel@244326949: filterItems HotseatItems : [id=25, title=null, type=APP, containerType=ITEM_GROUP, containerId=5, x=-1, y=-1, rank=0, component=com.samsung.android.app.notes/.memolist.MemoListActivity, profileId=0, intent=null, restored=0, hidden=UNHIDDEN, id=26, title=null, type=APP, containerType=ITEM_GROUP, containerId=5, x=-1, y=-1, rank=1, component=com.sec.android.app.myfiles/.ui.MainActivity, profileId=0, intent=null, restored=0, hidden=UNHIDDEN, id=27, title=null, type=APP, containerType=ITEM_GROUP, containerId=5, x=-1, y=-1, rank=2, component=com.samsung.android.calendar/com.samsung.android.app.calendar.activity.MainActivity, profileId=0, intent=null, restored=0, hidden=UNHIDDEN, id=28, title=null, type=APP, containerType=ITEM_GROUP, containerId=5, x=-1, y=-1, rank=3, component=com.google.android.apps.messaging/.ui.ConversationListActivity, profileId=0, intent=null, restored=0, hidden=UNHIDDEN, id=29, title=null, type=APP, containerType=ITEM_GROUP, containerId=5, x=-1, y=-1, rank=4, component=com.sec.android.app.sbrowser/.SBrowserMainActivity, profileId=0, intent=null, restored=0, hidden=UNHIDDEN, id=30, title=null, type=APP, containerType=ITEM_GROUP, containerId=5, x=-1, y=-1, rank=5, component=com.sec.android.app.camera/.Camera, profileId=0, intent=null, restored=0, hidden=UNHIDDEN]
03-30 21:41:43.197   790   790 I Layer   : id=18863 removeFromCurrentState DimTransitionLayer for Surface(name=ActivityRecord{8f52447 u0 com.google.android.apps.docs/com.google.android.apps.viewer.PdfViewerActivity t154})/@0x1bc13fe#18863 (218)
03-30 21:41:43.209   790   790 D SurfaceFlinger:      DEVICE | 0xb4000075c1f70750 | 0102 | RGBA_8888    |    0.0    0.0 1440.0 2299.0 |    0    5 1440 2304 | com.google.android.apps.docs/com.goo[...]iewer.PdfViewerActivity$_18285#18855
03-30 21:41:43.274   790   790 D SurfaceFlinger:      DEVICE | 0xb4000075c1f8b790 | 0102 | RGBA_8888    |    0.0    0.0 1440.0 2304.0 |    0    0 1440 2304 | com.google.android.apps.docs/com.goo[...]iewer.PdfViewerActivity$_18285#18855
03-30 21:41:43.287  1230  4045 V WindowManager: Setting visibility of Window{d974226 u0 com.google.android.apps.nbu.files/com.google.android.apps.nbu.files.documentbrowser.filebrowser.FileBrowserRegularActivity}: false, caller=com.android.server.wm.WindowContainer.sendAppVisibilityToClients:1305 com.android.server.wm.WindowToken.setClientVisible:454 com.android.server.wm.ActivityRecord.setClientVisible:8246 com.android.server.wm.ActivityRecord.postApplyAnimation:6777 com.android.server.wm.ActivityRecord.commitVisibility:6720 
03-30 21:41:43.298   790   790 I Layer   : id=18863 removeFromCurrentState DimTransitionLayer for Surface(name=ActivityRecord{8f52447 u0 com.google.android.apps.docs/com.google.android.apps.viewer.PdfViewerActivity t154})/@0x1bc13fe#18863 (218)
03-30 21:41:43.298   790   790 I Layer   : id=18858 removeFromCurrentState Transition Root: ActivityRecord{8f52447 u0 com.google.android.apps.docs/com.google.android.apps.viewer.PdfViewerActivity t154}#18858 (218)
03-30 21:41:43.298   790   790 I Layer   : id=18806 removeFromCurrentState ActivityRecord{bddfbfa u0 com.google.android.apps.nbu.files/.documentbrowser.filebrowser.FileBrowserRegularActivity t154}#18806 (218)
03-30 21:41:43.298   790   790 I Layer   : id=18812 removeFromCurrentState 15edeee ActivityRecordInputSink com.google.android.apps.nbu.files/.documentbrowser.filebrowser.FileBrowserRegularActivity#18812 (218)
03-30 21:41:43.298   790   790 I Layer   : id=18807 removeFromCurrentState d974226 com.google.android.apps.nbu.files/com.google.android.apps.nbu.files.documentbrowser.filebrowser.FileBrowserRegularActivity#18807 (218)
03-30 21:41:43.298   790   790 I Layer   : id=18842 removeFromCurrentState com.google.android.apps.nbu.files/com.google.android.apps.nbu.files.documentbrowser.filebrowser.FileBrowserRegularActivity$_16944#18842 (218)
03-30 21:41:43.298   790   790 I Layer   : id=18853 removeFromCurrentState ActivityRecord{8f52447 u0 com.google.android.apps.docs/com.google.android.apps.viewer.PdfViewerActivity t154}#18853 (218)
03-30 21:41:43.298   790   790 I Layer   : id=18859 removeFromCurrentState 40eac61 ActivityRecordInputSink com.google.android.apps.docs/com.google.android.apps.viewer.PdfViewerActivity#18859 (218)
03-30 21:41:43.298   790   790 I Layer   : id=18854 removeFromCurrentState 8a6888 com.google.android.apps.docs/com.google.android.apps.viewer.PdfViewerActivity#18854 (218)
03-30 21:41:43.298   790   790 I Layer   : id=18855 removeFromCurrentState com.google.android.apps.docs/com.google.android.apps.viewer.PdfViewerActivity$_18285#18855 (218)
03-30 21:41:43.298   790   790 I Layer   : id=18853 addToCurrentState ActivityRecord{8f52447 u0 com.google.android.apps.docs/com.google.android.apps.viewer.PdfViewerActivity t154}#18853 (218)
03-30 21:41:43.298   790   790 I Layer   : id=18859 addToCurrentState 40eac61 ActivityRecordInputSink com.google.android.apps.docs/com.google.android.apps.viewer.PdfViewerActivity#18859 (218)
03-30 21:41:43.298   790   790 I Layer   : id=18854 addToCurrentState 8a6888 com.google.android.apps.docs/com.google.android.apps.viewer.PdfViewerActivity#18854 (218)
03-30 21:41:43.298   790   790 I Layer   : id=18855 addToCurrentState com.google.android.apps.docs/com.google.android.apps.viewer.PdfViewerActivity$_18285#18855 (218)
03-30 21:41:43.298   790   790 I Layer   : Layer [ActivityRecord{bddfbfa u0 com.google.android.apps.nbu.files/.documentbrowser.filebrowser.FileBrowserRegularActivity t154}#18806] hidden!! flag(1)
03-30 21:41:43.298   790   790 I Layer   : id=18806 addToCurrentState ActivityRecord{bddfbfa u0 com.google.android.apps.nbu.files/.documentbrowser.filebrowser.FileBrowserRegularActivity t154}#18806 (218)
03-30 21:41:43.298   790   790 I Layer   : id=18812 addToCurrentState 15edeee ActivityRecordInputSink com.google.android.apps.nbu.files/.documentbrowser.filebrowser.FileBrowserRegularActivity#18812 (218)
03-30 21:41:43.298   790   790 I Layer   : id=18807 addToCurrentState d974226 com.google.android.apps.nbu.files/com.google.android.apps.nbu.files.documentbrowser.filebrowser.FileBrowserRegularActivity#18807 (218)
03-30 21:41:43.298   790   790 I Layer   : id=18842 addToCurrentState com.google.android.apps.nbu.files/com.google.android.apps.nbu.files.documentbrowser.filebrowser.FileBrowserRegularActivity$_16944#18842 (218)
03-30 21:41:43.298   790   790 I Layer   : id=18858 removeFromCurrentState Transition Root: ActivityRecord{8f52447 u0 com.google.android.apps.docs/com.google.android.apps.viewer.PdfViewerActivity t154}#18858 (218)
03-30 21:41:43.298   790   790 I Layer   : Layer [com.google.android.apps.nbu.files/com.google.android.apps.nbu.files.documentbrowser.filebrowser.FileBrowserRegularActivity$_16944#18842] hidden!! flag(1)
03-30 21:41:43.299  1230  4045 V WindowManager: Relayout Window{d974226 u0 com.google.android.apps.nbu.files/com.google.android.apps.nbu.files.documentbrowser.filebrowser.FileBrowserRegularActivity}: viewVisibility=8 req=1440x2304 ty=1 d0
03-30 21:41:43.301   790   790 I SurfaceFlinger: id=18858 Removed Transition Root: ActivityRecord{8f52447 u0 com.google.android.apps.docs/com.google.android.apps.viewer.PdfViewerActivity t154}#18858 (218)
03-30 21:41:43.301   790   790 I SurfaceFlinger: id=18863 Removed DimTransitionLayer for Surface(name=ActivityRecord{8f52447 u0 com.google.android.apps.docs/com.google.android.apps.viewer.PdfViewerActivity t154})/@0x1bc13fe#18863 (218)
03-30 21:41:43.304 16944 16944 D ViewRootImpl@55b6d54[FileBrowserRegularActivity]: WindowStopped on com.google.android.apps.nbu.files/com.google.android.apps.nbu.files.documentbrowser.filebrowser.FileBrowserRegularActivity set to true
03-30 21:41:43.308   790   790 I Layer   : id=18858 Destroyed Transition Root: ActivityRecord{8f52447 u0 com.google.android.apps.docs/com.google.android.apps.viewer.PdfViewerActivity t154}#18858
03-30 21:41:43.309   790   790 I Layer   : id=18863 Destroyed DimTransitionLayer for Surface(name=ActivityRecord{8f52447 u0 com.google.android.apps.docs/com.google.android.apps.viewer.PdfViewerActivity t154})/@0x1bc13fe#18863
03-30 21:41:43.318  1230  4045 V WindowManager: Relayout Window{d974226 u0 com.google.android.apps.nbu.files/com.google.android.apps.nbu.files.documentbrowser.filebrowser.FileBrowserRegularActivity}: viewVisibility=8 req=1440x2304 ty=1 d0
03-30 21:41:43.322  1230  4045 E WindowManager: win=Window{d974226 u0 com.google.android.apps.nbu.files/com.google.android.apps.nbu.files.documentbrowser.filebrowser.FileBrowserRegularActivity} destroySurfaces: appStopped=true cleanupOnResume=false win.mWindowRemovalAllowed=false win.mRemoveOnExit=false win.mViewVisibility=8 caller=com.android.server.wm.ActivityRecord.destroySurfaces:7044 com.android.server.wm.ActivityRecord.destroySurfaces:7025 com.android.server.wm.ActivityRecord.activityStopped:7758 com.android.server.wm.ActivityClientController.activityStopped:327 android.app.IActivityClientController$Stub.onTransact:702 com.android.server.wm.ActivityClientController.onTransact:186 android.os.Binder.execTransactInternal:1380 
03-30 21:41:43.322  1230  4045 I WindowManager: Destroying surface Surface(name=com.google.android.apps.nbu.files/com.google.android.apps.nbu.files.documentbrowser.filebrowser.FileBrowserRegularActivity$_16944)/@0x2f1a75c called by com.android.server.wm.WindowStateAnimator.destroySurface:811 com.android.server.wm.WindowStateAnimator.destroySurfaceLocked:478 com.android.server.wm.WindowState.destroySurfaceUnchecked:4219 com.android.server.wm.WindowState.destroySurface:4193 com.android.server.wm.ActivityRecord.destroySurfaces:7044 com.android.server.wm.ActivityRecord.destroySurfaces:7025 com.android.server.wm.ActivityRecord.activityStopped:7758 com.android.server.wm.ActivityClientController.activityStopped:327 
03-30 21:41:43.323  1230  1275 D ScreenCurtainController: onForegroundActivitiesChanged: com.google.android.apps.docs
03-30 21:41:43.324  1230  1275 D PkgPredictorService-SecIpmManagerServiceImpl: bg information pid:16944 uid:10330 pkgName:com.google.android.apps.nbu.files
03-30 21:41:43.329   790   790 I Layer   : id=18842 removeFromCurrentState com.google.android.apps.nbu.files/com.google.android.apps.nbu.files.documentbrowser.filebrowser.FileBrowserRegularActivity$_16944#18842 (212)
03-30 21:41:43.330   790   790 I SurfaceFlinger: id=18842 Removed com.google.android.apps.nbu.files/com.google.android.apps.nbu.files.documentbrowser.filebrowser.FileBrowserRegularActivity$_16944#18842 (212)
03-30 21:41:43.340   790   790 I Layer   : id=18842 Destroyed com.google.android.apps.nbu.files/com.google.android.apps.nbu.files.documentbrowser.filebrowser.FileBrowserRegularActivity$_16944#18842
03-30 21:41:43.454  1230  1502 D MdnieScenarioControlService:  packageName : com.google.android.apps.docs    className : com.google.android.apps.viewer.PdfViewerActivity
03-30 21:41:45.085   790   790 I LayerHistory: com.google.android.apps.docs/com.google.android.apps.viewer.PdfViewerActivity$_18285#18855 Max (can't resolve refresh rate)
03-30 21:41:45.930 18285 18285 I GestureDetector: obtain mCurrentDownEvent. id: 305915375 caller: lhd.c:160 com.google.android.apps.viewer.util.GestureTrackingView.onInterceptTouchEvent:4 android.view.ViewGroup.dispatchTouchEvent:2870 
03-30 21:41:45.930 18285 18285 I GestureDetector: obtain mCurrentDownEvent. id: 305915375 caller: android.view.ScaleGestureDetector.onTouchEvent:275 lhd.c:200 com.google.android.apps.viewer.util.GestureTrackingView.onInterceptTouchEvent:4 
03-30 21:41:45.931 18285 18285 I GestureDetector: obtain mCurrentDownEvent. id: 305915375 caller: lhd.c:205 com.google.android.apps.viewer.util.GestureTrackingView.onInterceptTouchEvent:4 android.view.ViewGroup.dispatchTouchEvent:2870 
03-30 21:41:46.589  1230  3127 D FreecessController: com.google.android.apps.docs(10307) is important[12]
03-30 21:41:46.897 18285 18374 E Cello   : [18374:NonCelloThread] drive_v2_cloud_store.cc:7439:DumpToLog Request 0xb400006e9eeef1d0: 0 https://play.googleapis.com/log transport: drive::ds::Status::UNAVAILABLE_WHILE_OFFLINE reader: drive::ds::Status::SUCCESS
03-30 21:41:47.223  1230  3127 D FreecessController: com.google.android.apps.nbu.files(10330) is important[2]
03-30 21:41:48.175 18285 18285 I GestureDetector: obtain mCurrentDownEvent. id: 289453108 caller: lhd.c:160 com.google.android.apps.viewer.util.GestureTrackingView.onInterceptTouchEvent:4 android.view.ViewGroup.dispatchTouchEvent:2870 
03-30 21:41:48.175 18285 18285 I GestureDetector: obtain mCurrentDownEvent. id: 289453108 caller: android.view.ScaleGestureDetector.onTouchEvent:275 lhd.c:200 com.google.android.apps.viewer.util.GestureTrackingView.onInterceptTouchEvent:4 
03-30 21:41:48.176 18285 18285 I GestureDetector: obtain mCurrentDownEvent. id: 289453108 caller: lhd.c:205 com.google.android.apps.viewer.util.GestureTrackingView.onInterceptTouchEvent:4 android.view.ViewGroup.dispatchTouchEvent:2870 
03-30 21:41:48.176 18285 18285 I GestureDetector: obtain mCurrentDownEvent. id: 289453108 caller: lhd.c:160 com.google.android.apps.viewer.util.GestureTrackingView.onTouchEvent:4 android.view.View.dispatchTouchEvent:16234 
03-30 21:41:48.176 18285 18285 I GestureDetector: obtain mCurrentDownEvent. id: 289453108 caller: android.view.ScaleGestureDetector.onTouchEvent:275 lhd.c:200 com.google.android.apps.viewer.util.GestureTrackingView.onTouchEvent:4 
03-30 21:41:48.176 18285 18285 I GestureDetector: obtain mCurrentDownEvent. id: 289453108 caller: lhd.c:205 com.google.android.apps.viewer.util.GestureTrackingView.onTouchEvent:4 android.view.View.dispatchTouchEvent:16234 
03-30 21:41:48.181 18285 18285 I InsetsController: setRequestedVisibleTypes: visible=false, mask=statusBars navigationBars, host=com.google.android.apps.docs/com.google.android.apps.viewer.PdfViewerActivity, from=android.view.InsetsController.controlAnimationUnchecked:1476 android.view.InsetsController.applyAnimation:2040 android.view.InsetsController.applyAnimation:2003 android.view.InsetsController.hide:1434 android.view.InsetsController.hide:1373 ig$$ExternalSyntheticApiModelOutline0.m$1:9 cuw.e:4 lbb.c:20 lat.j:27 lau.a:262 
03-30 21:41:48.183 18285 18285 I InsetsController: controlAnimationUncheckedInner: Added types=statusBars navigationBars, animType=1, host=com.google.android.apps.docs/com.google.android.apps.viewer.PdfViewerActivity, from=android.view.InsetsController.controlAnimationUnchecked:1480 android.view.InsetsController.applyAnimation:2040 android.view.InsetsController.applyAnimation:2003 
03-30 21:41:48.183  1230  4045 D InsetsSourceProvider: updateVisibility: serverVisible=true, clientVisible=false, source=InsetsSource: {54df0001 mType=navigationBars mFrame=[0,2220][1440,2304] mVisible=false mFlags=[]}, controlTarget=Window{8a6888 u0 com.google.android.apps.docs/com.google.android.apps.viewer.PdfViewerActivity}, from=com.android.server.wm.InsetsSourceProvider.setClientVisible:642 com.android.server.wm.InsetsSourceProvider.updateClientVisibility:629 com.android.server.wm.InsetsStateController.onInsetsModified:280 com.android.server.wm.InsetsPolicy.onInsetsModified:539 com.android.server.wm.Session.updateRequestedVisibleTypes:797 android.view.IWindowSession$Stub.onTransact:1145 com.android.server.wm.Session.onTransact:204 android.os.Binder.execTransactInternal:1380 android.os.Binder.execTransact:1311 <bottom of call stack> 
