03-30 21:37:50.942 10499 10595 W KeyphraseEnrollmentInfo: No enrollment application supports the given keyphrase/locale: 'Y Google'/en_IN
03-30 21:38:12.725  1230  1398 D ActivityManager: Received BROADCAST intent 0x91efb5e Key{broadcastIntent pkg=com.google.android.gms/com.google.android.gms.scheduler intent=act=com.google.android.gms.gcm.ACTION_CHECK_QUEUE cmp=com.google.android.gms/.gcm.nts.SchedulerInternalReceiver flags=0x2000000 u=0} requestCode=0 sent=0 from uid 1000
03-30 21:38:12.859 10499 10600 W KeyphraseEnrollmentInfo: No enrollment application supports the given keyphrase/locale: 'Y Google'/en_IN
03-30 21:38:12.917  1230  9856 W PackageConfigPersister: App-specific configuration not found for packageName: com.google.android.googlequicksearchbox and userId: 0
03-30 21:38:12.928  1230  4263 W PackageConfigPersister: App-specific configuration not found for packageName: com.google.android.googlequicksearchbox and userId: 0
03-30 21:38:15.879  1230  1371 D FreecessController: UFZ : com.google.android.apps.messaging(14608)
03-30 21:38:15.882  1230  1371 D FreecessController: UFZ : com.google.android.apps.messaging(0), reason: job
03-30 21:38:15.919  1230  1371 D BaseRestrictionMgr: Package: com.google.android.apps.messaging, userid: 0, hostingType: job is allowed by freecess, caller is: android
03-30 21:38:15.921  1230  3127 D FreecessController: com.google.android.apps.messaging(10236) is important[18]
03-30 21:38:15.936  1230  8102 D PerProcessNandswap$NandswapHandler: nandswap start for non-activity com.google.android.apps.messaging(pid 14608) action:3 adj:250 type:2
03-30 21:38:15.955  1230  8102 D PerProcessNandswap$NandswapHandler: nandswap end for non-activity com.google.android.apps.messaging(pid 14608) ret:16989655040 adj:250
03-30 21:38:16.309  1230  1981 I ActivityManager: Killing 12884:com.google.android.apps.turbo/u0a234 (adj 925): empty #26
03-30 21:38:21.302  1230  1398 D ActivityManager: Received BROADCAST intent 0x991e9b0 Key{broadcastIntent pkg=com.google.android.gms/com.google.android.gms.location_base intent=act=com.google.android.location.ALARM_WAKEUP_ACTIVITY_DETECTION flags=0x4000000 u=0} requestCode=0 sent=0 from uid 1000
03-30 21:38:24.305  1230  3127 D FreecessController: com.google.android.apps.messaging(state: Initial -> Frozen, Reason: uidIdle)
03-30 21:38:24.306  1230  3127 D FreecessController: FZ : com.google.android.apps.messaging(14608)
03-30 21:38:24.308  1230  3127 D FreecessController: FZ : com.google.android.apps.messaging(0), reason: Bg
03-30 21:38:24.312  1230  3127 D FreecessController: com.google.android.youtube(state: Initial -> Frozen, Reason: uidIdle)
03-30 21:38:24.767  1230  1359 W AppOps  : Noting op not finished: uid 10237 pkg com.google.android.gms code 113 startTime of in progress event=1743271104338
03-30 21:38:24.773  1230  9702 W ProcessStats: Tracking association SourceState{92177ba com.google.android.gms.persistent/10237 BTop #201479} whose proc state 2 is better than process ProcessState{64e7f0d com.google.android.gms/10237 pkg=com.google.android.gms} proc state 14 (313 skipped)
03-30 21:38:24.773  1230  9702 D ActivityManager: Received SERVICE intent 0xe1491c8 Key{startService pkg=com.google.android.gms/com.google.android.gms.location_base intent=act=com.google.android.location.internal.action.AR_TRANSITION_RESULT pkg=com.google.android.gms cmp=com.google.android.gms/com.google.android.location.internal.PendingIntentCallbackService flags=0x2000000 u=0} requestCode=0 from uid 10237
03-30 21:38:24.776  1230  9702 W AppOps  : Noting op not finished: uid 10237 pkg com.google.android.gms code 113 startTime of in progress event=1743271104338
03-30 21:38:24.782  1230  1359 D ActivityManager: Received SERVICE intent 0xa8e3186 Key{startService pkg=com.google.android.gms/fused_location_provider intent=act=com.google.android.gms.location.util.nlp.RESULT cat=[targeted_intent_op_prefix:.location.util.nlp.NlpInternalApi$NlpReceiverIntentOperation] cmp=com.google.android.gms/.chimera.PersistentIntentOperationService flags=0x2000000 u=0} requestCode=7 from uid 10237
03-30 21:38:37.571  1230  9702 W ProcessStats: Tracking association SourceState{d6e91fa com.google.android.gms/10237 BTop #201507} whose proc state 2 is better than process ProcessState{9ea83ab com.google.android.gms.persistent/10237 pkg=com.google.android.gms} proc state 4 (151 skipped)
03-30 21:38:39.142  1230  1398 D ActivityManager: Received SERVICE intent 0xd3ceb31 Key{startService pkg=com.google.android.gms/com.google.android.gms.auth_authzen__phone intent=act=com.google.android.gms.auth.authzen.cryptauth.DEVICE_STATE_CHECK_DELAY_COMPLETE cat=[targeted_intent_op_prefix:.auth.authzen.cryptauth.DeviceStateSyncManager$CheckStateEventIntentOperation] cmp=com.google.android.gms/.chimera.GmsIntentOperationService flags=0x2000000 u=0} requestCode=0 from uid 1000
03-30 21:38:46.187  1230  2255 D ActivityManager: Received SERVICE intent 0xc02c3f3 Key{startService pkg=com.google.android.gms/com.google.android.gms.westworld intent=act=com.android.server.stats.action.TRIGGER_COLLECTION cat=[targeted_intent_op_prefix:.westworld.FetchOperation] cmp=com.google.android.gms/.chimera.PersistentIntentOperationService flags=0x2000000 u=0} requestCode=0 from uid 1066
03-30 21:38:51.775  1230  1230 W ProcessStats: Tracking association SourceState{59d5daf com.google.android.googlequicksearchbox:search/10238 BTop #201526} whose proc state 2 is better than process ProcessState{cfd18a0 com.google.android.googlequicksearchbox:interactor/10238 pkg=com.google.android.googlequicksearchbox} proc state 4 (91 skipped)
03-30 21:38:52.824 10499 10600 W KeyphraseEnrollmentInfo: No enrollment application supports the given keyphrase/locale: 'Y Google'/en_IN
03-30 21:38:59.681 10499 10598 W KeyphraseEnrollmentInfo: No enrollment application supports the given keyphrase/locale: 'Y Google'/en_IN
03-30 21:39:06.728  1230  4046 W ProcessStats: Tracking association SourceState{d6e91fa com.google.android.gms/10237 BTop #201656} whose proc state 2 is better than process ProcessState{9ea83ab com.google.android.gms.persistent/10237 pkg=com.google.android.gms} proc state 4 (341 skipped)
03-30 21:39:09.100  1230  3127 D FreecessController: BG freezed, skip OLAF unfreeze for (com.google.android.apps.messaging, 10236).
03-30 21:39:09.110  1230  3127 D FreecessController: com.google.android.youtube(state: Frozen -> Initial, Reason: uidIdle)
03-30 21:39:15.361  1230  1398 D ActivityManager: Received SERVICE intent 0xd3ceb31 Key{startService pkg=com.google.android.gms/com.google.android.gms.auth_authzen__phone intent=act=com.google.android.gms.auth.authzen.cryptauth.DEVICE_STATE_CHECK_DELAY_COMPLETE cat=[targeted_intent_op_prefix:.auth.authzen.cryptauth.DeviceStateSyncManager$CheckStateEventIntentOperation] cmp=com.google.android.gms/.chimera.GmsIntentOperationService flags=0x2000000 u=0} requestCode=0 from uid 1000
03-30 21:39:19.181  1230  1294 W ProcessStats: Tracking association SourceState{ab14a0b com.google.android.gms.persistent/10237 BTop #201843} whose proc state 2 is better than process ProcessState{64e7f0d com.google.android.gms/10237 pkg=com.google.android.gms} proc state 14 (819 skipped)
03-30 21:39:19.328  1230  1293 I ActivityManager: Killing 11889:com.google.android.partnersetup/u0a227 (adj 999): empty #25
03-30 21:39:30.148  1230  1293 W ProcessStats: Tracking association SourceState{59d5daf com.google.android.googlequicksearchbox:search/10238 BTop #202024} whose proc state 2 is better than process ProcessState{cfd18a0 com.google.android.googlequicksearchbox:interactor/10238 pkg=com.google.android.googlequicksearchbox} proc state 4 (470 skipped)
03-30 21:39:33.409  1230  3127 D FreecessController: com.google.android.apps.nbu.files(10330) is important[18]
03-30 21:39:33.426  1230  1295 I ActivityManager: Start proc 16944:com.google.android.apps.nbu.files/u0a330 for service {com.google.android.apps.nbu.files/androidx.work.impl.background.systemjob.SystemJobService}
03-30 21:39:33.656  1230  4046 D BaseRestrictionMgr: Package: com.google.android.ext.services, userid: 0, hostingType: bindService is allowed by freecess, caller is: android
03-30 21:39:33.863  1230  3127 D FreecessController: BG freezed, skip OLAF unfreeze for (com.google.android.apps.messaging, 10236).
03-30 21:39:33.874  1230  3127 D FreecessController: com.google.android.youtube(state: Frozen -> Initial, Reason: uidIdle)
03-30 21:39:35.098  1230  1971 W JobScheduler: Job didn't exist in JobStore: c04a5d1 {androidx.work.systemjobscheduler} #u0a330/14 @androidx.work.systemjobscheduler@com.google.android.apps.nbu.files/androidx.work.impl.background.systemjob.SystemJobService
03-30 21:39:35.103  1230  1255 I ActivityManager: Killing 14667:com.google.android.apps.turbo:ssb/u0a234 (adj 999): empty #26
03-30 21:39:38.415  1230  3127 D FreecessController: com.google.android.apps.nbu.files(10330) is important[2]
03-30 21:39:38.696  1230  1277 I ActivityManager: Killing 13025:com.google.android.apps.turbo:aab/u0a234 (adj 999): empty #25
03-30 21:39:39.056  1230  1971 D BaseRestrictionMgr: Package: com.google.android.adservices.api, userid: 0, hostingType: bindService is allowed by freecess, caller is: com.adobe.reader
03-30 21:39:39.794  1230  3127 D FreecessController: BG freezed, skip OLAF unfreeze for (com.google.android.apps.messaging, 10236).
03-30 21:39:39.853  1230  3127 D FreecessController: com.google.android.youtube(state: Frozen -> Initial, Reason: uidIdle)
03-30 21:39:39.911  1230  4052 D TextToSpeechManagerPerUserService: Trying to start connection to TTS engine: com.google.android.tts
03-30 21:39:39.922  1230  1295 I ActivityManager: Start proc 17559:com.google.android.tts/u0a245 for service {com.google.android.tts/com.google.android.apps.speech.tts.googletts.service.GoogleTtsService}
03-30 21:39:40.266  1230  1230 D TextToSpeechManagerPerUserService: Connected successfully to TTS engine: com.google.android.tts
03-30 21:39:40.282  1230  4046 W ProcessStats: Tracking association SourceState{62a9270 com.adobe.reader/10324 BTop #202243} whose proc state 2 is better than process ProcessState{9ea83ab com.google.android.gms.persistent/10237 pkg=com.google.android.gms} proc state 4 (685 skipped)
03-30 21:39:42.301  1230  1254 D ActivityTaskManager: ActivityRecord, mOccludesParent of ActivityRecord{69d3bff u0 com.adobe.reader/com.adobe.libs.services.auth.SVServiceGoogleLoginActivity is set to false, isTranslucentOrFloating=true mStyleFloating=false
03-30 21:39:42.303  1230  1254 V WindowManager: Collecting in transition 1034: ActivityRecord{69d3bff u0 com.adobe.reader/com.adobe.libs.services.auth.SVServiceGoogleLoginActivity t-1}, caller=com.android.server.wm.Transition.collect:753 com.android.server.wm.TransitionController.collect:975 com.android.server.wm.ActivityStarter.startActivityUnchecked:2407 com.android.server.wm.ActivityStarter.executeRequest:1959 com.android.server.wm.ActivityStarter.execute:1075 
03-30 21:39:42.303  1230  1254 D ActivityTaskManager: TaskLaunchParamsModifier:task=null activity=ActivityRecord{69d3bff u0 com.adobe.reader/com.adobe.libs.services.auth.SVServiceGoogleLoginActivity t-1} display-area-from-source=DefaultTaskDisplayArea_d0@148105282 display-id=0 task-display-area-windowing-mode=1 suggested-display-area=DefaultTaskDisplayArea_d0@148105282
03-30 21:39:42.303  1230  1254 D ActivityTaskManager: TaskLaunchParamsModifier:task=Task{f841c8f #166 type=standard A=10324:com.adobe.reader} activity=ActivityRecord{69d3bff u0 com.adobe.reader/com.adobe.libs.services.auth.SVServiceGoogleLoginActivity t-1} display-area-from-source=DefaultTaskDisplayArea_d0@148105282 display-id=0 task-display-area-windowing-mode=1 suggested-display-area=DefaultTaskDisplayArea_d0@148105282 inherit-from-source=fullscreen non-freeform-task-display-area display-area=DefaultTaskDisplayArea_d0@148105282 default-portrait freeform-size-mismatch=Rect(375, 613 - 1066, 1650)
03-30 21:39:42.311  1230  1254 V WindowManager: Collecting in transition 1034: ActivityRecord{69d3bff u0 com.adobe.reader/com.adobe.libs.services.auth.SVServiceGoogleLoginActivity t166}, caller=com.android.server.wm.Transition.collect:753 com.android.server.wm.Transition.collectExistenceChange:936 com.android.server.wm.TransitionController.collectExistenceChange:1025 com.android.server.wm.ActivityStarter.handleStartResult:2638 com.android.server.wm.ActivityStarter.startActivityUnchecked:2415 
03-30 21:39:42.312  1230  1254 I ActivityTaskManager: START u0 {cmp=com.adobe.reader/com.adobe.libs.services.auth.SVServiceGoogleLoginActivity (has extras)} with LAUNCH_MULTIPLE from uid 10324 (BAL_ALLOW_VISIBLE_WINDOW) result code=0
03-30 21:39:42.314  1653  1844 V WindowManagerShell: Transition requested: android.os.BinderProxy@450ec7d TransitionRequestInfo { type = OPEN, triggerTask = TaskInfo{userId=0 taskId=166 displayId=0 isRunning=true baseIntent=Intent { act=android.intent.action.VIEW dat=content://media/... typ=application/pdf flg=0x13000001 cmp=com.adobe.reader/.AdobeReader } baseActivity=ComponentInfo{com.adobe.reader/com.adobe.reader.AdobeReader} topActivity=ComponentInfo{com.adobe.reader/com.adobe.libs.services.auth.SVServiceGoogleLoginActivity} origActivity=null realActivity=ComponentInfo{com.adobe.reader/com.adobe.reader.AdobeReader} numActivities=2 lastActiveTime=438261534 supportsMultiWindow=true resizeMode=2 isResizeable=true minWidth=-1 minHeight=-1 maxWidth=-1 maxHeight=-1 defaultMinSize=220 token=WCT{android.window.IWindowContainerToken$Stub$Proxy@430f772} topActivityType=1 pictureInPictureParams=null shouldDockBigOverlays=false launchIntoPipHostTaskId=-1 lastParentTaskIdBeforePip=-1 displayCutoutSafeInsets=null topActivityInfo=ActivityInfo{86a47c3 com.adobe.libs.services.auth.SVServiceGoogleLoginActivity} launchCookies=[] positionInParent=Point(0, 0) parentTaskId=-1 isFocused=true isVisible=true isVisibleRequested=true isSleeping=false topActivityInSizeCompat=false topActivityEligibleForLetterboxEducation= false topActivityLetterboxed= false isFromDoubleTap= false topActivityLetterboxVerticalPosition= -1 topActivityLetterboxHorizontalPosition= -1 topActivityLetterboxWidth=-1 topActivityLetterboxHeight=-1 locusId=null displayAreaFeatureId=1 cameraCompatControlState=hidden originallySupportedMultiWindow=true hasWallpaper=false topActivityInFixedAspectRatio=false rootAffinity=10324:com.adobe.reader topActivityInDisplayCompat=false topActivityInBoundsCompat=false topActivityBounds=null singleTapFromLetterbox=false isTopTaskInStage=false topActivityUiMode=17 CoverLauncherWidgetTask=false CoverScreenTask=false isAllowedSeamlessRotation=false isTopTransparentActivity=false hasPopOver=false isAiKeyRemoveAppTask=false}, remoteTransition = null, displayChange = null }
03-30 21:39:42.318  1230  1254 V WindowManager: Collecting in transition 1034: ActivityRecord{69d3bff u0 com.adobe.reader/com.adobe.libs.services.auth.SVServiceGoogleLoginActivity t166}, caller=com.android.server.wm.Transition.collect:753 com.android.server.wm.TransitionController.collect:975 com.android.server.wm.ActivityRecord.setVisibility:6440 com.android.server.wm.ActivityRecord.setVisibility:6392 com.android.server.wm.ActivityRecord.makeVisibleIfNeeded:7199 
03-30 21:39:42.319  1230  1254 V WindowManager: Collecting in transition 1034: ActivityRecord{69d3bff u0 com.adobe.reader/com.adobe.libs.services.auth.SVServiceGoogleLoginActivity t166}, caller=com.android.server.wm.Transition.collect:753 com.android.server.wm.TransitionController.collect:975 com.android.server.wm.ActivityRecord.setVisibility:6440 com.android.server.wm.ActivityRecord.setVisibility:6392 com.android.server.wm.ActivityTaskSupervisor.realStartActivityLocked:965 
03-30 21:39:42.321  1230  1254 D ActivityTaskManager: scheduleTopResumedActivityChanged, onTop=true, r=ActivityRecord{69d3bff u0 com.adobe.reader/com.adobe.libs.services.auth.SVServiceGoogleLoginActivity t166}, caller=com.android.server.wm.ActivityTaskSupervisor.scheduleTopResumedActivityStateIfNeeded:2904 com.android.server.wm.ActivityTaskSupervisor.updateTopResumedActivityIfNeeded:2896 com.android.server.wm.TaskFragment.setResumedActivity:580 com.android.server.wm.TaskFragment.onActivityStateChanged:904 com.android.server.wm.ActivityRecord.setState:6903 com.android.server.wm.Task.minimalResumeActivityLocked:6259 
03-30 21:39:42.321  1230  1254 V WindowManager: Collecting in transition 1034: ActivityRecord{69d3bff u0 com.adobe.reader/com.adobe.libs.services.auth.SVServiceGoogleLoginActivity t166}, caller=com.android.server.wm.Transition.collect:753 com.android.server.wm.TransitionController.collect:975 com.android.server.wm.ActivityRecord.setVisibility:6440 com.android.server.wm.ActivityRecord.setVisibility:6392 com.android.server.wm.ActivityRecord.completeResumeLocked:7510 
03-30 21:39:42.326  1230  1278 D WindowManager: SyncGroup 1034:  Unfinished container: ActivityRecord{69d3bff u0 com.adobe.reader/com.adobe.libs.services.auth.SVServiceGoogleLoginActivity t166} mSyncState=2
03-30 21:39:42.354  1230  1971 D WindowManager: prepareSync <SYNC_STATE_WAITING_FOR_DRAW>, mPrepareSyncSeqId=0, win=Window{c962091 u0 com.adobe.reader/com.adobe.libs.services.auth.SVServiceGoogleLoginActivity}
03-30 21:39:42.356  1230  1971 V WindowManager: Changing focus from null to Window{c962091 u0 com.adobe.reader/com.adobe.libs.services.auth.SVServiceGoogleLoginActivity} displayId=0 Callers=com.android.server.wm.RootWindowContainer.updateFocusedWindowLocked:581 com.android.server.wm.WindowManagerService.updateFocusedWindowLocked:6910 com.android.server.wm.WindowManagerService.addWindow:1958 com.android.server.wm.Session.addToDisplayAsUser:240 
03-30 21:39:42.357  1230  1971 D InsetsSourceProvider: updateControlForTarget: control=InsetsSourceControl: {54df0001 mType=navigationBars initiallyVisible mSurfacePosition=Point(0, 2220) mInsetsHint=Insets{left=0, top=0, right=0, bottom=84}}, target=Window{c962091 u0 com.adobe.reader/com.adobe.libs.services.auth.SVServiceGoogleLoginActivity}, from=com.android.server.wm.InsetsStateController.onControlTargetChanged:363 com.android.server.wm.InsetsStateController.onBarControlTargetChanged:332 com.android.server.wm.InsetsPolicy.updateBarControlTarget:173 com.android.server.wm.InsetsPolicy.updateSystemBars:843 com.android.server.wm.DisplayPolicy.updateSystemBarsLw:3484 
03-30 21:39:42.358  1230  1971 D InsetsSourceProvider: updateControlForTarget: control=InsetsSourceControl: {b1c90000 mType=statusBars initiallyVisible mSurfacePosition=Point(0, 0) mInsetsHint=Insets{left=0, top=42, right=0, bottom=0}}, target=Window{c962091 u0 com.adobe.reader/com.adobe.libs.services.auth.SVServiceGoogleLoginActivity}, from=com.android.server.wm.InsetsStateController.onControlTargetChanged:363 com.android.server.wm.InsetsStateController.onBarControlTargetChanged:329 com.android.server.wm.InsetsPolicy.updateBarControlTarget:173 com.android.server.wm.InsetsPolicy.updateSystemBars:843 com.android.server.wm.DisplayPolicy.updateSystemBarsLw:3484 
03-30 21:39:42.359  1230  1971 D WindowManager: updateSystemBarAttributes: displayId=0, win=Window{c962091 u0 com.adobe.reader/com.adobe.libs.services.auth.SVServiceGoogleLoginActivity}, navColorWin=Window{af0d9db u0 com.adobe.reader/com.adobe.reader.AdobeReader}, focusedCanBeNavColorWin=false, behavior=2, appearance=16, statusBarAppearanceRegions=[AppearanceRegion{ bounds=[0,0][1440,2304]}], requestedVisibilities=-9, from=com.android.server.wm.DisplayPolicy.focusChangedLw:2988 com.android.server.wm.DisplayContent.updateFocusedWindowLocked:4905 com.android.server.wm.RootWindowContainer.updateFocusedWindowLocked:581 
03-30 21:39:42.359  1230  1971 V SystemKeyManager: updateFocusedWindow() is called, com.adobe.reader/com.adobe.libs.services.auth.SVServiceGoogleLoginActivity
03-30 21:39:42.372  1230  1971 D ActivityTaskManager: ActivityRecord, mOccludesParent of ActivityRecord{b7cd3ce u0 com.adobe.reader/com.google.android.gms.auth.api.signin.internal.SignInHubActivity is set to false, isTranslucentOrFloating=true mStyleFloating=false
03-30 21:39:42.372  1230  1971 V WindowManager: Collecting in transition 1034: ActivityRecord{b7cd3ce u0 com.adobe.reader/com.google.android.gms.auth.api.signin.internal.SignInHubActivity t-1}, caller=com.android.server.wm.Transition.collect:753 com.android.server.wm.TransitionController.collect:975 com.android.server.wm.ActivityStarter.startActivityUnchecked:2407 com.android.server.wm.ActivityStarter.executeRequest:1959 com.android.server.wm.ActivityStarter.execute:1075 
03-30 21:39:42.372  1230  1971 D ActivityTaskManager: TaskLaunchParamsModifier:task=null activity=ActivityRecord{b7cd3ce u0 com.adobe.reader/com.google.android.gms.auth.api.signin.internal.SignInHubActivity t-1} display-area-from-source=DefaultTaskDisplayArea_d0@148105282 display-id=0 task-display-area-windowing-mode=1 suggested-display-area=DefaultTaskDisplayArea_d0@148105282
03-30 21:39:42.372  1230  1971 D ActivityTaskManager: TaskLaunchParamsModifier:task=Task{f841c8f #166 type=standard A=10324:com.adobe.reader} activity=ActivityRecord{b7cd3ce u0 com.adobe.reader/com.google.android.gms.auth.api.signin.internal.SignInHubActivity t-1} display-area-from-source=DefaultTaskDisplayArea_d0@148105282 display-id=0 task-display-area-windowing-mode=1 suggested-display-area=DefaultTaskDisplayArea_d0@148105282 inherit-from-source=fullscreen non-freeform-task-display-area display-area=DefaultTaskDisplayArea_d0@148105282 default-portrait freeform-size-mismatch=Rect(375, 613 - 1066, 1650)
03-30 21:39:42.380  1230  1971 D ActivityTaskManager: scheduleTopResumedActivityChanged, onTop=false, r=ActivityRecord{69d3bff u0 com.adobe.reader/com.adobe.libs.services.auth.SVServiceGoogleLoginActivity t166}, caller=com.android.server.wm.ActivityTaskSupervisor.updateTopResumedActivityIfNeeded:2873 com.android.server.wm.TaskFragment.setResumedActivity:580 com.android.server.wm.TaskFragment.onActivityStateChanged:889 com.android.server.wm.ActivityRecord.setState:6903 com.android.server.wm.TaskFragment.startPausing:2012 com.android.server.wm.TaskFragment.startPausing:1956 
03-30 21:39:42.382  1230  1971 V WindowManager: Collecting in transition 1034: ActivityRecord{b7cd3ce u0 com.adobe.reader/com.google.android.gms.auth.api.signin.internal.SignInHubActivity t166}, caller=com.android.server.wm.Transition.collect:753 com.android.server.wm.Transition.collectExistenceChange:936 com.android.server.wm.TransitionController.collectExistenceChange:1025 com.android.server.wm.ActivityStarter.handleStartResult:2638 com.android.server.wm.ActivityStarter.startActivityUnchecked:2415 
03-30 21:39:42.385  1230  1971 I ActivityTaskManager: START u0 {act=com.google.android.gms.auth.GOOGLE_SIGN_IN pkg=com.adobe.reader cmp=com.adobe.reader/com.google.android.gms.auth.api.signin.internal.SignInHubActivity (has extras)} with LAUNCH_MULTIPLE from uid 10324 (BAL_ALLOW_VISIBLE_WINDOW) result code=0
03-30 21:39:42.389  1230  4046 D WindowManager: prepareSync <SYNC_STATE_WAITING_FOR_DRAW>, mPrepareSyncSeqId=0, win=Window{1965eda u0 com.adobe.reader/com.adobe.libs.services.auth.SVServiceGoogleLoginActivity}
03-30 21:39:42.394  1230  4046 D CoreBackPreview: Window{c962091 u0 com.adobe.reader/com.adobe.libs.services.auth.SVServiceGoogleLoginActivity}: Setting back callback OnBackInvokedCallbackInfo{mCallback=android.window.IOnBackInvokedCallback$Stub$Proxy@98c21e8, mPriority=0, mIsAnimationCallback=false}
03-30 21:39:42.396  1230  1971 D WindowManager: makeSurface duration=2 name=com.adobe.reader/com.adobe.libs.services.auth.SVServiceGoogleLoginActivity$_17222
03-30 21:39:42.405 17222 17222 I SurfaceSyncGroup: addLocalSync=ViewRootImpl@adeb203[SVServiceGoogleLoginActivity]#3 to name=wmsSync-ViewRootImpl@adeb203[SVServiceGoogleLoginActivity]#2, callers=android.window.SurfaceSyncGroup.add:431 android.window.SurfaceSyncGroup.add:392 android.window.SurfaceSyncGroup.add:340 android.view.ViewRootImpl.createSyncIfNeeded:4912 android.view.ViewRootImpl.performTraversals:4796 android.view.ViewRootImpl.doTraversal:3345 
03-30 21:39:42.410 17222 17408 I SurfaceSyncGroup: onTransactionReady mName=wmsSync-ViewRootImpl@adeb203[SVServiceGoogleLoginActivity]#2 callback=155648551
03-30 21:39:42.411  1230  1971 D WindowManager: finishDrawingWindow: Window{c962091 u0 com.adobe.reader/com.adobe.libs.services.auth.SVServiceGoogleLoginActivity} mDrawState=DRAW_PENDING seqId=0
03-30 21:39:42.412  1230  1971 D CoreBackPreview: Window{1965eda u0 com.adobe.reader/com.adobe.libs.services.auth.SVServiceGoogleLoginActivity}: Setting back callback OnBackInvokedCallbackInfo{mCallback=android.window.IOnBackInvokedCallback$Stub$Proxy@46f5001, mPriority=0, mIsAnimationCallback=false}
03-30 21:39:42.414  1230  4052 D WindowManager: makeSurface duration=2 name=com.adobe.reader/com.adobe.libs.services.auth.SVServiceGoogleLoginActivity$_17222
03-30 21:39:42.423 17222 17222 I SurfaceSyncGroup: addLocalSync=ViewRootImpl@3f57809[SVServiceGoogleLoginActivity]#5 to name=wmsSync-ViewRootImpl@3f57809[SVServiceGoogleLoginActivity]#4, callers=android.window.SurfaceSyncGroup.add:431 android.window.SurfaceSyncGroup.add:392 android.window.SurfaceSyncGroup.add:340 android.view.ViewRootImpl.createSyncIfNeeded:4912 android.view.ViewRootImpl.performTraversals:4796 android.view.ViewRootImpl.doTraversal:3345 
03-30 21:39:42.425 17222 17408 I SurfaceSyncGroup: onTransactionReady mName=wmsSync-ViewRootImpl@3f57809[SVServiceGoogleLoginActivity]#4 callback=178322959
03-30 21:39:42.426  1230  1971 D WindowManager: finishDrawingWindow: Window{1965eda u0 com.adobe.reader/com.adobe.libs.services.auth.SVServiceGoogleLoginActivity} mDrawState=DRAW_PENDING seqId=0
03-30 21:39:42.430  1230  4052 D CoreBackPreview: Window{c962091 u0 com.adobe.reader/com.adobe.libs.services.auth.SVServiceGoogleLoginActivity}: Setting back callback null
03-30 21:39:42.432  1230  4052 V WindowManager: Remove Window{c962091 u0 com.adobe.reader/com.adobe.libs.services.auth.SVServiceGoogleLoginActivity}: mSurfaceController=Surface(name=com.adobe.reader/com.adobe.libs.services.auth.SVServiceGoogleLoginActivity$_17222)/@0xf8b8ea6 mAnimatingExit=false mRemoveOnExit=false mHasSurface=true surfaceShowing=false animating=false app-animation=false mDisplayFrozen=false callers=com.android.server.wm.WindowManagerService.removeWindow:2151 com.android.server.wm.Session.remove:257 android.view.IWindowSession$Stub.onTransact:747 com.android.server.wm.Session.onTransact:204 android.os.Binder.execTransactInternal:1375 android.os.Binder.execTransact:1311 
03-30 21:39:42.434  1230  4052 I WindowManager: Reparenting to leash, surface=Surface(name=c962091 com.adobe.reader/com.adobe.libs.services.auth.SVServiceGoogleLoginActivity)/@0x87feb3d, leashParent=Surface(name=ActivityRecord{69d3bff u0 com.adobe.reader/com.adobe.libs.services.auth.SVServiceGoogleLoginActivity t166})/@0x651ef32
03-30 21:39:42.435  1230  4052 D WindowManager: makeSurface duration=2 leash=Surface(name=Surface(name=c962091 com.adobe.reader/com.adobe.libs.services.auth.SVServiceGoogleLoginActivity)/@0x87feb3d - animation-leash of window_animation)/@0xa704483
03-30 21:39:42.436  1230  4052 V WindowManager: removeIfPossible 2, Window{c962091 u0 com.adobe.reader/com.adobe.libs.services.auth.SVServiceGoogleLoginActivity}: mAnimatingExit=true caller=com.android.server.wm.WindowManagerService.removeWindow:2151 com.android.server.wm.Session.remove:257 android.view.IWindowSession$Stub.onTransact:747 com.android.server.wm.Session.onTransact:204 android.os.Binder.execTransactInternal:1375 
03-30 21:39:42.436  1230  4052 I WindowManager: Destroying surface Surface(name=com.adobe.reader/com.adobe.libs.services.auth.SVServiceGoogleLoginActivity$_17222)/@0xf8b8ea6 called by com.android.server.wm.WindowStateAnimator.destroySurface:811 com.android.server.wm.WindowStateAnimator.destroySurfaceLocked:478 com.android.server.wm.WindowState.removeImmediately:2958 com.android.server.wm.WindowState.removeIfPossible:3226 com.android.server.wm.WindowManagerService.removeWindow:2151 com.android.server.wm.Session.remove:257 android.view.IWindowSession$Stub.onTransact:747 com.android.server.wm.Session.onTransact:204 
03-30 21:39:42.437  1230  4052 I WindowManager: Cancelling animation restarting=false, leash=Surface(name=Surface(name=c962091 com.adobe.reader/com.adobe.libs.services.auth.SVServiceGoogleLoginActivity)/@0x87feb3d - animation-leash of window_animation)/@0xa704483
03-30 21:39:42.437  1230  4052 E WindowManager: win=Window{c962091 u0 com.adobe.reader/com.adobe.libs.services.auth.SVServiceGoogleLoginActivity EXITING} destroySurfaces: appStopped=false cleanupOnResume=false win.mWindowRemovalAllowed=true win.mRemoveOnExit=false win.mViewVisibility=0 caller=com.android.server.wm.WindowState.onExitAnimationDone:5781 com.android.server.wm.WindowStateAnimator.onAnimationFinished:214 com.android.server.wm.WindowState.onAnimationFinished:6011 com.android.server.wm.WindowContainer$$ExternalSyntheticLambda4.onAnimationFinished:0 com.android.server.wm.SurfaceAnimator.cancelAnimation:400 com.android.server.wm.SurfaceAnimator.cancelAnimation:274 com.android.server.wm.WindowContainer.setParent:622 
03-30 21:39:42.444  1230  4052 V WindowManager: Changing focus from Window{c962091 u0 com.adobe.reader/com.adobe.libs.services.auth.SVServiceGoogleLoginActivity} to Window{1965eda u0 com.adobe.reader/com.adobe.libs.services.auth.SVServiceGoogleLoginActivity} displayId=0 Callers=com.android.server.wm.RootWindowContainer.updateFocusedWindowLocked:581 com.android.server.wm.WindowManagerService.updateFocusedWindowLocked:6910 com.android.server.wm.WindowState.removeIfPossible:3248 com.android.server.wm.WindowManagerService.removeWindow:2151 
03-30 21:39:42.447  1230  4052 D InsetsSourceProvider: updateControlForTarget: control=InsetsSourceControl: {54df0001 mType=navigationBars initiallyVisible mSurfacePosition=Point(0, 2220) mInsetsHint=Insets{left=0, top=0, right=0, bottom=84}}, target=Window{1965eda u0 com.adobe.reader/com.adobe.libs.services.auth.SVServiceGoogleLoginActivity}, from=com.android.server.wm.InsetsStateController.onControlTargetChanged:363 com.android.server.wm.InsetsStateController.onBarControlTargetChanged:332 com.android.server.wm.InsetsPolicy.updateBarControlTarget:173 com.android.server.wm.InsetsPolicy.updateSystemBars:843 com.android.server.wm.DisplayPolicy.updateSystemBarsLw:3484 
03-30 21:39:42.450  1230  4052 D InsetsSourceProvider: updateControlForTarget: control=InsetsSourceControl: {b1c90000 mType=statusBars initiallyVisible mSurfacePosition=Point(0, 0) mInsetsHint=Insets{left=0, top=42, right=0, bottom=0}}, target=Window{1965eda u0 com.adobe.reader/com.adobe.libs.services.auth.SVServiceGoogleLoginActivity}, from=com.android.server.wm.InsetsStateController.onControlTargetChanged:363 com.android.server.wm.InsetsStateController.onBarControlTargetChanged:329 com.android.server.wm.InsetsPolicy.updateBarControlTarget:173 com.android.server.wm.InsetsPolicy.updateSystemBars:843 com.android.server.wm.DisplayPolicy.updateSystemBarsLw:3484 
03-30 21:39:42.451  1230  4052 D WindowManager: updateSystemBarAttributes: displayId=0, win=Window{1965eda u0 com.adobe.reader/com.adobe.libs.services.auth.SVServiceGoogleLoginActivity}, navColorWin=Window{af0d9db u0 com.adobe.reader/com.adobe.reader.AdobeReader}, focusedCanBeNavColorWin=false, behavior=2, appearance=16, statusBarAppearanceRegions=[AppearanceRegion{ bounds=[0,0][1440,2304]}], requestedVisibilities=-10, from=com.android.server.wm.DisplayPolicy.focusChangedLw:2988 com.android.server.wm.DisplayContent.updateFocusedWindowLocked:4905 com.android.server.wm.RootWindowContainer.updateFocusedWindowLocked:581 
03-30 21:39:42.452  1230  4052 V SystemKeyManager: updateFocusedWindow() is called, com.adobe.reader/com.adobe.libs.services.auth.SVServiceGoogleLoginActivity
03-30 21:39:42.454  1230  1278 D InsetsSourceProvider: updateVisibility: serverVisible=true, clientVisible=false, source=InsetsSource: {b1c90000 mType=statusBars mFrame=[0,0][1440,42] mVisible=false mFlags=[]}, controlTarget=Window{1965eda u0 com.adobe.reader/com.adobe.libs.services.auth.SVServiceGoogleLoginActivity}, from=com.android.server.wm.InsetsSourceProvider.setClientVisible:642 com.android.server.wm.InsetsSourceProvider.updateClientVisibility:629 com.android.server.wm.InsetsStateController.onInsetsModified:280 com.android.server.wm.InsetsStateController.lambda$notifyPendingInsetsControlChanged$3:439 com.android.server.wm.InsetsStateController.$r8$lambda$8yykPRG1GyNq_J17QvL9d5xANMc:0 com.android.server.wm.InsetsStateController$$ExternalSyntheticLambda2.run:0 com.android.server.wm.WindowAnimator.executeAfterPrepareSurfacesRunnables:293 com.android.server.wm.RootWindowContainer.performSurfacePlacementNoTrace:994 com.android.server.wm.RootWindowContainer.performSurfacePlacement:929 com.android.server.wm.WindowSurfacePlacer.performSurfacePlacementLoop:185 
03-30 21:39:42.459  1230  4052 V WindowManager: Collecting in transition 1034: ActivityRecord{b7cd3ce u0 com.adobe.reader/com.google.android.gms.auth.api.signin.internal.SignInHubActivity t166}, caller=com.android.server.wm.Transition.collect:753 com.android.server.wm.TransitionController.collect:975 com.android.server.wm.ActivityRecord.setVisibility:6440 com.android.server.wm.ActivityRecord.setVisibility:6392 com.android.server.wm.ActivityRecord.makeVisibleIfNeeded:7199 
03-30 21:39:42.461  1230  4052 V WindowManager: Collecting in transition 1034: ActivityRecord{b7cd3ce u0 com.adobe.reader/com.google.android.gms.auth.api.signin.internal.SignInHubActivity t166}, caller=com.android.server.wm.Transition.collect:753 com.android.server.wm.TransitionController.collect:975 com.android.server.wm.ActivityRecord.setVisibility:6440 com.android.server.wm.ActivityRecord.setVisibility:6392 com.android.server.wm.ActivityTaskSupervisor.realStartActivityLocked:965 
03-30 21:39:42.462  1230  4052 V WindowManager: Changing focus from Window{1965eda u0 com.adobe.reader/com.adobe.libs.services.auth.SVServiceGoogleLoginActivity} to null displayId=0 Callers=com.android.server.wm.RootWindowContainer.updateFocusedWindowLocked:581 com.android.server.wm.WindowManagerService.updateFocusedWindowLocked:6910 com.android.server.wm.ActivityTaskManagerService.setLastResumedActivityUncheckLocked:6164 com.android.server.wm.ActivityTaskSupervisor.updateTopResumedActivityIfNeeded:2894 
03-30 21:39:42.466  1230  4052 D ActivityTaskManager: scheduleTopResumedActivityChanged, onTop=true, r=ActivityRecord{b7cd3ce u0 com.adobe.reader/com.google.android.gms.auth.api.signin.internal.SignInHubActivity t166}, caller=com.android.server.wm.ActivityTaskSupervisor.scheduleTopResumedActivityStateIfNeeded:2904 com.android.server.wm.ActivityTaskSupervisor.updateTopResumedActivityIfNeeded:2896 com.android.server.wm.TaskFragment.setResumedActivity:580 com.android.server.wm.TaskFragment.onActivityStateChanged:904 com.android.server.wm.ActivityRecord.setState:6903 com.android.server.wm.Task.minimalResumeActivityLocked:6259 
03-30 21:39:42.467  1230  4052 V WindowManager: Collecting in transition 1034: ActivityRecord{b7cd3ce u0 com.adobe.reader/com.google.android.gms.auth.api.signin.internal.SignInHubActivity t166}, caller=com.android.server.wm.Transition.collect:753 com.android.server.wm.TransitionController.collect:975 com.android.server.wm.ActivityRecord.setVisibility:6440 com.android.server.wm.ActivityRecord.setVisibility:6392 com.android.server.wm.ActivityRecord.completeResumeLocked:7510 
03-30 21:39:42.468  1230  4052 D WindowManager: SyncGroup 1034:  Unfinished container: ActivityRecord{b7cd3ce u0 com.adobe.reader/com.google.android.gms.auth.api.signin.internal.SignInHubActivity t166} mSyncState=2
03-30 21:39:42.470  1230  4052 D WindowManager: SyncGroup 1034:  Unfinished container: ActivityRecord{b7cd3ce u0 com.adobe.reader/com.google.android.gms.auth.api.signin.internal.SignInHubActivity t166} mSyncState=2
03-30 21:39:42.476  1230  1277 D WindowManager: SyncGroup 1034:  Unfinished container: ActivityRecord{b7cd3ce u0 com.adobe.reader/com.google.android.gms.auth.api.signin.internal.SignInHubActivity t166} mSyncState=2
03-30 21:39:42.511  1230  4046 D ActivityTaskManager: ActivityRecord, mOccludesParent of ActivityRecord{8b02fe5 u0 com.google.android.gms/.auth.api.signin.ui.SignInActivity is set to false, isTranslucentOrFloating=true mStyleFloating=true
03-30 21:39:42.513  1230  4046 V WindowManager: Collecting in transition 1034: ActivityRecord{8b02fe5 u0 com.google.android.gms/.auth.api.signin.ui.SignInActivity t-1}, caller=com.android.server.wm.Transition.collect:753 com.android.server.wm.TransitionController.collect:975 com.android.server.wm.ActivityStarter.startActivityUnchecked:2407 com.android.server.wm.ActivityStarter.executeRequest:1959 com.android.server.wm.ActivityStarter.execute:1075 
03-30 21:39:42.513  1230  4046 D ActivityTaskManager: TaskLaunchParamsModifier:task=null activity=ActivityRecord{8b02fe5 u0 com.google.android.gms/.auth.api.signin.ui.SignInActivity t-1} display-area-from-source=DefaultTaskDisplayArea_d0@148105282 display-id=0 task-display-area-windowing-mode=1 suggested-display-area=DefaultTaskDisplayArea_d0@148105282
03-30 21:39:42.513  1230  4046 D ActivityTaskManager: TaskLaunchParamsModifier:task=Task{f841c8f #166 type=standard A=10324:com.adobe.reader} activity=ActivityRecord{8b02fe5 u0 com.google.android.gms/.auth.api.signin.ui.SignInActivity t-1} display-area-from-source=DefaultTaskDisplayArea_d0@148105282 display-id=0 task-display-area-windowing-mode=1 suggested-display-area=DefaultTaskDisplayArea_d0@148105282 inherit-from-source=fullscreen non-freeform-task-display-area display-area=DefaultTaskDisplayArea_d0@148105282 default-portrait freeform-size-mismatch=Rect(375, 613 - 1066, 1650)
03-30 21:39:42.517  1230  4046 D ActivityTaskManager: scheduleTopResumedActivityChanged, onTop=false, r=ActivityRecord{b7cd3ce u0 com.adobe.reader/com.google.android.gms.auth.api.signin.internal.SignInHubActivity t166}, caller=com.android.server.wm.ActivityTaskSupervisor.updateTopResumedActivityIfNeeded:2873 com.android.server.wm.TaskFragment.setResumedActivity:580 com.android.server.wm.TaskFragment.onActivityStateChanged:889 com.android.server.wm.ActivityRecord.setState:6903 com.android.server.wm.TaskFragment.startPausing:2012 com.android.server.wm.TaskFragment.startPausing:1956 
03-30 21:39:42.517  1230  4046 V WindowManager: Collecting in transition 1034: ActivityRecord{8b02fe5 u0 com.google.android.gms/.auth.api.signin.ui.SignInActivity t166}, caller=com.android.server.wm.Transition.collect:753 com.android.server.wm.Transition.collectExistenceChange:936 com.android.server.wm.TransitionController.collectExistenceChange:1025 com.android.server.wm.ActivityStarter.handleStartResult:2638 com.android.server.wm.ActivityStarter.startActivityUnchecked:2415 
03-30 21:39:42.519  1230  4046 I ActivityTaskManager: START u0 {act=com.google.android.gms.auth.GOOGLE_SIGN_IN pkg=com.google.android.gms cmp=com.google.android.gms/.auth.api.signin.ui.SignInActivity (has extras)} with LAUNCH_MULTIPLE from uid 10324 (BAL_ALLOW_VISIBLE_WINDOW) result code=0
03-30 21:39:42.526  1230  4046 D WindowManager: prepareSync <SYNC_STATE_WAITING_FOR_DRAW>, mPrepareSyncSeqId=0, win=Window{3bd8712 u0 com.adobe.reader/com.google.android.gms.auth.api.signin.internal.SignInHubActivity}
03-30 21:39:42.534  1230  4046 D CoreBackPreview: Window{3bd8712 u0 com.adobe.reader/com.google.android.gms.auth.api.signin.internal.SignInHubActivity}: Setting back callback OnBackInvokedCallbackInfo{mCallback=android.window.IOnBackInvokedCallback$Stub$Proxy@cd85bf8, mPriority=0, mIsAnimationCallback=false}
03-30 21:39:42.535  1230  1295 I ActivityManager: Start proc 17641:com.google.android.gms.ui/u0a237 for next-top-activity {com.google.android.gms/com.google.android.gms.auth.api.signin.ui.SignInActivity}
03-30 21:39:42.535  1230  4046 D WindowManager: makeSurface duration=1 name=com.adobe.reader/com.google.android.gms.auth.api.signin.internal.SignInHubActivity$_17222
03-30 21:39:42.537  1230  4046 V WindowManager: Changing focus from null to Window{3bd8712 u0 com.adobe.reader/com.google.android.gms.auth.api.signin.internal.SignInHubActivity} displayId=0 Callers=com.android.server.wm.RootWindowContainer.updateFocusedWindowLocked:581 com.android.server.wm.WindowManagerService.updateFocusedWindowLocked:6910 com.android.server.wm.WindowManagerService.relayoutWindow:2777 com.android.server.wm.Session.relayout:282 
03-30 21:39:42.539  1230  4046 D InsetsSourceProvider: updateControlForTarget: control=InsetsSourceControl: {54df0001 mType=navigationBars initiallyVisible mSurfacePosition=Point(0, 2220) mInsetsHint=Insets{left=0, top=0, right=0, bottom=84}}, target=Window{3bd8712 u0 com.adobe.reader/com.google.android.gms.auth.api.signin.internal.SignInHubActivity}, from=com.android.server.wm.InsetsStateController.onControlTargetChanged:363 com.android.server.wm.InsetsStateController.onBarControlTargetChanged:332 com.android.server.wm.InsetsPolicy.updateBarControlTarget:173 com.android.server.wm.InsetsPolicy.updateSystemBars:843 com.android.server.wm.DisplayPolicy.updateSystemBarsLw:3484 
03-30 21:39:42.541  1230  4046 D InsetsSourceProvider: updateControlForTarget: control=InsetsSourceControl: {b1c90000 mType=statusBars initiallyVisible mSurfacePosition=Point(0, 0) mInsetsHint=Insets{left=0, top=42, right=0, bottom=0}}, target=Window{3bd8712 u0 com.adobe.reader/com.google.android.gms.auth.api.signin.internal.SignInHubActivity}, from=com.android.server.wm.InsetsStateController.onControlTargetChanged:363 com.android.server.wm.InsetsStateController.onBarControlTargetChanged:329 com.android.server.wm.InsetsPolicy.updateBarControlTarget:173 com.android.server.wm.InsetsPolicy.updateSystemBars:843 com.android.server.wm.DisplayPolicy.updateSystemBarsLw:3484 
03-30 21:39:42.541  1230  4046 V SystemKeyManager: updateFocusedWindow() is called, com.adobe.reader/com.google.android.gms.auth.api.signin.internal.SignInHubActivity
03-30 21:39:42.555  1230  1254 D WindowManager: finishDrawingWindow: Window{3bd8712 u0 com.adobe.reader/com.google.android.gms.auth.api.signin.internal.SignInHubActivity} mDrawState=DRAW_PENDING seqId=0
03-30 21:39:42.555  1230  4052 I ActivityTaskManager: Process com.google.android.gms.ui restarted
03-30 21:39:42.556  1230  4052 V WindowManager: Collecting in transition 1034: ActivityRecord{8b02fe5 u0 com.google.android.gms/.auth.api.signin.ui.SignInActivity t166}, caller=com.android.server.wm.Transition.collect:753 com.android.server.wm.TransitionController.collect:975 com.android.server.wm.ActivityRecord.setVisibility:6440 com.android.server.wm.ActivityRecord.setVisibility:6392 com.android.server.wm.EnsureActivitiesVisibleHelper.makeVisibleAndRestartIfNeeded:338 
03-30 21:39:42.564  1230  4046 V WindowManager: Collecting in transition 1034: ActivityRecord{8b02fe5 u0 com.google.android.gms/.auth.api.signin.ui.SignInActivity t166}, caller=com.android.server.wm.Transition.collect:753 com.android.server.wm.TransitionController.collect:975 com.android.server.wm.ActivityRecord.setVisibility:6440 com.android.server.wm.ActivityRecord.setVisibility:6392 com.android.server.wm.ActivityTaskSupervisor.realStartActivityLocked:965 
03-30 21:39:42.564  1230  4046 D SGM:PkgDataHelper: notifyAppCreate(), pkgName: com.google.android.gms, userId: 0, sendRet: true
03-30 21:39:42.564  1230  1434 D SGM:FgCheckThread: onLooperPrepared(), msg: MSG_APP_CREATE, pkgName: com.google.android.gms, userId: 0
03-30 21:39:42.565  1230  4046 V WindowManager: Changing focus from Window{3bd8712 u0 com.adobe.reader/com.google.android.gms.auth.api.signin.internal.SignInHubActivity} to null displayId=0 Callers=com.android.server.wm.RootWindowContainer.updateFocusedWindowLocked:581 com.android.server.wm.WindowManagerService.updateFocusedWindowLocked:6910 com.android.server.wm.ActivityTaskManagerService.setLastResumedActivityUncheckLocked:6164 com.android.server.wm.ActivityTaskSupervisor.updateTopResumedActivityIfNeeded:2894 
03-30 21:39:42.568  1230  4046 D ActivityTaskManager: scheduleTopResumedActivityChanged, onTop=true, r=ActivityRecord{8b02fe5 u0 com.google.android.gms/.auth.api.signin.ui.SignInActivity t166}, caller=com.android.server.wm.ActivityTaskSupervisor.scheduleTopResumedActivityStateIfNeeded:2904 com.android.server.wm.ActivityTaskSupervisor.updateTopResumedActivityIfNeeded:2896 com.android.server.wm.TaskFragment.setResumedActivity:580 com.android.server.wm.TaskFragment.onActivityStateChanged:904 com.android.server.wm.ActivityRecord.setState:6903 com.android.server.wm.Task.minimalResumeActivityLocked:6259 
03-30 21:39:42.569  1230  4046 V WindowManager: Collecting in transition 1034: ActivityRecord{8b02fe5 u0 com.google.android.gms/.auth.api.signin.ui.SignInActivity t166}, caller=com.android.server.wm.Transition.collect:753 com.android.server.wm.TransitionController.collect:975 com.android.server.wm.ActivityRecord.setVisibility:6440 com.android.server.wm.ActivityRecord.setVisibility:6392 com.android.server.wm.ActivityRecord.completeResumeLocked:7510 
03-30 21:39:42.570  1230  4046 D WindowManager: SyncGroup 1034:  Unfinished container: ActivityRecord{8b02fe5 u0 com.google.android.gms/.auth.api.signin.ui.SignInActivity t166} mSyncState=2
03-30 21:39:42.573  1230  1277 D SGM:FgCheckThread: noteResumeComponent(), received pkgName: com.google.android.gms, userId: 0
03-30 21:39:42.574  1230  1277 I GameSDK@LifeCycle: noteResumeComponent(): package name  : com.google.android.gms
03-30 21:39:42.584  1230  4046 D SGM:GameManager: identifyGamePackage. com.google.android.gms, mCurrentUserId: 0, callerUserId: 0, callingMethodInfo: com.samsung.android.game.IGameManagerService$Stub.onTransact(IGameManagerService.java:233)
03-30 21:39:42.584  1230  4046 D SGM:PkgDataHelper: getGamePkgData(). com.google.android.gms
03-30 21:39:42.708  1230  1502 D MdnieScenarioControlService:  packageName : com.google.android.gms    className : com.google.android.gms.auth.api.signin.ui.SignInActivity
03-30 21:39:42.909  1230  1254 D WindowManager: prepareSync <SYNC_STATE_WAITING_FOR_DRAW>, mPrepareSyncSeqId=0, win=Window{4bfd1f6 u0 com.google.android.gms/com.google.android.gms.auth.api.signin.ui.SignInActivity}
03-30 21:39:42.918  1230  1254 D CoreBackPreview: Window{4bfd1f6 u0 com.google.android.gms/com.google.android.gms.auth.api.signin.ui.SignInActivity}: Setting back callback OnBackInvokedCallbackInfo{mCallback=android.window.IOnBackInvokedCallback$Stub$Proxy@5f242cd, mPriority=0, mIsAnimationCallback=false}
03-30 21:39:42.919  1230  4046 D WindowManager: makeSurface duration=1 name=com.google.android.gms/com.google.android.gms.auth.api.signin.ui.SignInActivity$_17641
03-30 21:39:42.920  1230  4046 D WindowManager: SyncGroup 1034:  Unfinished container: ActivityRecord{8b02fe5 u0 com.google.android.gms/.auth.api.signin.ui.SignInActivity t166} mSyncState=2
03-30 21:39:42.921  1230  4046 V WindowManager: Changing focus from null to Window{4bfd1f6 u0 com.google.android.gms/com.google.android.gms.auth.api.signin.ui.SignInActivity} displayId=0 Callers=com.android.server.wm.RootWindowContainer.updateFocusedWindowLocked:581 com.android.server.wm.WindowManagerService.updateFocusedWindowLocked:6910 com.android.server.wm.WindowManagerService.relayoutWindow:2777 com.android.server.wm.Session.relayout:282 
03-30 21:39:42.922  1230  4046 D InsetsSourceProvider: updateControlForTarget: control=InsetsSourceControl: {54df0001 mType=navigationBars initiallyVisible mSurfacePosition=Point(0, 2220) mInsetsHint=Insets{left=0, top=0, right=0, bottom=84}}, target=Window{4bfd1f6 u0 com.google.android.gms/com.google.android.gms.auth.api.signin.ui.SignInActivity}, from=com.android.server.wm.InsetsStateController.onControlTargetChanged:363 com.android.server.wm.InsetsStateController.onBarControlTargetChanged:332 com.android.server.wm.InsetsPolicy.updateBarControlTarget:173 com.android.server.wm.InsetsPolicy.updateSystemBars:843 com.android.server.wm.DisplayPolicy.updateSystemBarsLw:3484 
03-30 21:39:42.924  1230  4046 D InsetsSourceProvider: updateControlForTarget: control=InsetsSourceControl: {b1c90000 mType=statusBars initiallyVisible mSurfacePosition=Point(0, 0) mInsetsHint=Insets{left=0, top=42, right=0, bottom=0}}, target=Window{4bfd1f6 u0 com.google.android.gms/com.google.android.gms.auth.api.signin.ui.SignInActivity}, from=com.android.server.wm.InsetsStateController.onControlTargetChanged:363 com.android.server.wm.InsetsStateController.onBarControlTargetChanged:329 com.android.server.wm.InsetsPolicy.updateBarControlTarget:173 com.android.server.wm.InsetsPolicy.updateSystemBars:843 com.android.server.wm.DisplayPolicy.updateSystemBarsLw:3484 
03-30 21:39:42.924  1230  4046 D WindowManager: updateSystemBarAttributes: displayId=0, win=Window{4bfd1f6 u0 com.google.android.gms/com.google.android.gms.auth.api.signin.ui.SignInActivity}, navColorWin=Window{af0d9db u0 com.adobe.reader/com.adobe.reader.AdobeReader}, focusedCanBeNavColorWin=false, behavior=1, appearance=16, statusBarAppearanceRegions=[AppearanceRegion{ bounds=[0,0][1440,2304]}], requestedVisibilities=-9, from=com.android.server.wm.DisplayPolicy.focusChangedLw:2988 com.android.server.wm.DisplayContent.updateFocusedWindowLocked:4905 com.android.server.wm.RootWindowContainer.updateFocusedWindowLocked:581 
03-30 21:39:42.924  1230  4046 V SystemKeyManager: updateFocusedWindow() is called, com.google.android.gms/com.google.android.gms.auth.api.signin.ui.SignInActivity
03-30 21:39:42.937  1230  4046 D WindowManager: finishDrawingWindow: Window{4bfd1f6 u0 com.google.android.gms/com.google.android.gms.auth.api.signin.ui.SignInActivity} mDrawState=DRAW_PENDING seqId=0
03-30 21:39:42.940  1230  1278 V WindowManager: performShowLocked: mDrawState=HAS_DRAWN in Window{3bd8712 u0 com.adobe.reader/com.google.android.gms.auth.api.signin.internal.SignInHubActivity}
