03-30 21:40:16.998  1230  5330 D InsetsSourceProvider: updateControlForTarget: control=InsetsSourceControl: {54df0001 mType=navigationBars initiallyVisible mSurfacePosition=Point(0, 2220) mInsetsHint=Insets{left=0, top=0, right=0, bottom=84}}, target=Window{931d635 u0 Splash Screen com.google.android.apps.docs}, from=com.android.server.wm.InsetsStateController.onControlTargetChanged:363 com.android.server.wm.InsetsStateController.onBarControlTargetChanged:332 com.android.server.wm.InsetsPolicy.updateBarControlTarget:173 com.android.server.wm.InsetsPolicy.updateSystemBars:843 com.android.server.wm.DisplayPolicy.updateSystemBarsLw:3484 
03-30 21:40:17.000  1230  5330 D InsetsSourceProvider: updateControlForTarget: control=InsetsSourceControl: {b1c90000 mType=statusBars initiallyVisible mSurfacePosition=Point(0, 0) mInsetsHint=Insets{left=0, top=42, right=0, bottom=0}}, target=Window{931d635 u0 Splash Screen com.google.android.apps.docs}, from=com.android.server.wm.InsetsStateController.onControlTargetChanged:363 com.android.server.wm.InsetsStateController.onBarControlTargetChanged:329 com.android.server.wm.InsetsPolicy.updateBarControlTarget:173 com.android.server.wm.InsetsPolicy.updateSystemBars:843 com.android.server.wm.DisplayPolicy.updateSystemBarsLw:3484 
03-30 21:40:17.000  1230  5330 D WindowManager: updateSystemBarAttributes: displayId=0, win=Window{931d635 u0 Splash Screen com.google.android.apps.docs}, navColorWin=Window{931d635 u0 Splash Screen com.google.android.apps.docs}, focusedCanBeNavColorWin=false, behavior=1, appearance=0, statusBarAppearanceRegions=[AppearanceRegion{ bounds=[0,0][1440,2304]}], requestedVisibilities=-9, from=com.android.server.wm.DisplayPolicy.finishPostLayoutPolicyLw:2339 com.android.server.wm.DisplayContent.applySurfaceChangesTransaction:6186 com.android.server.wm.RootWindowContainer.applySurfaceChangesTransaction:1183 
03-30 21:40:17.002  1230  5330 V WindowManager: Changing focus from null to Window{5731598 u0 com.google.android.apps.docs/com.google.android.apps.viewer.PdfViewerActivity} displayId=0 Callers=com.android.server.wm.RootWindowContainer.updateFocusedWindowLocked:581 com.android.server.wm.WindowManagerService.updateFocusedWindowLocked:6910 com.android.server.wm.WindowManagerService.relayoutWindow:2777 com.android.server.wm.Session.relayout:282 
03-30 21:40:17.003  1230  5330 D InsetsSourceProvider: updateControlForTarget: control=InsetsSourceControl: {54df0001 mType=navigationBars initiallyVisible mSurfacePosition=Point(0, 2220) mInsetsHint=Insets{left=0, top=0, right=0, bottom=84}}, target=Window{5731598 u0 com.google.android.apps.docs/com.google.android.apps.viewer.PdfViewerActivity}, from=com.android.server.wm.InsetsStateController.onControlTargetChanged:363 com.android.server.wm.InsetsStateController.onBarControlTargetChanged:332 com.android.server.wm.InsetsPolicy.updateBarControlTarget:173 com.android.server.wm.InsetsPolicy.updateSystemBars:843 com.android.server.wm.DisplayPolicy.updateSystemBarsLw:3484 
03-30 21:40:17.004  1230  5330 D InsetsSourceProvider: updateControlForTarget: control=InsetsSourceControl: {b1c90000 mType=statusBars initiallyVisible mSurfacePosition=Point(0, 0) mInsetsHint=Insets{left=0, top=42, right=0, bottom=0}}, target=Window{5731598 u0 com.google.android.apps.docs/com.google.android.apps.viewer.PdfViewerActivity}, from=com.android.server.wm.InsetsStateController.onControlTargetChanged:363 com.android.server.wm.InsetsStateController.onBarControlTargetChanged:329 com.android.server.wm.InsetsPolicy.updateBarControlTarget:173 com.android.server.wm.InsetsPolicy.updateSystemBars:843 com.android.server.wm.DisplayPolicy.updateSystemBarsLw:3484 
03-30 21:40:17.005  1230  5330 D WindowManager: updateSystemBarAttributes: displayId=0, win=Window{5731598 u0 com.google.android.apps.docs/com.google.android.apps.viewer.PdfViewerActivity}, navColorWin=Window{931d635 u0 Splash Screen com.google.android.apps.docs}, focusedCanBeNavColorWin=false, behavior=1, appearance=8, statusBarAppearanceRegions=[AppearanceRegion{ bounds=[0,0][1440,2304]}], requestedVisibilities=-9, from=com.android.server.wm.DisplayPolicy.focusChangedLw:2988 com.android.server.wm.DisplayContent.updateFocusedWindowLocked:4905 com.android.server.wm.RootWindowContainer.updateFocusedWindowLocked:581 
03-30 21:40:17.005  1230  5330 V SystemKeyManager: updateFocusedWindow() is called, com.google.android.apps.docs/com.google.android.apps.viewer.PdfViewerActivity
03-30 21:40:17.026  1230  8363 D WindowManager: finishDrawingWindow: Window{5731598 u0 com.google.android.apps.docs/com.google.android.apps.viewer.PdfViewerActivity} mDrawState=DRAW_PENDING seqId=0
03-30 21:40:17.028  1230  1278 V WindowManager: Finish starting ActivityRecord{bafc428 u0 com.google.android.apps.docs/com.google.android.apps.viewer.PdfViewerActivity t154}: first real window is shown, no animation
03-30 21:40:17.028  1230  1278 V WindowManager: Schedule remove starting ActivityRecord{bafc428 u0 com.google.android.apps.docs/com.google.android.apps.viewer.PdfViewerActivity t154} startingWindow=Window{931d635 u0 Splash Screen com.google.android.apps.docs} animate=true Callers=com.android.server.wm.ActivityRecord.removeStartingWindow:3507 com.android.server.wm.ActivityRecord.onFirstWindowDrawn:8018 com.android.server.wm.WindowState.performShowLocked:5350 com.android.server.wm.WindowStateAnimator.commitFinishDrawingLocked:286 com.android.server.wm.DisplayContent.lambda$new$8:1293 
03-30 21:40:17.028  1230  1278 D TaskOrganizerController: applyStartingWindowAnimation, window=Window{5731598 u0 com.google.android.apps.docs/com.google.android.apps.viewer.PdfViewerActivity}, caller=com.android.server.wm.TaskOrganizerController.removeStartingWindow:809 com.android.server.wm.StartingSurfaceController$StartingSurface.remove:292 com.android.server.wm.ActivityRecord.removeStartingWindowAnimation:3587 
03-30 21:40:17.028  1230  1278 I WindowManager: Reparenting to leash, surface=Surface(name=5731598 com.google.android.apps.docs/com.google.android.apps.viewer.PdfViewerActivity)/@0x422065e, leashParent=Surface(name=ActivityRecord{bafc428 u0 com.google.android.apps.docs/com.google.android.apps.viewer.PdfViewerActivity t154})/@0x91f7eff
03-30 21:40:17.030  1230  1278 D WindowManager: makeSurface duration=2 leash=Surface(name=Surface(name=5731598 com.google.android.apps.docs/com.google.android.apps.viewer.PdfViewerActivity)/@0x422065e - animation-leash of starting_reveal)/@0xba5b055
03-30 21:40:17.031  1230  1278 V WindowManager: performShowLocked: mDrawState=HAS_DRAWN in Window{5731598 u0 com.google.android.apps.docs/com.google.android.apps.viewer.PdfViewerActivity}
03-30 21:40:17.036  1230  4263 D WindowManager: updateSystemBarAttributes: displayId=0, win=Window{5731598 u0 com.google.android.apps.docs/com.google.android.apps.viewer.PdfViewerActivity}, navColorWin=Window{931d635 u0 Splash Screen com.google.android.apps.docs}, focusedCanBeNavColorWin=false, behavior=1, appearance=24, statusBarAppearanceRegions=[AppearanceRegion{LIGHT_STATUS_BARS bounds=[0,0][1440,2304]}], requestedVisibilities=-9, from=com.android.server.wm.DisplayPolicy.finishPostLayoutPolicyLw:2339 com.android.server.wm.DisplayContent.applySurfaceChangesTransaction:6186 com.android.server.wm.RootWindowContainer.applySurfaceChangesTransaction:1183 
03-30 21:40:17.051  1230  1274 I Pageboost: Launch time gathered : pid 18285 com.google.android.apps.docs 537
03-30 21:40:17.057  1230  4052 V WindowManager: Setting visibility of Window{d974226 u0 com.google.android.apps.nbu.files/com.google.android.apps.nbu.files.documentbrowser.filebrowser.FileBrowserRegularActivity}: false, caller=com.android.server.wm.WindowContainer.sendAppVisibilityToClients:1305 com.android.server.wm.WindowToken.setClientVisible:454 com.android.server.wm.ActivityRecord.setClientVisible:8246 com.android.server.wm.ActivityRecord.postApplyAnimation:6777 com.android.server.wm.ActivityRecord.commitVisibility:6720 
03-30 21:40:17.101  1230  4046 D WindowManager: Starting window removed Window{931d635 u0 Splash Screen com.google.android.apps.docs}
03-30 21:40:17.101  1230  4046 I WindowManager: Cancelling animation restarting=false, leash=Surface(name=Surface(name=5731598 com.google.android.apps.docs/com.google.android.apps.viewer.PdfViewerActivity)/@0x422065e - animation-leash of starting_reveal)/@0xba5b055
03-30 21:40:17.101  1230  4046 I WindowManager: Reparenting to original parent: Surface(name=ActivityRecord{bafc428 u0 com.google.android.apps.docs/com.google.android.apps.viewer.PdfViewerActivity t154})/@0x91f7eff, destroy=false, surface=Surface(name=5731598 com.google.android.apps.docs/com.google.android.apps.viewer.PdfViewerActivity)/@0x422065e
03-30 21:40:17.102  1230  4046 V WindowManager: Remove Window{931d635 u0 Splash Screen com.google.android.apps.docs}: mSurfaceController=Surface(name=Splash Screen com.google.android.apps.docs$_1653)/@0x5f8833c mAnimatingExit=false mRemoveOnExit=false mHasSurface=true surfaceShowing=false animating=false app-animation=false mDisplayFrozen=false callers=com.android.server.wm.WindowManagerService.removeWindow:2151 com.android.server.wm.Session.remove:257 android.view.IWindowSession$Stub.onTransact:747 com.android.server.wm.Session.onTransact:204 android.os.Binder.execTransactInternal:1380 android.os.Binder.execTransact:1311 
03-30 21:40:17.102  1230  4046 I WindowManager: Destroying surface Surface(name=Splash Screen com.google.android.apps.docs$_1653)/@0x5f8833c called by com.android.server.wm.WindowStateAnimator.destroySurface:811 com.android.server.wm.WindowStateAnimator.destroySurfaceLocked:478 com.android.server.wm.WindowState.removeImmediately:2958 com.android.server.wm.WindowState.removeIfPossible:3226 com.android.server.wm.WindowManagerService.removeWindow:2151 com.android.server.wm.Session.remove:257 android.view.IWindowSession$Stub.onTransact:747 com.android.server.wm.Session.onTransact:204 
03-30 21:40:17.128  1230  4046 D InsetsSourceProvider: updateControlForTarget: control=InsetsSourceControl: {3 mType=ime mSurfacePosition=Point(0, 42) mInsetsHint=Insets{left=0, top=0, right=0, bottom=737}}, target=Window{5731598 u0 com.google.android.apps.docs/com.google.android.apps.viewer.PdfViewerActivity}, from=com.android.server.wm.ImeInsetsSourceProvider.updateControlForTarget:165 com.android.server.wm.InsetsStateController.onControlTargetChanged:363 com.android.server.wm.InsetsStateController.onImeControlTargetChanged:307 com.android.server.wm.DisplayContent.updateImeControlTarget:5768 com.android.server.wm.DisplayContent.updateImeInputAndControlTarget:5728 
03-30 21:40:17.137  1230  4263 E WindowManager: win=Window{d974226 u0 com.google.android.apps.nbu.files/com.google.android.apps.nbu.files.documentbrowser.filebrowser.FileBrowserRegularActivity} destroySurfaces: appStopped=true cleanupOnResume=false win.mWindowRemovalAllowed=false win.mRemoveOnExit=false win.mViewVisibility=8 caller=com.android.server.wm.ActivityRecord.destroySurfaces:7044 com.android.server.wm.ActivityRecord.destroySurfaces:7025 com.android.server.wm.ActivityRecord.activityStopped:7758 com.android.server.wm.ActivityClientController.activityStopped:327 android.app.IActivityClientController$Stub.onTransact:702 com.android.server.wm.ActivityClientController.onTransact:186 android.os.Binder.execTransactInternal:1380 
03-30 21:40:17.137  1230  4263 I WindowManager: Destroying surface Surface(name=com.google.android.apps.nbu.files/com.google.android.apps.nbu.files.documentbrowser.filebrowser.FileBrowserRegularActivity$_16944)/@0x6b6957a called by com.android.server.wm.WindowStateAnimator.destroySurface:811 com.android.server.wm.WindowStateAnimator.destroySurfaceLocked:478 com.android.server.wm.WindowState.destroySurfaceUnchecked:4219 com.android.server.wm.WindowState.destroySurface:4193 com.android.server.wm.ActivityRecord.destroySurfaces:7044 com.android.server.wm.ActivityRecord.destroySurfaces:7025 com.android.server.wm.ActivityRecord.activityStopped:7758 com.android.server.wm.ActivityClientController.activityStopped:327 
03-30 21:40:17.139  1230  1275 D ScreenCurtainController: onForegroundActivitiesChanged: com.google.android.apps.docs
03-30 21:40:17.270  1230  1502 D MdnieScenarioControlService:  packageName : com.google.android.apps.docs    className : com.google.android.apps.viewer.PdfViewerActivity
03-30 21:40:17.742  1230  1358 D OverlayManager: reconcileSettingsForPackage pkgName=com.google.android.apps.docs userId=0
03-30 21:40:17.742  1230  1358 I OverlayManager: updateOverlaysForTarget() called with: targetPackage = [com.google.android.apps.docs], userId = [0], flags = [8]
03-30 21:40:19.916  1230  4046 D InsetsSourceProvider: updateVisibility: serverVisible=true, clientVisible=false, source=InsetsSource: {54df0001 mType=navigationBars mFrame=[0,2220][1440,2304] mVisible=false mFlags=[]}, controlTarget=Window{5731598 u0 com.google.android.apps.docs/com.google.android.apps.viewer.PdfViewerActivity}, from=com.android.server.wm.InsetsSourceProvider.setClientVisible:642 com.android.server.wm.InsetsSourceProvider.updateClientVisibility:629 com.android.server.wm.InsetsStateController.onInsetsModified:280 com.android.server.wm.InsetsPolicy.onInsetsModified:539 com.android.server.wm.Session.updateRequestedVisibleTypes:797 android.view.IWindowSession$Stub.onTransact:1145 com.android.server.wm.Session.onTransact:204 android.os.Binder.execTransactInternal:1380 android.os.Binder.execTransact:1311 <bottom of call stack> 
03-30 21:40:19.917  1230  4046 D InsetsSourceProvider: updateVisibility: serverVisible=true, clientVisible=false, source=InsetsSource: {b1c90000 mType=statusBars mFrame=[0,0][1440,42] mVisible=false mFlags=[]}, controlTarget=Window{5731598 u0 com.google.android.apps.docs/com.google.android.apps.viewer.PdfViewerActivity}, from=com.android.server.wm.InsetsSourceProvider.setClientVisible:642 com.android.server.wm.InsetsSourceProvider.updateClientVisibility:629 com.android.server.wm.InsetsStateController.onInsetsModified:280 com.android.server.wm.InsetsPolicy.onInsetsModified:539 com.android.server.wm.Session.updateRequestedVisibleTypes:797 android.view.IWindowSession$Stub.onTransact:1145 com.android.server.wm.Session.onTransact:204 android.os.Binder.execTransactInternal:1380 android.os.Binder.execTransact:1311 <bottom of call stack> 
03-30 21:40:19.920  1230  4046 D WindowManager: updateSystemBarAttributes: displayId=0, win=Window{5731598 u0 com.google.android.apps.docs/com.google.android.apps.viewer.PdfViewerActivity}, navColorWin=Window{5731598 u0 com.google.android.apps.docs/com.google.android.apps.viewer.PdfViewerActivity}, focusedCanBeNavColorWin=false, behavior=1, appearance=8, statusBarAppearanceRegions=[AppearanceRegion{LIGHT_STATUS_BARS bounds=[0,0][1440,2304]}], requestedVisibilities=-12, from=com.android.server.wm.InsetsStateController.onInsetsModified:286 com.android.server.wm.InsetsPolicy.onInsetsModified:539 com.android.server.wm.Session.updateRequestedVisibleTypes:797 
03-30 21:40:21.557  1230  1230 D SGM:GameManager: identifyGamePackage. com.google.android.apps.docs, mCurrentUserId: 0, callerUserId: 0, callingMethodInfo: com.android.server.ssrm.fgapps.GameAppUtils.isGame(GameAppUtils.java:103)
03-30 21:40:21.557  1230  1230 D SGM:PkgDataHelper: getGamePkgData(). com.google.android.apps.docs
03-30 21:40:21.678  1230  4263 W ProcessStats: Tracking association SourceState{e86cdf2 com.google.android.apps.docs/10307 BTop #202738} whose proc state 2 is better than process ProcessState{9ea83ab com.google.android.gms.persistent/10237 pkg=com.google.android.gms} proc state 4 (417 skipped)
03-30 21:40:22.149  1230  3127 D FreecessController: com.google.android.apps.nbu.files(10330) is important[2]
03-30 21:40:26.748  1230  4044 D SGM:GameManager: identifyForegroundApp. com.google.android.apps.nbu.files, mCurrentUserId: 0, callerUserId: 0
03-30 21:40:26.748  1230  4044 D SGM:PkgDataHelper: getGamePkgData(). com.google.android.apps.nbu.files
03-30 21:40:27.151  1230  3127 D FreecessController: com.google.android.apps.nbu.files(10330) is important[2]
03-30 21:40:31.751  1230  1981 W ProcessStats: Tracking association SourceState{3821c33 com.google.android.apps.docs/10307 BTop #202764} whose proc state 2 is better than process ProcessState{9ea83ab com.google.android.gms.persistent/10237 pkg=com.google.android.gms} proc state 4 (66 skipped)
03-30 21:40:32.155  1230  3127 D FreecessController: com.google.android.apps.nbu.files(10330) is important[2]
03-30 21:40:37.159  1230  3127 D FreecessController: com.google.android.apps.nbu.files(10330) is important[2]
03-30 21:40:42.162  1230  3127 D FreecessController: com.google.android.apps.nbu.files(10330) is important[2]
03-30 21:40:44.614  1230  4044 W ProcessStats: Tracking association SourceState{3821c33 com.google.android.apps.docs/10307 BTop #202787} whose proc state 2 is better than process ProcessState{9ea83ab com.google.android.gms.persistent/10237 pkg=com.google.android.gms} proc state 4 (46 skipped)
03-30 21:40:47.165  1230  3127 D FreecessController: com.google.android.apps.nbu.files(10330) is important[2]
03-30 21:40:52.169  1230  3127 D FreecessController: com.google.android.apps.nbu.files(10330) is important[2]
03-30 21:40:55.090  1230  4052 W ProcessStats: Tracking association SourceState{3821c33 com.google.android.apps.docs/10307 BTop #202795} whose proc state 2 is better than process ProcessState{9ea83ab com.google.android.gms.persistent/10237 pkg=com.google.android.gms} proc state 4 (11 skipped)
03-30 21:40:57.173  1230  3127 D FreecessController: com.google.android.apps.nbu.files(10330) is important[2]
03-30 21:40:58.552 18285 18285 I GestureDetector: obtain mCurrentDownEvent. id: 271845158 caller: lhd.c:160 com.google.android.apps.viewer.util.GestureTrackingView.onInterceptTouchEvent:4 android.view.ViewGroup.dispatchTouchEvent:2870 
03-30 21:40:58.552 18285 18285 I GestureDetector: obtain mCurrentDownEvent. id: 271845158 caller: android.view.ScaleGestureDetector.onTouchEvent:275 lhd.c:200 com.google.android.apps.viewer.util.GestureTrackingView.onInterceptTouchEvent:4 
03-30 21:40:58.553 18285 18285 I GestureDetector: obtain mCurrentDownEvent. id: 271845158 caller: lhd.c:205 com.google.android.apps.viewer.util.GestureTrackingView.onInterceptTouchEvent:4 android.view.ViewGroup.dispatchTouchEvent:2870 
03-30 21:41:02.029 18285 18285 I GestureDetector: obtain mCurrentDownEvent. id: 222748462 caller: lhd.c:160 com.google.android.apps.viewer.util.GestureTrackingView.onInterceptTouchEvent:4 android.view.ViewGroup.dispatchTouchEvent:2870 
03-30 21:41:02.029 18285 18285 I GestureDetector: obtain mCurrentDownEvent. id: 222748462 caller: android.view.ScaleGestureDetector.onTouchEvent:275 lhd.c:200 com.google.android.apps.viewer.util.GestureTrackingView.onInterceptTouchEvent:4 
03-30 21:41:02.030 18285 18285 I GestureDetector: obtain mCurrentDownEvent. id: 222748462 caller: lhd.c:205 com.google.android.apps.viewer.util.GestureTrackingView.onInterceptTouchEvent:4 android.view.ViewGroup.dispatchTouchEvent:2870 
03-30 21:41:02.179  1230  3127 D FreecessController: com.google.android.apps.nbu.files(10330) is important[2]
03-30 21:41:04.741 18285 18285 I GestureDetector: obtain mCurrentDownEvent. id: 793377752 caller: lhd.c:160 com.google.android.apps.viewer.util.GestureTrackingView.onInterceptTouchEvent:4 android.view.ViewGroup.dispatchTouchEvent:2870 
03-30 21:41:04.741 18285 18285 I GestureDetector: obtain mCurrentDownEvent. id: 793377752 caller: android.view.ScaleGestureDetector.onTouchEvent:275 lhd.c:200 com.google.android.apps.viewer.util.GestureTrackingView.onInterceptTouchEvent:4 
03-30 21:41:04.741 18285 18285 I GestureDetector: obtain mCurrentDownEvent. id: 793377752 caller: lhd.c:205 com.google.android.apps.viewer.util.GestureTrackingView.onInterceptTouchEvent:4 android.view.ViewGroup.dispatchTouchEvent:2870 
03-30 21:41:07.182  1230  3127 D FreecessController: com.google.android.apps.nbu.files(10330) is important[2]
03-30 21:41:08.045   790   790 I LayerHistory: com.google.android.apps.docs/com.google.android.apps.viewer.PdfViewerActivity$_18285#18834 Max (can't resolve refresh rate)
03-30 21:41:08.393   790   790 I LayerHistory: com.google.android.apps.docs/com.google.android.apps.viewer.PdfViewerActivity$_18285#18834 Max (can't resolve refresh rate)
03-30 21:41:08.393   790   790 I SurfaceFlinger: HRR ignores com.google.android.apps.docs/com.google.android.apps.viewer.PdfViewerActivity$_18285#18834 (type=Max, weight=1.00, seamlessness=Default) 0.00 Hz's 90.00 Hz
03-30 21:41:09.258   790   790 I LayerHistory: com.google.android.apps.docs/com.google.android.apps.viewer.PdfViewerActivity$_18285#18834 Max (can't resolve refresh rate)
03-30 21:41:10.532 18285 18285 I GestureDetector: obtain mCurrentDownEvent. id: 52182761 caller: lhd.c:160 com.google.android.apps.viewer.util.GestureTrackingView.onInterceptTouchEvent:4 android.view.ViewGroup.dispatchTouchEvent:2870 
03-30 21:41:10.532 18285 18285 I GestureDetector: obtain mCurrentDownEvent. id: 52182761 caller: android.view.ScaleGestureDetector.onTouchEvent:275 lhd.c:200 com.google.android.apps.viewer.util.GestureTrackingView.onInterceptTouchEvent:4 
03-30 21:41:10.532 18285 18285 I GestureDetector: obtain mCurrentDownEvent. id: 52182761 caller: lhd.c:205 com.google.android.apps.viewer.util.GestureTrackingView.onInterceptTouchEvent:4 android.view.ViewGroup.dispatchTouchEvent:2870 
03-30 21:41:11.289 18285 18285 I GestureDetector: obtain mCurrentDownEvent. id: 1022693704 caller: lhd.c:160 com.google.android.apps.viewer.util.GestureTrackingView.onInterceptTouchEvent:4 android.view.ViewGroup.dispatchTouchEvent:2870 
03-30 21:41:11.289 18285 18285 I GestureDetector: obtain mCurrentDownEvent. id: 1022693704 caller: android.view.ScaleGestureDetector.onTouchEvent:275 lhd.c:200 com.google.android.apps.viewer.util.GestureTrackingView.onInterceptTouchEvent:4 
03-30 21:41:11.289 18285 18285 I GestureDetector: obtain mCurrentDownEvent. id: 1022693704 caller: lhd.c:205 com.google.android.apps.viewer.util.GestureTrackingView.onInterceptTouchEvent:4 android.view.ViewGroup.dispatchTouchEvent:2870 
03-30 21:41:12.024   790   790 I LayerHistory: com.google.android.apps.docs/com.google.android.apps.viewer.PdfViewerActivity$_18285#18834 Max (can't resolve refresh rate)
03-30 21:41:12.187  1230  3127 D FreecessController: com.google.android.apps.nbu.files(10330) is important[2]
03-30 21:41:13.635   790   790 I LayerHistory: com.google.android.apps.docs/com.google.android.apps.viewer.PdfViewerActivity$_18285#18834 Max (can't resolve refresh rate)
03-30 21:41:13.953 18285 18285 I GestureDetector: obtain mCurrentDownEvent. id: 298205674 caller: lhd.c:160 com.google.android.apps.viewer.util.GestureTrackingView.onInterceptTouchEvent:4 android.view.ViewGroup.dispatchTouchEvent:2870 
03-30 21:41:13.953 18285 18285 I GestureDetector: obtain mCurrentDownEvent. id: 298205674 caller: android.view.ScaleGestureDetector.onTouchEvent:275 lhd.c:200 com.google.android.apps.viewer.util.GestureTrackingView.onInterceptTouchEvent:4 
03-30 21:41:13.954 18285 18285 I GestureDetector: obtain mCurrentDownEvent. id: 298205674 caller: lhd.c:205 com.google.android.apps.viewer.util.GestureTrackingView.onInterceptTouchEvent:4 android.view.ViewGroup.dispatchTouchEvent:2870 
03-30 21:41:13.957   790   790 I LayerHistory: com.google.android.apps.docs/com.google.android.apps.viewer.PdfViewerActivity$_18285#18834 Max (can't resolve refresh rate)
03-30 21:41:15.898 18285 18285 I GestureDetector: obtain mCurrentDownEvent. id: 1067308280 caller: lhd.c:160 com.google.android.apps.viewer.util.GestureTrackingView.onInterceptTouchEvent:4 android.view.ViewGroup.dispatchTouchEvent:2870 
03-30 21:41:15.898 18285 18285 I GestureDetector: obtain mCurrentDownEvent. id: 1067308280 caller: android.view.ScaleGestureDetector.onTouchEvent:275 lhd.c:200 com.google.android.apps.viewer.util.GestureTrackingView.onInterceptTouchEvent:4 
03-30 21:41:15.898 18285 18285 I GestureDetector: obtain mCurrentDownEvent. id: 1067308280 caller: lhd.c:205 com.google.android.apps.viewer.util.GestureTrackingView.onInterceptTouchEvent:4 android.view.ViewGroup.dispatchTouchEvent:2870 
03-30 21:41:17.192  1230  3127 D FreecessController: com.google.android.apps.nbu.files(10330) is important[2]
03-30 21:41:19.031 18285 18285 I GestureDetector: obtain mCurrentDownEvent. id: 809835687 caller: lhd.c:160 com.google.android.apps.viewer.util.GestureTrackingView.onInterceptTouchEvent:4 android.view.ViewGroup.dispatchTouchEvent:2870 
03-30 21:41:19.031 18285 18285 I GestureDetector: obtain mCurrentDownEvent. id: 809835687 caller: android.view.ScaleGestureDetector.onTouchEvent:275 lhd.c:200 com.google.android.apps.viewer.util.GestureTrackingView.onInterceptTouchEvent:4 
03-30 21:41:19.031 18285 18285 I GestureDetector: obtain mCurrentDownEvent. id: 809835687 caller: lhd.c:205 com.google.android.apps.viewer.util.GestureTrackingView.onInterceptTouchEvent:4 android.view.ViewGroup.dispatchTouchEvent:2870 
03-30 21:41:20.605   790   790 I LayerHistory: com.google.android.apps.docs/com.google.android.apps.viewer.PdfViewerActivity$_18285#18834 Max (can't resolve refresh rate)
03-30 21:41:21.050   790   790 I LayerHistory: com.google.android.apps.docs/com.google.android.apps.viewer.PdfViewerActivity$_18285#18834 Max (can't resolve refresh rate)
03-30 21:41:21.050   790   790 I SurfaceFlinger: HRR ignores com.google.android.apps.docs/com.google.android.apps.viewer.PdfViewerActivity$_18285#18834 (type=Max, weight=1.00, seamlessness=Default) 0.00 Hz's 90.00 Hz
03-30 21:41:21.198 18285 18285 I GestureDetector: obtain mCurrentDownEvent. id: 181870532 caller: lhd.c:160 com.google.android.apps.viewer.util.GestureTrackingView.onInterceptTouchEvent:4 android.view.ViewGroup.dispatchTouchEvent:2870 
03-30 21:41:21.199 18285 18285 I GestureDetector: obtain mCurrentDownEvent. id: 181870532 caller: android.view.ScaleGestureDetector.onTouchEvent:275 lhd.c:200 com.google.android.apps.viewer.util.GestureTrackingView.onInterceptTouchEvent:4 
03-30 21:41:21.199 18285 18285 I GestureDetector: obtain mCurrentDownEvent. id: 181870532 caller: lhd.c:205 com.google.android.apps.viewer.util.GestureTrackingView.onInterceptTouchEvent:4 android.view.ViewGroup.dispatchTouchEvent:2870 
03-30 21:41:21.220   790   790 I LayerHistory: com.google.android.apps.docs/com.google.android.apps.viewer.PdfViewerActivity$_18285#18834 Max (can't resolve refresh rate)
03-30 21:41:22.198  1230  3127 D FreecessController: com.google.android.apps.nbu.files(10330) is important[2]
03-30 21:41:22.199   790   790 I LayerHistory: com.google.android.apps.docs/com.google.android.apps.viewer.PdfViewerActivity$_18285#18834 Max (can't resolve refresh rate)
03-30 21:41:22.946   790   790 I LayerHistory: com.google.android.apps.docs/com.google.android.apps.viewer.PdfViewerActivity$_18285#18834 Max (can't resolve refresh rate)
03-30 21:41:22.946   790   790 I SurfaceFlinger: HRR ignores com.google.android.apps.docs/com.google.android.apps.viewer.PdfViewerActivity$_18285#18834 (type=Max, weight=1.00, seamlessness=Default) 0.00 Hz's 90.00 Hz
03-30 21:41:23.810  1230  4046 W ProcessStats: Tracking association SourceState{3821c33 com.google.android.apps.docs/10307 BTop #202810} whose proc state 2 is better than process ProcessState{9ea83ab com.google.android.gms.persistent/10237 pkg=com.google.android.gms} proc state 4 (2 skipped)
03-30 21:41:23.814  1230  8102 D PerProcessNandswap$NandswapHandler: nandswap start for activity com.google.android.apps.nbu.files(pid 16944) action:9 adj:900 type:3
03-30 21:41:23.833  1230  8102 D PerProcessNandswap$NandswapHandler: nandswap end for activity com.google.android.apps.nbu.files(pid 16944) ret:-16 adj:900
03-30 21:41:23.840   790   790 I LayerHistory: com.google.android.apps.docs/com.google.android.apps.viewer.PdfViewerActivity$_18285#18834 Max (can't resolve refresh rate)
03-30 21:41:23.857  1230  8102 D PerProcessNandswap$NandswapHandler: nandswap start for non-activity com.google.android.apps.docs:com.google.android.apps.viewer.pdflib.PdfDocumentService(pid 18404) action:6 adj:100 type:2
03-30 21:41:23.873  1230  8102 D PerProcessNandswap$NandswapHandler: nandswap end for non-activity com.google.android.apps.docs:com.google.android.apps.viewer.pdflib.PdfDocumentService(pid 18404) ret:17229008896 adj:100
03-30 21:41:23.877  1230  8102 D PerProcessNandswap$NandswapHandler: nandswap start for non-activity com.google.android.tts(pid 17559) action:6 adj:100 type:2
03-30 21:41:23.897  1230  8102 D PerProcessNandswap$NandswapHandler: nandswap end for non-activity com.google.android.tts(pid 17559) ret:16795062272 adj:100
03-30 21:41:24.842  1230  8102 D PerProcessNandswap$NandswapHandler: nandswap start for activity com.google.android.apps.nbu.files(pid 16944) action:9 adj:900 type:3
03-30 21:41:24.960  1230  8102 D PerProcessNandswap$NandswapHandler: nandswap end for activity com.google.android.apps.nbu.files(pid 16944) ret:-16 adj:900
03-30 21:41:25.971  1230  8102 D PerProcessNandswap$NandswapHandler: nandswap start for activity com.google.android.apps.nbu.files(pid 16944) action:9 adj:900 type:3
03-30 21:41:26.990  1230  8102 D PerProcessNandswap$NandswapHandler: nandswap end for activity com.google.android.apps.nbu.files(pid 16944) ret:17322921984 adj:900
03-30 21:41:27.206  1230  3127 D FreecessController: com.google.android.apps.nbu.files(10330) is important[2]
03-30 21:41:31.156 18285 18285 I GestureDetector: obtain mCurrentDownEvent. id: 704395227 caller: lhd.c:160 com.google.android.apps.viewer.util.GestureTrackingView.onInterceptTouchEvent:4 android.view.ViewGroup.dispatchTouchEvent:2870 
03-30 21:41:31.156 18285 18285 I GestureDetector: obtain mCurrentDownEvent. id: 704395227 caller: android.view.ScaleGestureDetector.onTouchEvent:275 lhd.c:200 com.google.android.apps.viewer.util.GestureTrackingView.onInterceptTouchEvent:4 
03-30 21:41:31.156 18285 18285 I GestureDetector: obtain mCurrentDownEvent. id: 704395227 caller: lhd.c:205 com.google.android.apps.viewer.util.GestureTrackingView.onInterceptTouchEvent:4 android.view.ViewGroup.dispatchTouchEvent:2870 
03-30 21:41:31.966 18285 18285 I GestureDetector: obtain mCurrentDownEvent. id: 100886230 caller: lhd.c:160 com.google.android.apps.viewer.util.GestureTrackingView.onInterceptTouchEvent:4 android.view.ViewGroup.dispatchTouchEvent:2870 
03-30 21:41:31.966 18285 18285 I GestureDetector: obtain mCurrentDownEvent. id: 100886230 caller: android.view.ScaleGestureDetector.onTouchEvent:275 lhd.c:200 com.google.android.apps.viewer.util.GestureTrackingView.onInterceptTouchEvent:4 
03-30 21:41:31.967 18285 18285 I GestureDetector: obtain mCurrentDownEvent. id: 100886230 caller: lhd.c:205 com.google.android.apps.viewer.util.GestureTrackingView.onInterceptTouchEvent:4 android.view.ViewGroup.dispatchTouchEvent:2870 
03-30 21:41:31.967 18285 18285 I GestureDetector: obtain mCurrentDownEvent. id: 100886230 caller: lhd.c:160 com.google.android.apps.viewer.util.GestureTrackingView.onTouchEvent:4 android.view.View.dispatchTouchEvent:16234 
03-30 21:41:31.967 18285 18285 I GestureDetector: obtain mCurrentDownEvent. id: 100886230 caller: android.view.ScaleGestureDetector.onTouchEvent:275 lhd.c:200 com.google.android.apps.viewer.util.GestureTrackingView.onTouchEvent:4 
03-30 21:41:31.967 18285 18285 I GestureDetector: obtain mCurrentDownEvent. id: 100886230 caller: lhd.c:205 com.google.android.apps.viewer.util.GestureTrackingView.onTouchEvent:4 android.view.View.dispatchTouchEvent:16234 
03-30 21:41:32.210  1230  3127 D FreecessController: com.google.android.apps.nbu.files(10330) is important[2]
03-30 21:41:33.557   790   790 I LayerHistory: com.google.android.apps.docs/com.google.android.apps.viewer.PdfViewerActivity$_18285#18834 Max (can't resolve refresh rate)
03-30 21:41:33.973 18285 18285 I GestureDetector: obtain mCurrentDownEvent. id: 780738124 caller: lhd.c:160 com.google.android.apps.viewer.util.GestureTrackingView.onInterceptTouchEvent:4 android.view.ViewGroup.dispatchTouchEvent:2870 
03-30 21:41:33.974 18285 18285 I GestureDetector: obtain mCurrentDownEvent. id: 780738124 caller: android.view.ScaleGestureDetector.onTouchEvent:275 lhd.c:200 com.google.android.apps.viewer.util.GestureTrackingView.onInterceptTouchEvent:4 
03-30 21:41:33.974 18285 18285 I GestureDetector: obtain mCurrentDownEvent. id: 780738124 caller: lhd.c:205 com.google.android.apps.viewer.util.GestureTrackingView.onInterceptTouchEvent:4 android.view.ViewGroup.dispatchTouchEvent:2870 
03-30 21:41:33.977   790   790 I LayerHistory: com.google.android.apps.docs/com.google.android.apps.viewer.PdfViewerActivity$_18285#18834 Max (can't resolve refresh rate)
03-30 21:41:34.706  5463  5766 V CpEventLog(u0): cp_state: [                 contacts = {contacts=0, raw_contacts=0, data=0, account={secphone(1)=0, google(2)=0, sim(3)=0, agg(4)=0, duo(5)=0, samsung(6)=0, mobileservice(7)=0, coreapp(8)=0}, trash=0, trash_acc={}, trash_sync=0, database=contacts2.db} ]
03-30 21:41:34.706  5463  5766 V CpEventLog(u0): cp_state: [                  profile = {contacts=0, raw_contacts=0, data=0, account={secphone(1)=0, google(2)=0, sim(3)=0, agg(4)=0, duo(5)=0, samsung(6)=0, mobileservice(7)=0, coreapp(8)=0}, trash=0, trash_acc={}, trash_sync=0, database=profile.db} ]
03-30 21:41:34.706  5463  5766 V CpEventLog(u0): cp_state: [               sa_profile = {contacts=0, raw_contacts=0, data=0, account={secphone(1)=0, google(2)=0, sim(3)=0, agg(4)=0, duo(5)=0, samsung(6)=0, mobileservice(7)=0, coreapp(8)=0}, trash=0, trash_acc={}, trash_sync=0, database=profile_sa.db} ]
03-30 21:41:34.982   790   790 I LayerHistory: com.google.android.apps.docs/com.google.android.apps.viewer.PdfViewerActivity$_18285#18834 Max (can't resolve refresh rate)
03-30 21:41:35.225 18285 18285 I GestureDetector: obtain mCurrentDownEvent. id: 549027460 caller: lhd.c:160 com.google.android.apps.viewer.util.GestureTrackingView.onInterceptTouchEvent:4 android.view.ViewGroup.dispatchTouchEvent:2870 
03-30 21:41:35.225 18285 18285 I GestureDetector: obtain mCurrentDownEvent. id: 549027460 caller: android.view.ScaleGestureDetector.onTouchEvent:275 lhd.c:200 com.google.android.apps.viewer.util.GestureTrackingView.onInterceptTouchEvent:4 
03-30 21:41:35.226 18285 18285 I GestureDetector: obtain mCurrentDownEvent. id: 549027460 caller: lhd.c:205 com.google.android.apps.viewer.util.GestureTrackingView.onInterceptTouchEvent:4 android.view.ViewGroup.dispatchTouchEvent:2870 
03-30 21:41:35.229   790   790 I LayerHistory: com.google.android.apps.docs/com.google.android.apps.viewer.PdfViewerActivity$_18285#18834 Max (can't resolve refresh rate)
03-30 21:41:37.216  1230  3127 D FreecessController: com.google.android.apps.nbu.files(10330) is important[2]
03-30 21:41:38.905  1230  8363 W ProcessStats: Tracking association SourceState{3821c33 com.google.android.apps.docs/10307 BTop #202812} whose proc state 2 is better than process ProcessState{9ea83ab com.google.android.gms.persistent/10237 pkg=com.google.android.gms} proc state 4 (6 skipped)
03-30 21:41:39.338   790   790 I LayerHistory: com.google.android.apps.docs/com.google.android.apps.viewer.PdfViewerActivity$_18285#18834 Max (can't resolve refresh rate)
03-30 21:41:39.825 18285 18285 I GestureDetector: obtain mCurrentDownEvent. id: 135274407 caller: lhd.c:160 com.google.android.apps.viewer.util.GestureTrackingView.onInterceptTouchEvent:4 android.view.ViewGroup.dispatchTouchEvent:2870 
03-30 21:41:39.825 18285 18285 I GestureDetector: obtain mCurrentDownEvent. id: 135274407 caller: android.view.ScaleGestureDetector.onTouchEvent:275 lhd.c:200 com.google.android.apps.viewer.util.GestureTrackingView.onInterceptTouchEvent:4 
03-30 21:41:39.826 18285 18285 I GestureDetector: obtain mCurrentDownEvent. id: 135274407 caller: lhd.c:205 com.google.android.apps.viewer.util.GestureTrackingView.onInterceptTouchEvent:4 android.view.ViewGroup.dispatchTouchEvent:2870 
03-30 21:41:39.826 18285 18285 I GestureDetector: obtain mCurrentDownEvent. id: 135274407 caller: lhd.c:160 com.google.android.apps.viewer.util.GestureTrackingView.onTouchEvent:4 android.view.View.dispatchTouchEvent:16234 
03-30 21:41:39.826 18285 18285 I GestureDetector: obtain mCurrentDownEvent. id: 135274407 caller: android.view.ScaleGestureDetector.onTouchEvent:275 lhd.c:200 com.google.android.apps.viewer.util.GestureTrackingView.onTouchEvent:4 
03-30 21:41:39.827 18285 18285 I GestureDetector: obtain mCurrentDownEvent. id: 135274407 caller: lhd.c:205 com.google.android.apps.viewer.util.GestureTrackingView.onTouchEvent:4 android.view.View.dispatchTouchEvent:16234 
03-30 21:41:39.829   790   790 I LayerHistory: com.google.android.apps.docs/com.google.android.apps.viewer.PdfViewerActivity$_18285#18834 Max (can't resolve refresh rate)
03-30 21:41:39.890  1230  1275 D WindowManager: requestTransientBars: swipeTarget=Window{cdb5d4 u0 TaskbarWindow}, controlTarget=Window{5731598 u0 com.google.android.apps.docs/com.google.android.apps.viewer.PdfViewerActivity}, canShowTransient=false, restorePositionTypes=0x0, from=com.android.server.wm.DisplayPolicy$1.onSwipeFromBottom:619 com.android.server.wm.SystemGesturesPointerEventListener.onPointerEvent:250 
03-30 21:41:39.890 18285 18285 I InsetsController: setRequestedVisibleTypes: visible=true, mask=statusBars navigationBars, host=com.google.android.apps.docs/com.google.android.apps.viewer.PdfViewerActivity, from=android.view.InsetsController.controlAnimationUnchecked:1476 android.view.InsetsController.applyAnimation:2040 android.view.InsetsController.applyAnimation:2003 android.view.InsetsController.show:1340 android.view.ViewRootImpl$ViewRootHandler.handleMessageImpl:7303 android.view.ViewRootImpl$ViewRootHandler.handleMessage:7236 android.os.Handler.dispatchMessage:106 android.os.Looper.loopOnce:230 android.os.Looper.loop:319 android.app.ActivityThread.main:9063 
03-30 21:41:39.890 18285 18285 I InsetsController: controlAnimationUncheckedInner: Added types=statusBars navigationBars, animType=0, host=com.google.android.apps.docs/com.google.android.apps.viewer.PdfViewerActivity, from=android.view.InsetsController.controlAnimationUnchecked:1480 android.view.InsetsController.applyAnimation:2040 android.view.InsetsController.applyAnimation:2003 
03-30 21:41:39.891  1230  8363 D InsetsSourceProvider: updateVisibility: serverVisible=true, clientVisible=true, source=InsetsSource: {54df0001 mType=navigationBars mFrame=[0,2220][1440,2304] mVisible=true mFlags=[]}, controlTarget=Window{5731598 u0 com.google.android.apps.docs/com.google.android.apps.viewer.PdfViewerActivity}, from=com.android.server.wm.InsetsSourceProvider.setClientVisible:642 com.android.server.wm.InsetsSourceProvider.updateClientVisibility:629 com.android.server.wm.InsetsStateController.onInsetsModified:280 com.android.server.wm.InsetsPolicy.onInsetsModified:539 com.android.server.wm.Session.updateRequestedVisibleTypes:797 android.view.IWindowSession$Stub.onTransact:1145 com.android.server.wm.Session.onTransact:204 android.os.Binder.execTransactInternal:1380 android.os.Binder.execTransact:1311 <bottom of call stack> 
03-30 21:41:39.891  1230  8363 D InsetsSourceProvider: updateVisibility: serverVisible=true, clientVisible=true, source=InsetsSource: {b1c90000 mType=statusBars mFrame=[0,0][1440,42] mVisible=true mFlags=[]}, controlTarget=Window{5731598 u0 com.google.android.apps.docs/com.google.android.apps.viewer.PdfViewerActivity}, from=com.android.server.wm.InsetsSourceProvider.setClientVisible:642 com.android.server.wm.InsetsSourceProvider.updateClientVisibility:629 com.android.server.wm.InsetsStateController.onInsetsModified:280 com.android.server.wm.InsetsPolicy.onInsetsModified:539 com.android.server.wm.Session.updateRequestedVisibleTypes:797 android.view.IWindowSession$Stub.onTransact:1145 com.android.server.wm.Session.onTransact:204 android.os.Binder.execTransactInternal:1380 android.os.Binder.execTransact:1311 <bottom of call stack> 
03-30 21:41:39.892  1230  8363 D WindowManager: updateSystemBarAttributes: displayId=0, win=Window{5731598 u0 com.google.android.apps.docs/com.google.android.apps.viewer.PdfViewerActivity}, navColorWin=null, focusedCanBeNavColorWin=false, behavior=1, appearance=8, statusBarAppearanceRegions=[AppearanceRegion{LIGHT_STATUS_BARS bounds=[0,0][1440,2304]}], requestedVisibilities=-9, from=com.android.server.wm.InsetsStateController.onInsetsModified:286 com.android.server.wm.InsetsPolicy.onInsetsModified:539 com.android.server.wm.Session.updateRequestedVisibleTypes:797 
03-30 21:41:39.893  1230  1278 D WindowManager: updateSystemBarAttributes: displayId=0, win=Window{5731598 u0 com.google.android.apps.docs/com.google.android.apps.viewer.PdfViewerActivity}, navColorWin=Window{5731598 u0 com.google.android.apps.docs/com.google.android.apps.viewer.PdfViewerActivity}, focusedCanBeNavColorWin=false, behavior=1, appearance=24, statusBarAppearanceRegions=[AppearanceRegion{LIGHT_STATUS_BARS bounds=[0,0][1440,2304]}], requestedVisibilities=-9, from=com.android.server.wm.DisplayPolicy.finishPostLayoutPolicyLw:2339 com.android.server.wm.DisplayContent.applySurfaceChangesTransaction:6186 com.android.server.wm.RootWindowContainer.applySurfaceChangesTransaction:1183 
03-30 21:41:39.903 18285 18285 I InsetsController: onStateChanged: host=com.google.android.apps.docs/com.google.android.apps.viewer.PdfViewerActivity, from=android.view.ViewRootImpl$ViewRootHandler.handleMessageImpl:7266, state=InsetsState: {mDisplayFrame=Rect(0, 0 - 1440, 2304), mDisplayCutout=DisplayCutout{insets=Rect(0, 0 - 0, 0) waterfall=Insets{left=0, top=0, right=0, bottom=0} boundingRect={Bounds=[Rect(0, 0 - 0, 0), Rect(0, 0 - 0, 0), Rect(0, 0 - 0, 0), Rect(0, 0 - 0, 0)]} cutoutPathParserInfo={CutoutPathParserInfo{displayWidth=0 displayHeight=0 physicalDisplayWidth=0 physicalDisplayHeight=0 density={0.0} cutoutSpec={} rotation={0} scale={0.0} physicalPixelDisplaySizeRatio={0.0}}}}, mRoundedCorners=RoundedCorners{[RoundedCorner{position=TopLeft, radius=23, center=Point(23, 23)}, RoundedCorner{position=TopRight, radius=23, center=Point(1417, 23)}, RoundedCorner{position=BottomRight, radius=23, center=Point(1417, 2281)}, RoundedCorner{position=BottomLeft, radius=23, center=Point(23, 2281)}]}  mRoundedCornerFrame=Rect(0, 0 - 1440, 2304), mPrivacyIndicatorBounds=PrivacyIndicatorBounds {static bounds=Rect(1363, 0 - 1440, 42) rotation=0}, mDisplayShape=DisplayShape{ spec=-311912193 displayWidth=1440 displayHeight=2304 physicalPixelDisplaySizeRatio=1.0 rotation=0 offsetX=0 offsetY=0 scale=1.0}, mSources= { InsetsSource: {b1c90000 mType=statusBars mFrame=[0,0][1440,42] mVisible=true mFlags=[]}, InsetsSource: {b1c90005 mType=mandatorySystemGestures mFrame=[0,0][1440,42] mVisible=true mFlags=[]}, InsetsSource: {b1c90006 mType=tappableElement mFrame=[0,0][1440,42] mVisible=true mFlags=[]}, InsetsSource: {3 mType=ime mFrame=[0,0][0,0] mVisible=false mFlags=[]}, InsetsSource: {54df0001 mType=navigationBars mFrame=[0,2220][1440,2304] mVisible=true mFlags=[]}, InsetsSource: {54df0004 mType=systemGestures mFrame=[0,0][0,0] mVisible=true mFlags=[]}, InsetsSource: {54df0005 mType=mandatorySystemGestures mFrame=[0,2220][1440,2304] mVisible=true mFlags=[]}, InsetsSource: {54df0006 mType=tappableElement mFrame=[0,2220][1440,2304] mVisible=true mFlags=[]}, InsetsSource: {54df0024 mType=systemGestures mFrame=[0,0][0,0] mVisible=true mFlags=[]} }
03-30 21:41:39.909  1653  1653 D TaskbarDelegate: onSystemBarAttributesChanged() -  displayId:0, appearance:8 (), navbarColorManagedByIme: false, packageName: com.google.android.apps.docs
03-30 21:41:39.909  1653  1653 D TaskbarDelegate: onSystemBarAttributesChanged() -  displayId:0, appearance:24 (APPEARANCE_LIGHT_NAVIGATION_BARS ), navbarColorManagedByIme: false, packageName: com.google.android.apps.docs
03-30 21:41:39.909  1653  1653 D SamsungLightBarControlHelper: updateNavigationBar (BLACK button) isLightOpaque:false, hasLightNavigationBarFlag:true, packageName:com.google.android.apps.docs, DirectReplying:false, NavBarColorMangedByIme:false, ForceDarkForScrim:false, QsCustomizing:false, PanelHasWhiteBg:true
03-30 21:41:39.935   790   790 D SurfaceFlinger:      DEVICE | 0xb4000075c1f77ad0 | 0102 | RGBA_8888    |    0.0    0.0 1440.0 2304.0 |    0    0 1440 2304 | com.google.android.apps.docs/com.goo[...]iewer.PdfViewerActivity$_18285#18834
03-30 21:41:40.062   790   790 D SurfaceFlinger:      DEVICE | 0xb4000075c1f77ad0 | 0102 | RGBA_8888    |    0.0    0.0 1440.0 2304.0 |    0    0 1440 2304 | com.google.android.apps.docs/com.goo[...]iewer.PdfViewerActivity$_18285#18834
03-30 21:41:40.174 18285 18285 I InsetsController: cancelAnimation: types=statusBars navigationBars, animType=0, host=com.google.android.apps.docs/com.google.android.apps.viewer.PdfViewerActivity, from=android.view.InsetsController.notifyFinished:1783 android.view.InsetsAnimationThreadControlRunner$1.lambda$notifyFinished$0:85 android.view.InsetsAnimationThreadControlRunner$1.$r8$lambda$RAf1SfIREsj9-wH5FOigMy6eLkM:0 
03-30 21:41:40.985  1230  4045 V WindowManager: Collecting in transition 1053: ActivityRecord{bafc428 u0 com.google.android.apps.docs/com.google.android.apps.viewer.PdfViewerActivity t154 f}}, caller=com.android.server.wm.Transition.collect:753 com.android.server.wm.Transition.collectExistenceChange:936 com.android.server.wm.TransitionController.collectExistenceChange:1025 com.android.server.wm.TransitionController.requestCloseTransitionIfNeeded:963 com.android.server.wm.ActivityRecord.finishIfPossible:4372 
03-30 21:41:40.985  1230  4045 D WindowManager: prepareSync <SYNC_STATE_WAITING_FOR_DRAW>, mPrepareSyncSeqId=0, win=Window{5731598 u0 com.google.android.apps.docs/com.google.android.apps.viewer.PdfViewerActivity}
03-30 21:41:40.985  1230  4045 V WindowManager: Collecting in transition 1053: ActivityRecord{bafc428 u0 com.google.android.apps.docs/com.google.android.apps.viewer.PdfViewerActivity t154 f}}, caller=com.android.server.wm.Transition.collect:753 com.android.server.wm.TransitionController.collect:975 com.android.server.wm.ActivityRecord.setVisibility:6440 com.android.server.wm.ActivityRecord.setVisibility:6392 com.android.server.wm.ActivityRecord.finishIfPossible:4451 
03-30 21:41:40.986  1230  4045 D WindowManager: VisibleRequested updated, r=ActivityRecord{bafc428 u0 com.google.android.apps.docs/com.google.android.apps.viewer.PdfViewerActivity t154 f}}
03-30 21:41:40.986  1230  4045 D ActivityTaskManager: scheduleTopResumedActivityChanged, onTop=false, r=ActivityRecord{bafc428 u0 com.google.android.apps.docs/com.google.android.apps.viewer.PdfViewerActivity t154 f}}, caller=com.android.server.wm.ActivityTaskSupervisor.updateTopResumedActivityIfNeeded:2873 com.android.server.wm.TaskFragment.setResumedActivity:580 com.android.server.wm.TaskFragment.onActivityStateChanged:889 com.android.server.wm.ActivityRecord.setState:6903 com.android.server.wm.TaskFragment.startPausing:2012 com.android.server.wm.ActivityRecord.finishIfPossible:4469 
03-30 21:41:40.991  1230  1277 D SGM:FgCheckThread: notePauseComponent(), received pkgName: com.google.android.apps.docs, userId: 0
03-30 21:41:40.992  1230  4045 V WindowManager: Collecting in transition 1053: ActivityRecord{bddfbfa u0 com.google.android.apps.nbu.files/.documentbrowser.filebrowser.FileBrowserRegularActivity t154}, caller=com.android.server.wm.Transition.collect:753 com.android.server.wm.TransitionController.collect:975 com.android.server.wm.ActivityRecord.setVisibility:6440 com.android.server.wm.ActivityRecord.setVisibility:6392 com.android.server.wm.TaskFragment.resumeTopActivity:1741 
03-30 21:41:40.992  1230  4045 D WindowManager: prepareSync <SYNC_STATE_WAITING_FOR_DRAW>, mPrepareSyncSeqId=0, win=Window{d974226 u0 com.google.android.apps.nbu.files/com.google.android.apps.nbu.files.documentbrowser.filebrowser.FileBrowserRegularActivity}
03-30 21:41:40.992  1230  8140 I PerProcessNandswap$NandswapMsgHandler: madvise_prefetch for com.google.android.apps.nbu.files
03-30 21:41:40.992  1230  4045 V WindowManager: Setting visibility of Window{d974226 u0 com.google.android.apps.nbu.files/com.google.android.apps.nbu.files.documentbrowser.filebrowser.FileBrowserRegularActivity}: true, caller=com.android.server.wm.WindowContainer.sendAppVisibilityToClients:1305 com.android.server.wm.WindowToken.setClientVisible:454 com.android.server.wm.ActivityRecord.setClientVisible:8246 com.android.server.wm.ActivityRecord.setVisibility:6543 com.android.server.wm.ActivityRecord.setVisibility:6392 
03-30 21:41:40.993  1230  4045 D InputDispatcher: Focused application(0): ActivityRecord{bddfbfa u0 com.google.android.apps.nbu.files/.documentbrowser.filebrowser.FileBrowserRegularActivity t154}
03-30 21:41:40.994  1230  4045 V WindowManager: Changing focus from Window{5731598 u0 com.google.android.apps.docs/com.google.android.apps.viewer.PdfViewerActivity} to null displayId=0 Callers=com.android.server.wm.RootWindowContainer.updateFocusedWindowLocked:581 com.android.server.wm.WindowManagerService.updateFocusedWindowLocked:6910 com.android.server.wm.ActivityTaskManagerService.setLastResumedActivityUncheckLocked:6164 com.android.server.wm.ActivityTaskSupervisor.updateTopResumedActivityIfNeeded:2894 
03-30 21:41:40.994  1230  4045 D ActivityTaskManager: scheduleTopResumedActivityChanged, onTop=true, r=ActivityRecord{bddfbfa u0 com.google.android.apps.nbu.files/.documentbrowser.filebrowser.FileBrowserRegularActivity t154}, caller=com.android.server.wm.ActivityTaskSupervisor.scheduleTopResumedActivityStateIfNeeded:2904 com.android.server.wm.ActivityTaskSupervisor.updateTopResumedActivityIfNeeded:2896 com.android.server.wm.TaskFragment.setResumedActivity:580 com.android.server.wm.TaskFragment.onActivityStateChanged:904 com.android.server.wm.ActivityRecord.setState:6903 com.android.server.wm.TaskFragment.resumeTopActivity:1756 
