03-30 21:40:11.214  1230  5330 D InsetsSourceProvider: updateControlForTarget: control=InsetsSourceControl: {3 mType=ime mSurfacePosition=Point(0, 42) mInsetsHint=Insets{left=0, top=0, right=0, bottom=737}}, target=Window{5cab04d u0 com.google.android.apps.nbu.files/com.google.android.apps.nbu.files.home.HomeActivity}, from=com.android.server.wm.ImeInsetsSourceProvider.updateControlForTarget:165 com.android.server.wm.InsetsStateController.onControlTargetChanged:363 com.android.server.wm.InsetsStateController.onImeControlTargetChanged:307 com.android.server.wm.DisplayContent.updateImeControlTarget:5768 com.android.server.wm.DisplayContent.updateImeInputAndControlTarget:5728 
03-30 21:40:11.217  1230  1278 V WindowManager: Remove Window{38942ff u0 com.google.android.permissioncontroller/com.android.permissioncontroller.permission.ui.GrantPermissionsActivity EXITING}: mSurfaceController=Surface(name=com.google.android.permissioncontroller/com.android.permissioncontroller.permission.ui.GrantPermissionsActivity$_10137)/@0x3646a78 mAnimatingExit=true mRemoveOnExit=true mHasSurface=true surfaceShowing=true animating=true app-animation=false mDisplayFrozen=false callers=com.android.server.wm.WindowToken.removeAllWindowsIfPossible:258 com.android.server.wm.ActivityRecord.removeIfPossible:5231 com.android.server.wm.ActivityRecord.handleCompleteDeferredRemoval:5238 com.android.server.wm.WindowContainer.handleCompleteDeferredRemoval:1510 com.android.server.wm.TaskFragment.handleCompleteDeferredRemoval:3445 com.android.server.wm.WindowContainer.handleCompleteDeferredRemoval:1510 
03-30 21:40:11.218  1230  1278 I WindowManager: Destroying surface Surface(name=com.google.android.permissioncontroller/com.android.permissioncontroller.permission.ui.GrantPermissionsActivity$_10137)/@0x3646a78 called by com.android.server.wm.WindowStateAnimator.destroySurface:811 com.android.server.wm.WindowStateAnimator.destroySurfaceLocked:478 com.android.server.wm.WindowState.removeImmediately:2958 com.android.server.wm.WindowContainer.removeImmediately:858 com.android.server.wm.WindowToken.removeImmediately:389 com.android.server.wm.ActivityRecord.removeImmediately:5225 com.android.server.wm.ActivityRecord.removeIfPossible:5232 com.android.server.wm.ActivityRecord.handleCompleteDeferredRemoval:5238 
03-30 21:40:11.218  1230  1278 I WindowManager: Cancelling animation restarting=false, leash=Surface(name=Surface(name=38942ff com.google.android.permissioncontroller/com.android.permissioncontroller.permission.ui.GrantPermissionsActivity)/@0x53e11da - animation-leash of window_animation)/@0x3000f60
03-30 21:40:11.327  1230  1502 D MdnieScenarioControlService:  packageName : com.google.android.apps.nbu.files    className : com.google.android.apps.nbu.files.home.HomeActivity
03-30 21:40:12.486  1230  1295 I ActivityManager: Start proc 18221:com.google.android.apps.turbo/u0a234 for broadcast {com.google.android.apps.turbo/com.google.android.apps.turbo.nudges.broadcasts.BatteryStatusChangedReceiver}
03-30 21:40:12.558  1230  4052 V WindowManager: Collecting in transition 1051: ActivityRecord{bddfbfa u0 com.google.android.apps.nbu.files/.documentbrowser.filebrowser.FileBrowserRegularActivity, caller=com.android.server.wm.Transition.collect:753 com.android.server.wm.TransitionController.collect:975 com.android.server.wm.ActivityStarter.startActivityUnchecked:2407 com.android.server.wm.ActivityStarter.executeRequest:1959 com.android.server.wm.ActivityStarter.execute:1075 
03-30 21:40:12.558  1230  4052 D ActivityTaskManager: TaskLaunchParamsModifier:task=null activity=ActivityRecord{bddfbfa u0 com.google.android.apps.nbu.files/.documentbrowser.filebrowser.FileBrowserRegularActivity t-1} display-area-from-source=DefaultTaskDisplayArea_d0@148105282 display-id=0 task-display-area-windowing-mode=1 suggested-display-area=DefaultTaskDisplayArea_d0@148105282
03-30 21:40:12.558  1230  4052 D ActivityTaskManager: TaskLaunchParamsModifier:task=Task{c3fa576 #154 type=standard A=10330:com.google.android.apps.nbu.files} activity=ActivityRecord{bddfbfa u0 com.google.android.apps.nbu.files/.documentbrowser.filebrowser.FileBrowserRegularActivity t-1} display-area-from-source=DefaultTaskDisplayArea_d0@148105282 display-id=0 task-display-area-windowing-mode=1 suggested-display-area=DefaultTaskDisplayArea_d0@148105282 inherit-from-source=fullscreen non-freeform-task-display-area display-area=DefaultTaskDisplayArea_d0@148105282 default-portrait freeform-size-mismatch=Rect(375, 613 - 1066, 1650)
03-30 21:40:12.561  1230  4052 D ActivityTaskManager: scheduleTopResumedActivityChanged, onTop=false, r=ActivityRecord{4bd4011 u0 com.google.android.apps.nbu.files/.home.HomeActivity t154}, caller=com.android.server.wm.ActivityTaskSupervisor.updateTopResumedActivityIfNeeded:2873 com.android.server.wm.TaskFragment.setResumedActivity:580 com.android.server.wm.TaskFragment.onActivityStateChanged:889 com.android.server.wm.ActivityRecord.setState:6903 com.android.server.wm.TaskFragment.startPausing:2012 com.android.server.wm.TaskFragment.startPausing:1956 
03-30 21:40:12.562  1230  4052 V WindowManager: Collecting in transition 1051: ActivityRecord{bddfbfa u0 com.google.android.apps.nbu.files/.documentbrowser.filebrowser.FileBrowserRegularActivity t154}, caller=com.android.server.wm.Transition.collect:753 com.android.server.wm.Transition.collectExistenceChange:936 com.android.server.wm.TransitionController.collectExistenceChange:1025 com.android.server.wm.ActivityStarter.handleStartResult:2638 com.android.server.wm.ActivityStarter.startActivityUnchecked:2415 
03-30 21:40:12.563  1230  4052 I ActivityTaskManager: START u0 {cmp=com.google.android.apps.nbu.files/.documentbrowser.filebrowser.FileBrowserRegularActivity (has extras)} with LAUNCH_MULTIPLE from uid 10330 (BAL_ALLOW_VISIBLE_WINDOW) result code=0
03-30 21:40:12.565  1653  1844 V WindowManagerShell: Transition requested: android.os.BinderProxy@c64e42c TransitionRequestInfo { type = OPEN, triggerTask = TaskInfo{userId=0 taskId=154 displayId=0 isRunning=true baseIntent=Intent { act=android.intent.action.MAIN cat=[android.intent.category.LAUNCHER] flg=0x10000000 pkg=com.google.android.apps.nbu.files cmp=com.google.android.apps.nbu.files/.home.HomeActivity } baseActivity=ComponentInfo{com.google.android.apps.nbu.files/com.google.android.apps.nbu.files.home.HomeActivity} topActivity=ComponentInfo{com.google.android.apps.nbu.files/com.google.android.apps.nbu.files.documentbrowser.filebrowser.FileBrowserRegularActivity} origActivity=null realActivity=ComponentInfo{com.google.android.apps.nbu.files/com.google.android.apps.nbu.files.home.HomeActivity} numActivities=2 lastActiveTime=438291787 supportsMultiWindow=true resizeMode=1 isResizeable=true minWidth=-1 minHeight=-1 maxWidth=-1 maxHeight=-1 defaultMinSize=220 token=WCT{android.window.IWindowContainerToken$Stub$Proxy@a82bef5} topActivityType=1 pictureInPictureParams=null shouldDockBigOverlays=false launchIntoPipHostTaskId=-1 lastParentTaskIdBeforePip=-1 displayCutoutSafeInsets=null topActivityInfo=ActivityInfo{658248a com.google.android.apps.nbu.files.documentbrowser.filebrowser.FileBrowserRegularActivity} launchCookies=[] positionInParent=Point(0, 0) parentTaskId=-1 isFocused=true isVisible=true isVisibleRequested=true isSleeping=false topActivityInSizeCompat=false topActivityEligibleForLetterboxEducation= false topActivityLetterboxed= false isFromDoubleTap= false topActivityLetterboxVerticalPosition= -1 topActivityLetterboxHorizontalPosition= -1 topActivityLetterboxWidth=-1 topActivityLetterboxHeight=-1 locusId=null displayAreaFeatureId=1 cameraCompatControlState=hidden originallySupportedMultiWindow=true hasWallpaper=false topActivityInFixedAspectRatio=false rootAffinity=10330:com.google.android.apps.nbu.files topActivityInDisplayCompat=false topActivityInBoundsCompat=false topActivityBounds=null singleTapFromLetterbox=false isTopTaskInStage=false topActivityUiMode=17 CoverLauncherWidgetTask=false CoverScreenTask=false isAllowedSeamlessRotation=false isTopTransparentActivity=false hasPopOver=false isAiKeyRemoveAppTask=false}, remoteTransition = null, displayChange = null }
03-30 21:40:12.568  1230  1277 D SGM:FgCheckThread: notePauseComponent(), received pkgName: com.google.android.apps.nbu.files, userId: 0
03-30 21:40:12.569  1230  4044 V WindowManager: Collecting in transition 1051: ActivityRecord{bddfbfa u0 com.google.android.apps.nbu.files/.documentbrowser.filebrowser.FileBrowserRegularActivity t154}, caller=com.android.server.wm.Transition.collect:753 com.android.server.wm.TransitionController.collect:975 com.android.server.wm.ActivityRecord.setVisibility:6440 com.android.server.wm.ActivityRecord.setVisibility:6392 com.android.server.wm.ActivityRecord.makeVisibleIfNeeded:7199 
03-30 21:40:12.569  1230  4044 V WindowManager: Collecting in transition 1051: ActivityRecord{4bd4011 u0 com.google.android.apps.nbu.files/.home.HomeActivity t154}, caller=com.android.server.wm.Transition.collect:753 com.android.server.wm.TransitionController.collect:975 com.android.server.wm.ActivityRecord.setVisibility:6440 com.android.server.wm.ActivityRecord.setVisibility:6392 com.android.server.wm.ActivityRecord.makeInvisible:7234 
03-30 21:40:12.569  1230  4044 D WindowManager: prepareSync <SYNC_STATE_WAITING_FOR_DRAW>, mPrepareSyncSeqId=0, win=Window{5cab04d u0 com.google.android.apps.nbu.files/com.google.android.apps.nbu.files.home.HomeActivity}
03-30 21:40:12.569  1230  4044 D WindowManager: VisibleRequested updated, r=ActivityRecord{4bd4011 u0 com.google.android.apps.nbu.files/.home.HomeActivity t154}
03-30 21:40:12.569  1230  4044 D WindowManager: rotationForOrientation, orientationSource=ActivityRecord{bddfbfa u0 com.google.android.apps.nbu.files/.documentbrowser.filebrowser.FileBrowserRegularActivity t154}
03-30 21:40:12.569  1230  4044 D WindowManager: rotationForOrientation, orientationSource=ActivityRecord{bddfbfa u0 com.google.android.apps.nbu.files/.documentbrowser.filebrowser.FileBrowserRegularActivity t154}
03-30 21:40:12.570  1230  4044 D WindowManager: rotationForOrientation, orientationSource=ActivityRecord{bddfbfa u0 com.google.android.apps.nbu.files/.documentbrowser.filebrowser.FileBrowserRegularActivity t154}
03-30 21:40:12.570  1230  4044 V WindowManager: Collecting in transition 1051: ActivityRecord{bddfbfa u0 com.google.android.apps.nbu.files/.documentbrowser.filebrowser.FileBrowserRegularActivity t154}, caller=com.android.server.wm.Transition.collect:753 com.android.server.wm.TransitionController.collect:975 com.android.server.wm.ActivityRecord.setVisibility:6440 com.android.server.wm.ActivityRecord.setVisibility:6392 com.android.server.wm.ActivityTaskSupervisor.realStartActivityLocked:965 
03-30 21:40:12.570  1230  4044 D SGM:PkgDataHelper: notifyAppCreate(), pkgName: com.google.android.apps.nbu.files, userId: 0, sendRet: true
03-30 21:40:12.570  1230  1434 D SGM:FgCheckThread: onLooperPrepared(), msg: MSG_APP_CREATE, pkgName: com.google.android.apps.nbu.files, userId: 0
03-30 21:40:12.571  1230  4044 V WindowManager: Changing focus from Window{5cab04d u0 com.google.android.apps.nbu.files/com.google.android.apps.nbu.files.home.HomeActivity} to null displayId=0 Callers=com.android.server.wm.RootWindowContainer.updateFocusedWindowLocked:581 com.android.server.wm.WindowManagerService.updateFocusedWindowLocked:6910 com.android.server.wm.ActivityTaskManagerService.setLastResumedActivityUncheckLocked:6164 com.android.server.wm.ActivityTaskSupervisor.updateTopResumedActivityIfNeeded:2894 
03-30 21:40:12.572  1230  4044 D ActivityTaskManager: scheduleTopResumedActivityChanged, onTop=true, r=ActivityRecord{bddfbfa u0 com.google.android.apps.nbu.files/.documentbrowser.filebrowser.FileBrowserRegularActivity t154}, caller=com.android.server.wm.ActivityTaskSupervisor.scheduleTopResumedActivityStateIfNeeded:2904 com.android.server.wm.ActivityTaskSupervisor.updateTopResumedActivityIfNeeded:2896 com.android.server.wm.TaskFragment.setResumedActivity:580 com.android.server.wm.TaskFragment.onActivityStateChanged:904 com.android.server.wm.ActivityRecord.setState:6903 com.android.server.wm.Task.minimalResumeActivityLocked:6259 
03-30 21:40:12.572  1230  4044 V WindowManager: Collecting in transition 1051: ActivityRecord{bddfbfa u0 com.google.android.apps.nbu.files/.documentbrowser.filebrowser.FileBrowserRegularActivity t154}, caller=com.android.server.wm.Transition.collect:753 com.android.server.wm.TransitionController.collect:975 com.android.server.wm.ActivityRecord.setVisibility:6440 com.android.server.wm.ActivityRecord.setVisibility:6392 com.android.server.wm.ActivityRecord.completeResumeLocked:7510 
03-30 21:40:12.573  1230  4044 D WindowManagerServiceExt: notifyOccludeChangeNotice: cn=ComponentInfo{com.google.android.apps.nbu.files/com.google.android.apps.nbu.files.documentbrowser.filebrowser.FileBrowserRegularActivity} occludesParent=true isInSplitScreenMode=false styleFloating=false caller=com.android.server.wm.ActivityRecord.completeResumeLocked:7567 com.android.server.wm.Task.minimalResumeActivityLocked:6260 com.android.server.wm.ActivityTaskSupervisor.realStartActivityLocked:1187 com.android.server.wm.ActivityTaskSupervisor.startSpecificActivity:1296 com.android.server.wm.TaskFragment.resumeTopActivity:1895 
03-30 21:40:12.575  1230  4044 D WindowManager: SyncGroup 1051:  Unfinished container: ActivityRecord{bddfbfa u0 com.google.android.apps.nbu.files/.documentbrowser.filebrowser.FileBrowserRegularActivity t154} mSyncState=2
03-30 21:40:12.577  1230  1277 D SGM:FgCheckThread: noteResumeComponent(), received pkgName: com.google.android.apps.nbu.files, userId: 0
03-30 21:40:12.577  1230  1277 I GameSDK@LifeCycle: noteResumeComponent(): package name  : com.google.android.apps.nbu.files
03-30 21:40:12.578  1230  1434 D SGM:FgCheckThread: onLooperPrepared(), msg: MSG_APP_RESUME, pkgName: com.google.android.apps.nbu.files, userid: 0
03-30 21:40:12.578  1230  1434 D SGM:FgCheckThread:   handleResume(). pkgName: com.google.android.apps.nbu.files, userId: 0, isTunableApp: null
03-30 21:40:12.578  1230  1434 D SGM:FgCheckThread: notifyFocusInOut(). of pkg: com.google.android.apps.nbu.files, type: 4, isTunableApp: false, userId: 0
03-30 21:40:12.610  1230  4044 D WindowManager: prepareSync <SYNC_STATE_WAITING_FOR_DRAW>, mPrepareSyncSeqId=0, win=Window{d974226 u0 com.google.android.apps.nbu.files/com.google.android.apps.nbu.files.documentbrowser.filebrowser.FileBrowserRegularActivity}
03-30 21:40:12.614  1230  4263 D CoreBackPreview: Window{d974226 u0 com.google.android.apps.nbu.files/com.google.android.apps.nbu.files.documentbrowser.filebrowser.FileBrowserRegularActivity}: Setting back callback OnBackInvokedCallbackInfo{mCallback=android.window.IOnBackInvokedCallback$Stub$Proxy@10c346b, mPriority=-1, mIsAnimationCallback=false}
03-30 21:40:12.617  1230  4263 D WindowManager: makeSurface duration=1 name=com.google.android.apps.nbu.files/com.google.android.apps.nbu.files.documentbrowser.filebrowser.FileBrowserRegularActivity$_16944
03-30 21:40:12.620  1230  4263 D WindowManager: SyncGroup 1051:  Unfinished container: ActivityRecord{bddfbfa u0 com.google.android.apps.nbu.files/.documentbrowser.filebrowser.FileBrowserRegularActivity t154} mSyncState=2
03-30 21:40:12.621  1230  4263 V WindowManager: Changing focus from null to Window{d974226 u0 com.google.android.apps.nbu.files/com.google.android.apps.nbu.files.documentbrowser.filebrowser.FileBrowserRegularActivity} displayId=0 Callers=com.android.server.wm.RootWindowContainer.updateFocusedWindowLocked:581 com.android.server.wm.WindowManagerService.updateFocusedWindowLocked:6910 com.android.server.wm.WindowManagerService.relayoutWindow:2777 com.android.server.wm.Session.relayout:282 
03-30 21:40:12.622  1230  4263 D InsetsSourceProvider: updateControlForTarget: control=InsetsSourceControl: {54df0001 mType=navigationBars initiallyVisible mSurfacePosition=Point(0, 2220) mInsetsHint=Insets{left=0, top=0, right=0, bottom=84}}, target=Window{d974226 u0 com.google.android.apps.nbu.files/com.google.android.apps.nbu.files.documentbrowser.filebrowser.FileBrowserRegularActivity}, from=com.android.server.wm.InsetsStateController.onControlTargetChanged:363 com.android.server.wm.InsetsStateController.onBarControlTargetChanged:332 com.android.server.wm.InsetsPolicy.updateBarControlTarget:173 com.android.server.wm.InsetsPolicy.updateSystemBars:843 com.android.server.wm.DisplayPolicy.updateSystemBarsLw:3484 
03-30 21:40:12.622  1230  4263 D InsetsSourceProvider: updateControlForTarget: control=InsetsSourceControl: {b1c90000 mType=statusBars initiallyVisible mSurfacePosition=Point(0, 0) mInsetsHint=Insets{left=0, top=42, right=0, bottom=0}}, target=Window{d974226 u0 com.google.android.apps.nbu.files/com.google.android.apps.nbu.files.documentbrowser.filebrowser.FileBrowserRegularActivity}, from=com.android.server.wm.InsetsStateController.onControlTargetChanged:363 com.android.server.wm.InsetsStateController.onBarControlTargetChanged:329 com.android.server.wm.InsetsPolicy.updateBarControlTarget:173 com.android.server.wm.InsetsPolicy.updateSystemBars:843 com.android.server.wm.DisplayPolicy.updateSystemBarsLw:3484 
03-30 21:40:12.623  1230  4263 V SystemKeyManager: updateFocusedWindow() is called, com.google.android.apps.nbu.files/com.google.android.apps.nbu.files.documentbrowser.filebrowser.FileBrowserRegularActivity
03-30 21:40:12.634  1230  4263 D WindowManager: finishDrawingWindow: Window{d974226 u0 com.google.android.apps.nbu.files/com.google.android.apps.nbu.files.documentbrowser.filebrowser.FileBrowserRegularActivity} mDrawState=DRAW_PENDING seqId=0
03-30 21:40:12.635  1230  1278 V WindowManager: performShowLocked: mDrawState=HAS_DRAWN in Window{d974226 u0 com.google.android.apps.nbu.files/com.google.android.apps.nbu.files.documentbrowser.filebrowser.FileBrowserRegularActivity}
03-30 21:40:12.636  1230  1278 V WindowManager: Start calculating TransitionInfo based on participants: {ActivityRecord{4bd4011 u0 com.google.android.apps.nbu.files/.home.HomeActivity t154}, ActivityRecord{bddfbfa u0 com.google.android.apps.nbu.files/.documentbrowser.filebrowser.FileBrowserRegularActivity t154}}
03-30 21:40:12.636  1230  1278 V WindowManager:   Final targets: [ActivityRecord{bddfbfa u0 com.google.android.apps.nbu.files/.documentbrowser.filebrowser.FileBrowserRegularActivity t154}, ActivityRecord{4bd4011 u0 com.google.android.apps.nbu.files/.home.HomeActivity t154}]
03-30 21:40:12.638  1230  1278 V WindowManager:         {null m=OPEN f=FILLS_TASK|IS_ACTIVITY leash=Surface(name=ActivityRecord{bddfbfa u0 com.google.android.apps.nbu.files/.documentbrowser.filebrowser.FileBrowserRegularActivity t154})/@0x8c28ed5 sb=Rect(0, 0 - 0, 0) eb=Rect(0, 0 - 1440, 2304) d=-1->0 r=-1->0:-1 dim=true inset=Rect(0, 0 - 0, 0)},
03-30 21:40:12.638  1230  1278 V WindowManager:         {null m=TO_BACK f=FILLS_TASK|IS_ACTIVITY leash=Surface(name=ActivityRecord{4bd4011 u0 com.google.android.apps.nbu.files/.home.HomeActivity t154})/@0xef61d57 sb=Rect(0, 0 - 1440, 2304) eb=Rect(0, 0 - 1440, 2304) d=0 inset=Rect(0, 0 - 0, 0)}
03-30 21:40:12.640  1230  1274 I Pageboost: Launch time gathered : pid 16944 com.google.android.apps.nbu.files 78
03-30 21:40:12.639  1653  1844 V WindowManagerShell: onTransitionReady android.os.BinderProxy@c64e42c: {id=1051 t=OPEN f=0x0 trk=0 r=[0@Point(0, 0)] c=[{null m=OPEN f=FILLS_TASK|IS_ACTIVITY leash=Surface(name=ActivityRecord{bddfbfa u0 com.google.android.apps.nbu.files/.documentbrowser.filebrowser.FileBrowserRegularActivity t154})/@0xb65cafb sb=Rect(0, 0 - 0, 0) eb=Rect(0, 0 - 1440, 2304) d=-1->0 r=-1->0:-1 dim=true inset=Rect(0, 0 - 0, 0)},{null m=TO_BACK f=FILLS_TASK|IS_ACTIVITY leash=Surface(name=ActivityRecord{4bd4011 u0 com.google.android.apps.nbu.files/.home.HomeActivity t154})/@0x7521718 sb=Rect(0, 0 - 1440, 2304) eb=Rect(0, 0 - 1440, 2304) d=0 inset=Rect(0, 0 - 0, 0)}]}
03-30 21:40:12.640  1230  1274 V WindowManager: Sent Transition #1051 createdAt=03-30 21:40:12.557 via request=TransitionRequestInfo { type = OPEN, triggerTask = TaskInfo{userId=0 taskId=154 displayId=0 isRunning=true baseIntent=Intent { act=android.intent.action.MAIN cat=[android.intent.category.LAUNCHER] flg=0x10000000 pkg=com.google.android.apps.nbu.files cmp=com.google.android.apps.nbu.files/.home.HomeActivity } baseActivity=ComponentInfo{com.google.android.apps.nbu.files/com.google.android.apps.nbu.files.home.HomeActivity} topActivity=ComponentInfo{com.google.android.apps.nbu.files/com.google.android.apps.nbu.files.documentbrowser.filebrowser.FileBrowserRegularActivity} origActivity=null realActivity=ComponentInfo{com.google.android.apps.nbu.files/com.google.android.apps.nbu.files.home.HomeActivity} numActivities=2 lastActiveTime=438291787 supportsMultiWindow=true resizeMode=1 isResizeable=true minWidth=-1 minHeight=-1 maxWidth=-1 maxHeight=-1 defaultMinSize=220 token=WCT{RemoteToken{d8843dc Task{c3fa576 #154 type=standard A=10330:com.google.android.apps.nbu.files}}} topActivityType=1 pictureInPictureParams=null shouldDockBigOverlays=false launchIntoPipHostTaskId=-1 lastParentTaskIdBeforePip=-1 displayCutoutSafeInsets=null topActivityInfo=ActivityInfo{cc1f1a7 com.google.android.apps.nbu.files.documentbrowser.filebrowser.FileBrowserRegularActivity} launchCookies=[] positionInParent=Point(0, 0) parentTaskId=-1 isFocused=true isVisible=true isVisibleRequested=true isSleeping=false topActivityInSizeCompat=false topActivityEligibleForLetterboxEducation= false topActivityLetterboxed= false isFromDoubleTap= false topActivityLetterboxVerticalPosition= -1 topActivityLetterboxHorizontalPosition= -1 topActivityLetterboxWidth=-1 topActivityLetterboxHeight=-1 locusId=null displayAreaFeatureId=1 cameraCompatControlState=hidden originallySupportedMultiWindow=true hasWallpaper=false topActivityInFixedAspectRatio=false rootAffinity=10330:com.google.android.apps.nbu.files topActivityInDisplayCompat=false topActivityInBoundsCompat=false topActivityBounds=null singleTapFromLetterbox=false isTopTaskInStage=false topActivityUiMode=17 CoverLauncherWidgetTask=false CoverScreenTask=false isAllowedSeamlessRotation=false isTopTransparentActivity=false hasPopOver=false isAiKeyRemoveAppTask=false}, remoteTransition = null, displayChange = null }
03-30 21:40:12.640  1230  1274 V WindowManager:         {null m=OPEN f=FILLS_TASK|IS_ACTIVITY leash=Surface(name=ActivityRecord{bddfbfa u0 com.google.android.apps.nbu.files/.documentbrowser.filebrowser.FileBrowserRegularActivity t154})/@0x8c28ed5 sb=Rect(0, 0 - 0, 0) eb=Rect(0, 0 - 1440, 2304) d=-1->0 r=-1->0:-1 dim=true inset=Rect(0, 0 - 0, 0)},
03-30 21:40:12.640  1230  1274 V WindowManager:         {null m=TO_BACK f=FILLS_TASK|IS_ACTIVITY leash=Surface(name=ActivityRecord{4bd4011 u0 com.google.android.apps.nbu.files/.home.HomeActivity t154})/@0xef61d57 sb=Rect(0, 0 - 1440, 2304) eb=Rect(0, 0 - 1440, 2304) d=0 inset=Rect(0, 0 - 0, 0)}
03-30 21:40:12.642  1653  1844 V WindowManagerShell: Transition doesn't have explicit remote, search filters for match for {id=1051 t=OPEN f=0x0 trk=0 r=[0@Point(0, 0)] c=[{null m=OPEN f=FILLS_TASK|IS_ACTIVITY leash=Surface(name=ActivityRecord{bddfbfa u0 com.google.android.apps.nbu.files/.documentbrowser.filebrowser.FileBrowserRegularActivity t154})/@0xb65cafb sb=Rect(0, 0 - 0, 0) eb=Rect(0, 0 - 1440, 2304) d=-1->0 r=-1->0:-1 dim=true inset=Rect(0, 0 - 0, 0)},{null m=TO_BACK f=FILLS_TASK|IS_ACTIVITY leash=Surface(name=ActivityRecord{4bd4011 u0 com.google.android.apps.nbu.files/.home.HomeActivity t154})/@0x7521718 sb=Rect(0, 0 - 1440, 2304) eb=Rect(0, 0 - 1440, 2304) d=0 inset=Rect(0, 0 - 0, 0)}]}
03-30 21:40:12.642  1653  1844 V WindowManagerShell: start default transition animation, info = {id=1051 t=OPEN f=0x0 trk=0 r=[0@Point(0, 0)] c=[{null m=OPEN f=FILLS_TASK|IS_ACTIVITY leash=Surface(name=ActivityRecord{bddfbfa u0 com.google.android.apps.nbu.files/.documentbrowser.filebrowser.FileBrowserRegularActivity t154})/@0xb65cafb sb=Rect(0, 0 - 0, 0) eb=Rect(0, 0 - 1440, 2304) d=-1->0 r=-1->0:-1 dim=true inset=Rect(0, 0 - 0, 0)},{null m=TO_BACK f=FILLS_TASK|IS_ACTIVITY leash=Surface(name=ActivityRecord{4bd4011 u0 com.google.android.apps.nbu.files/.home.HomeActivity t154})/@0x7521718 sb=Rect(0, 0 - 1440, 2304) eb=Rect(0, 0 - 1440, 2304) d=0 inset=Rect(0, 0 - 0, 0)}]}
03-30 21:40:12.660  1653  1844 V WindowManagerShell: attach dim transition, change={null m=OPEN f=FILLS_TASK|IS_ACTIVITY leash=Surface(name=ActivityRecord{bddfbfa u0 com.google.android.apps.nbu.files/.documentbrowser.filebrowser.FileBrowserRegularActivity t154})/@0xb65cafb sb=Rect(0, 0 - 0, 0) eb=Rect(0, 0 - 1440, 2304) d=-1->0 r=-1->0:-1 dim=true inset=Rect(0, 0 - 0, 0)}
03-30 21:40:12.864  1230  1981 D InsetsSourceProvider: updateControlForTarget: control=InsetsSourceControl: {3 mType=ime mSurfacePosition=Point(0, 42) mInsetsHint=Insets{left=0, top=0, right=0, bottom=737}}, target=Window{d974226 u0 com.google.android.apps.nbu.files/com.google.android.apps.nbu.files.documentbrowser.filebrowser.FileBrowserRegularActivity}, from=com.android.server.wm.ImeInsetsSourceProvider.updateControlForTarget:165 com.android.server.wm.InsetsStateController.onControlTargetChanged:363 com.android.server.wm.InsetsStateController.onImeControlTargetChanged:307 com.android.server.wm.DisplayContent.updateImeControlTarget:5768 com.android.server.wm.DisplayContent.updateImeInputAndControlTarget:5728 
03-30 21:40:13.131  1230  8363 V WindowManager: Setting visibility of Window{5cab04d u0 com.google.android.apps.nbu.files/com.google.android.apps.nbu.files.home.HomeActivity}: false, caller=com.android.server.wm.WindowContainer.sendAppVisibilityToClients:1305 com.android.server.wm.WindowToken.setClientVisible:454 com.android.server.wm.ActivityRecord.setClientVisible:8246 com.android.server.wm.ActivityRecord.postApplyAnimation:6777 com.android.server.wm.ActivityRecord.commitVisibility:6720 
03-30 21:40:13.162  1230  1981 E WindowManager: win=Window{5cab04d u0 com.google.android.apps.nbu.files/com.google.android.apps.nbu.files.home.HomeActivity} destroySurfaces: appStopped=true cleanupOnResume=false win.mWindowRemovalAllowed=false win.mRemoveOnExit=false win.mViewVisibility=8 caller=com.android.server.wm.ActivityRecord.destroySurfaces:7044 com.android.server.wm.ActivityRecord.destroySurfaces:7025 com.android.server.wm.ActivityRecord.activityStopped:7758 com.android.server.wm.ActivityClientController.activityStopped:327 android.app.IActivityClientController$Stub.onTransact:702 com.android.server.wm.ActivityClientController.onTransact:186 android.os.Binder.execTransactInternal:1380 
03-30 21:40:13.163  1230  1981 I WindowManager: Destroying surface Surface(name=com.google.android.apps.nbu.files/com.google.android.apps.nbu.files.home.HomeActivity$_16944)/@0x61443dc called by com.android.server.wm.WindowStateAnimator.destroySurface:811 com.android.server.wm.WindowStateAnimator.destroySurfaceLocked:478 com.android.server.wm.WindowState.destroySurfaceUnchecked:4219 com.android.server.wm.WindowState.destroySurface:4193 com.android.server.wm.ActivityRecord.destroySurfaces:7044 com.android.server.wm.ActivityRecord.destroySurfaces:7025 com.android.server.wm.ActivityRecord.activityStopped:7758 com.android.server.wm.ActivityClientController.activityStopped:327 
03-30 21:40:14.610  1230  8363 D CoreBackPreview: Window{d974226 u0 com.google.android.apps.nbu.files/com.google.android.apps.nbu.files.documentbrowser.filebrowser.FileBrowserRegularActivity}: Setting back callback OnBackInvokedCallbackInfo{mCallback=android.window.IOnBackInvokedCallback$Stub$Proxy@2dcfb3f, mPriority=1000000, mIsAnimationCallback=false}
03-30 21:40:15.796  1230  8363 D CoreBackPreview: Window{d974226 u0 com.google.android.apps.nbu.files/com.google.android.apps.nbu.files.documentbrowser.filebrowser.FileBrowserRegularActivity}: Setting back callback OnBackInvokedCallbackInfo{mCallback=android.window.IOnBackInvokedCallback$Stub$Proxy@b7eb836, mPriority=-1, mIsAnimationCallback=false}
03-30 21:40:16.512  1230  8363 V WindowManager: Collecting in transition 1052: ActivityRecord{bafc428 u0 com.google.android.apps.docs/com.google.android.apps.viewer.PdfViewerActivity, caller=com.android.server.wm.Transition.collect:753 com.android.server.wm.TransitionController.collect:975 com.android.server.wm.ActivityStarter.startActivityUnchecked:2407 com.android.server.wm.ActivityStarter.executeRequest:1959 com.android.server.wm.ActivityStarter.execute:1075 
03-30 21:40:16.512  1230  8363 D ActivityTaskManager: TaskLaunchParamsModifier:task=null activity=ActivityRecord{bafc428 u0 com.google.android.apps.docs/com.google.android.apps.viewer.PdfViewerActivity t-1} display-area-from-source=DefaultTaskDisplayArea_d0@148105282 display-id=0 task-display-area-windowing-mode=1 suggested-display-area=DefaultTaskDisplayArea_d0@148105282
03-30 21:40:16.512  1230  8363 D ActivityTaskManager: TaskLaunchParamsModifier:task=Task{c3fa576 #154 type=standard A=10330:com.google.android.apps.nbu.files} activity=ActivityRecord{bafc428 u0 com.google.android.apps.docs/com.google.android.apps.viewer.PdfViewerActivity t-1} display-area-from-source=DefaultTaskDisplayArea_d0@148105282 display-id=0 task-display-area-windowing-mode=1 suggested-display-area=DefaultTaskDisplayArea_d0@148105282 inherit-from-source=fullscreen non-freeform-task-display-area display-area=DefaultTaskDisplayArea_d0@148105282 default-portrait freeform-size-mismatch=Rect(375, 613 - 1066, 1650)
03-30 21:40:16.519  1230  8363 D ActivityTaskManager: Add starting ActivityRecord{bafc428 u0 com.google.android.apps.docs/com.google.android.apps.viewer.PdfViewerActivity t154}: typeParam=168 startingData=com.android.server.wm.SplashScreenStartingData@850fad4
03-30 21:40:16.519  1230  8363 V WindowManager: Added starting ActivityRecord{bafc428 u0 com.google.android.apps.docs/com.google.android.apps.viewer.PdfViewerActivity t154}: startingWindow=null startingView=com.android.server.wm.StartingSurfaceController$StartingSurface@adf947d
03-30 21:40:16.520  1230  8363 D ActivityTaskManager: scheduleTopResumedActivityChanged, onTop=false, r=ActivityRecord{bddfbfa u0 com.google.android.apps.nbu.files/.documentbrowser.filebrowser.FileBrowserRegularActivity t154}, caller=com.android.server.wm.ActivityTaskSupervisor.updateTopResumedActivityIfNeeded:2873 com.android.server.wm.TaskFragment.setResumedActivity:580 com.android.server.wm.TaskFragment.onActivityStateChanged:889 com.android.server.wm.ActivityRecord.setState:6903 com.android.server.wm.TaskFragment.startPausing:2012 com.android.server.wm.TaskFragment.startPausing:1956 
03-30 21:40:16.521  1230  8363 V WindowManager: Collecting in transition 1052: ActivityRecord{bafc428 u0 com.google.android.apps.docs/com.google.android.apps.viewer.PdfViewerActivity t154}, caller=com.android.server.wm.Transition.collect:753 com.android.server.wm.Transition.collectExistenceChange:936 com.android.server.wm.TransitionController.collectExistenceChange:1025 com.android.server.wm.ActivityStarter.handleStartResult:2638 com.android.server.wm.ActivityStarter.startActivityUnchecked:2415 
03-30 21:40:16.522  1230  8363 I ActivityTaskManager: START u0 {act=android.intent.action.VIEW dat=content://com.google.android.apps.nbu.files.provider/... typ=application/pdf flg=0x1 pkg=com.google.android.apps.docs cmp=com.google.android.apps.docs/com.google.android.apps.viewer.PdfViewerActivity} with LAUNCH_MULTIPLE from uid 10330 (BAL_ALLOW_VISIBLE_WINDOW) result code=0
03-30 21:40:16.522  1653  1844 V WindowManagerShell: Transition requested: android.os.BinderProxy@f857648 TransitionRequestInfo { type = OPEN, triggerTask = TaskInfo{userId=0 taskId=154 displayId=0 isRunning=true baseIntent=Intent { act=android.intent.action.MAIN cat=[android.intent.category.LAUNCHER] flg=0x10000000 pkg=com.google.android.apps.nbu.files cmp=com.google.android.apps.nbu.files/.home.HomeActivity } baseActivity=ComponentInfo{com.google.android.apps.nbu.files/com.google.android.apps.nbu.files.home.HomeActivity} topActivity=ComponentInfo{com.google.android.apps.docs/com.google.android.apps.viewer.PdfViewerActivity} origActivity=null realActivity=ComponentInfo{com.google.android.apps.nbu.files/com.google.android.apps.nbu.files.home.HomeActivity} numActivities=3 lastActiveTime=438295745 supportsMultiWindow=true resizeMode=1 isResizeable=true minWidth=-1 minHeight=-1 maxWidth=-1 maxHeight=-1 defaultMinSize=220 token=WCT{android.window.IWindowContainerToken$Stub$Proxy@98d7ce1} topActivityType=1 pictureInPictureParams=null shouldDockBigOverlays=false launchIntoPipHostTaskId=-1 lastParentTaskIdBeforePip=-1 displayCutoutSafeInsets=null topActivityInfo=ActivityInfo{450ea06 com.google.android.apps.viewer.PdfViewerActivity} launchCookies=[] positionInParent=Point(0, 0) parentTaskId=-1 isFocused=true isVisible=true isVisibleRequested=true isSleeping=false topActivityInSizeCompat=false topActivityEligibleForLetterboxEducation= false topActivityLetterboxed= false isFromDoubleTap= false topActivityLetterboxVerticalPosition= -1 topActivityLetterboxHorizontalPosition= -1 topActivityLetterboxWidth=-1 topActivityLetterboxHeight=-1 locusId=null displayAreaFeatureId=1 cameraCompatControlState=hidden originallySupportedMultiWindow=true hasWallpaper=false topActivityInFixedAspectRatio=false rootAffinity=10330:com.google.android.apps.nbu.files topActivityInDisplayCompat=false topActivityInBoundsCompat=false topActivityBounds=null singleTapFromLetterbox=false isTopTaskInStage=false topActivityUiMode=17 CoverLauncherWidgetTask=false CoverScreenTask=false isAllowedSeamlessRotation=false isTopTransparentActivity=false hasPopOver=false isAiKeyRemoveAppTask=false}, remoteTransition = null, displayChange = null }
03-30 21:40:16.526  1230  4263 V WindowManager: Collecting in transition 1052: ActivityRecord{bafc428 u0 com.google.android.apps.docs/com.google.android.apps.viewer.PdfViewerActivity t154}, caller=com.android.server.wm.Transition.collect:753 com.android.server.wm.TransitionController.collect:975 com.android.server.wm.ActivityRecord.setVisibility:6440 com.android.server.wm.ActivityRecord.setVisibility:6392 com.android.server.wm.EnsureActivitiesVisibleHelper.makeVisibleAndRestartIfNeeded:338 
03-30 21:40:16.526  1230  4263 V WindowManager: Collecting in transition 1052: ActivityRecord{bddfbfa u0 com.google.android.apps.nbu.files/.documentbrowser.filebrowser.FileBrowserRegularActivity t154}, caller=com.android.server.wm.Transition.collect:753 com.android.server.wm.TransitionController.collect:975 com.android.server.wm.ActivityRecord.setVisibility:6440 com.android.server.wm.ActivityRecord.setVisibility:6392 com.android.server.wm.ActivityRecord.makeInvisible:7234 
03-30 21:40:16.526  1230  4263 D WindowManager: prepareSync <SYNC_STATE_WAITING_FOR_DRAW>, mPrepareSyncSeqId=0, win=Window{d974226 u0 com.google.android.apps.nbu.files/com.google.android.apps.nbu.files.documentbrowser.filebrowser.FileBrowserRegularActivity}
03-30 21:40:16.527  1230  4263 D WindowManager: VisibleRequested updated, r=ActivityRecord{bddfbfa u0 com.google.android.apps.nbu.files/.documentbrowser.filebrowser.FileBrowserRegularActivity t154}
03-30 21:40:16.535  1230  4263 D WindowManager: prepareSync <SYNC_STATE_WAITING_FOR_DRAW>, mPrepareSyncSeqId=0, win=Window{931d635 u0 Splash Screen com.google.android.apps.docs}
03-30 21:40:16.536  1230  4263 V WindowManager: addWindow: ActivityRecord{bafc428 u0 com.google.android.apps.docs/com.google.android.apps.viewer.PdfViewerActivity t154} startingWindow=Window{931d635 u0 Splash Screen com.google.android.apps.docs}
03-30 21:40:16.537  1230  4263 D WindowManager: rotationForOrientation, orientationSource=ActivityRecord{bafc428 u0 com.google.android.apps.docs/com.google.android.apps.viewer.PdfViewerActivity t154}
03-30 21:40:16.540  1230  1295 I ActivityManager: Start proc 18285:com.google.android.apps.docs/u0a307 for next-top-activity {com.google.android.apps.docs/com.google.android.apps.viewer.PdfViewerActivity}
03-30 21:40:16.542  1230  4263 D CoreBackPreview: Window{931d635 u0 Splash Screen com.google.android.apps.docs}: Setting back callback OnBackInvokedCallbackInfo{mCallback=android.window.IOnBackInvokedCallback$Stub$Proxy@512c104, mPriority=0, mIsAnimationCallback=false}
03-30 21:40:16.543  1230  1832 D WindowManager: makeSurface duration=2 name=Splash Screen com.google.android.apps.docs$_1653
03-30 21:40:16.545  1230  1832 V WindowManager: Changing focus from Window{d974226 u0 com.google.android.apps.nbu.files/com.google.android.apps.nbu.files.documentbrowser.filebrowser.FileBrowserRegularActivity} to null displayId=0 Callers=com.android.server.wm.RootWindowContainer.updateFocusedWindowLocked:581 com.android.server.wm.WindowManagerService.updateFocusedWindowLocked:6910 com.android.server.wm.WindowManagerService.relayoutWindow:2777 com.android.server.wm.Session.relayout:282 
03-30 21:40:16.546  1230  1277 D SGM:FgCheckThread: notePauseComponent(), received pkgName: com.google.android.apps.nbu.files, userId: 0
03-30 21:40:16.547  1230  1832 D WindowManager: rotationForOrientation, orientationSource=ActivityRecord{bafc428 u0 com.google.android.apps.docs/com.google.android.apps.viewer.PdfViewerActivity t154}
03-30 21:40:16.562  1230  1832 D WindowManager: finishDrawingWindow: Window{931d635 u0 Splash Screen com.google.android.apps.docs} mDrawState=DRAW_PENDING seqId=0
03-30 21:40:16.562  1230  1832 V WindowManager: Finishing drawing window Window{931d635 u0 Splash Screen com.google.android.apps.docs}: mDrawState=DRAW_PENDING
03-30 21:40:16.562  1230  1832 V WindowManager: Draw state now committed in Window{931d635 u0 Splash Screen com.google.android.apps.docs}
03-30 21:40:16.563  1230  4263 D WindowManager: rotationForOrientation, orientationSource=ActivityRecord{bafc428 u0 com.google.android.apps.docs/com.google.android.apps.viewer.PdfViewerActivity t154}
03-30 21:40:16.563  1230  4263 D WindowManager: rotationForOrientation, orientationSource=ActivityRecord{bafc428 u0 com.google.android.apps.docs/com.google.android.apps.viewer.PdfViewerActivity t154}
03-30 21:40:16.564  1230  4263 D WindowManager: rotationForOrientation, orientationSource=ActivityRecord{bafc428 u0 com.google.android.apps.docs/com.google.android.apps.viewer.PdfViewerActivity t154}
03-30 21:40:16.565  1230  4263 V WindowManager: Collecting in transition 1052: ActivityRecord{bafc428 u0 com.google.android.apps.docs/com.google.android.apps.viewer.PdfViewerActivity t154}, caller=com.android.server.wm.Transition.collect:753 com.android.server.wm.TransitionController.collect:975 com.android.server.wm.ActivityRecord.setVisibility:6440 com.android.server.wm.ActivityRecord.setVisibility:6392 com.android.server.wm.ActivityTaskSupervisor.realStartActivityLocked:965 
03-30 21:40:16.565  1230  4263 D SGM:PkgDataHelper: notifyAppCreate(), pkgName: com.google.android.apps.docs, userId: 0, sendRet: true
03-30 21:40:16.566  1230  4263 D ActivityTaskManager: scheduleTopResumedActivityChanged, onTop=true, r=ActivityRecord{bafc428 u0 com.google.android.apps.docs/com.google.android.apps.viewer.PdfViewerActivity t154}, caller=com.android.server.wm.ActivityTaskSupervisor.scheduleTopResumedActivityStateIfNeeded:2904 com.android.server.wm.ActivityTaskSupervisor.updateTopResumedActivityIfNeeded:2896 com.android.server.wm.TaskFragment.setResumedActivity:580 com.android.server.wm.TaskFragment.onActivityStateChanged:904 com.android.server.wm.ActivityRecord.setState:6903 com.android.server.wm.Task.minimalResumeActivityLocked:6259 
03-30 21:40:16.566  1230  4263 V WindowManager: Collecting in transition 1052: ActivityRecord{bafc428 u0 com.google.android.apps.docs/com.google.android.apps.viewer.PdfViewerActivity t154}, caller=com.android.server.wm.Transition.collect:753 com.android.server.wm.TransitionController.collect:975 com.android.server.wm.ActivityRecord.setVisibility:6440 com.android.server.wm.ActivityRecord.setVisibility:6392 com.android.server.wm.ActivityRecord.completeResumeLocked:7510 
03-30 21:40:16.566  1230  1434 D SGM:FgCheckThread: onLooperPrepared(), msg: MSG_APP_CREATE, pkgName: com.google.android.apps.docs, userId: 0
03-30 21:40:16.567  1230  4263 D WindowManagerServiceExt: notifyOccludeChangeNotice: cn=ComponentInfo{com.google.android.apps.docs/com.google.android.apps.viewer.PdfViewerActivity} occludesParent=true isInSplitScreenMode=false styleFloating=false caller=com.android.server.wm.ActivityRecord.completeResumeLocked:7567 com.android.server.wm.Task.minimalResumeActivityLocked:6260 com.android.server.wm.ActivityTaskSupervisor.realStartActivityLocked:1187 com.android.server.wm.RootWindowContainer$AttachApplicationHelper.test:4369 com.android.server.wm.RootWindowContainer$AttachApplicationHelper.test:4305 
03-30 21:40:16.568  1230  1277 D SGM:FgCheckThread: noteResumeComponent(), received pkgName: com.google.android.apps.docs, userId: 0
03-30 21:40:16.569  1230  1277 I GameSDK@LifeCycle: noteResumeComponent(): package name  : com.google.android.apps.docs
03-30 21:40:16.569  1230  1278 V WindowManager: performShowLocked: mDrawState=HAS_DRAWN in Window{931d635 u0 Splash Screen com.google.android.apps.docs}
03-30 21:40:16.570  1230  1278 V WindowManager: Start calculating TransitionInfo based on participants: {ActivityRecord{bafc428 u0 com.google.android.apps.docs/com.google.android.apps.viewer.PdfViewerActivity t154}, ActivityRecord{bddfbfa u0 com.google.android.apps.nbu.files/.documentbrowser.filebrowser.FileBrowserRegularActivity t154}}
03-30 21:40:16.570  1230  1278 V WindowManager:   Final targets: [ActivityRecord{bafc428 u0 com.google.android.apps.docs/com.google.android.apps.viewer.PdfViewerActivity t154}, ActivityRecord{bddfbfa u0 com.google.android.apps.nbu.files/.documentbrowser.filebrowser.FileBrowserRegularActivity t154}]
03-30 21:40:16.577  1230  1278 V WindowManager:         {null m=OPEN f=FILLS_TASK|IS_BEHIND_STARTING_WINDOW|IS_ACTIVITY leash=Surface(name=ActivityRecord{bafc428 u0 com.google.android.apps.docs/com.google.android.apps.viewer.PdfViewerActivity t154})/@0x91f7eff sb=Rect(0, 0 - 0, 0) eb=Rect(0, 0 - 1440, 2304) d=-1->0 r=-1->0:-1 dim=true inset=Rect(0, 0 - 0, 0)},
03-30 21:40:16.577  1230  1278 V WindowManager:         {null m=TO_BACK f=FILLS_TASK|IS_BEHIND_STARTING_WINDOW|IS_ACTIVITY leash=Surface(name=ActivityRecord{bddfbfa u0 com.google.android.apps.nbu.files/.documentbrowser.filebrowser.FileBrowserRegularActivity t154})/@0x8c28ed5 sb=Rect(0, 0 - 1440, 2304) eb=Rect(0, 0 - 1440, 2304) d=0 inset=Rect(0, 0 - 0, 0)}
03-30 21:40:16.578  1230  1274 V WindowManager: Sent Transition #1052 createdAt=03-30 21:40:16.511 via request=TransitionRequestInfo { type = OPEN, triggerTask = TaskInfo{userId=0 taskId=154 displayId=0 isRunning=true baseIntent=Intent { act=android.intent.action.MAIN cat=[android.intent.category.LAUNCHER] flg=0x10000000 pkg=com.google.android.apps.nbu.files cmp=com.google.android.apps.nbu.files/.home.HomeActivity } baseActivity=ComponentInfo{com.google.android.apps.nbu.files/com.google.android.apps.nbu.files.home.HomeActivity} topActivity=ComponentInfo{com.google.android.apps.docs/com.google.android.apps.viewer.PdfViewerActivity} origActivity=null realActivity=ComponentInfo{com.google.android.apps.nbu.files/com.google.android.apps.nbu.files.home.HomeActivity} numActivities=3 lastActiveTime=438295745 supportsMultiWindow=true resizeMode=1 isResizeable=true minWidth=-1 minHeight=-1 maxWidth=-1 maxHeight=-1 defaultMinSize=220 token=WCT{RemoteToken{d8843dc Task{c3fa576 #154 type=standard A=10330:com.google.android.apps.nbu.files}}} topActivityType=1 pictureInPictureParams=null shouldDockBigOverlays=false launchIntoPipHostTaskId=-1 lastParentTaskIdBeforePip=-1 displayCutoutSafeInsets=null topActivityInfo=ActivityInfo{e0f362a com.google.android.apps.viewer.PdfViewerActivity} launchCookies=[] positionInParent=Point(0, 0) parentTaskId=-1 isFocused=true isVisible=true isVisibleRequested=true isSleeping=false topActivityInSizeCompat=false topActivityEligibleForLetterboxEducation= false topActivityLetterboxed= false isFromDoubleTap= false topActivityLetterboxVerticalPosition= -1 topActivityLetterboxHorizontalPosition= -1 topActivityLetterboxWidth=-1 topActivityLetterboxHeight=-1 locusId=null displayAreaFeatureId=1 cameraCompatControlState=hidden originallySupportedMultiWindow=true hasWallpaper=false topActivityInFixedAspectRatio=false rootAffinity=10330:com.google.android.apps.nbu.files topActivityInDisplayCompat=false topActivityInBoundsCompat=false topActivityBounds=null singleTapFromLetterbox=false isTopTaskInStage=false topActivityUiMode=17 CoverLauncherWidgetTask=false CoverScreenTask=false isAllowedSeamlessRotation=false isTopTransparentActivity=false hasPopOver=false isAiKeyRemoveAppTask=false}, remoteTransition = null, displayChange = null }
03-30 21:40:16.578  1230  1274 V WindowManager:         {null m=OPEN f=FILLS_TASK|IS_BEHIND_STARTING_WINDOW|IS_ACTIVITY leash=Surface(name=ActivityRecord{bafc428 u0 com.google.android.apps.docs/com.google.android.apps.viewer.PdfViewerActivity t154})/@0x91f7eff sb=Rect(0, 0 - 0, 0) eb=Rect(0, 0 - 1440, 2304) d=-1->0 r=-1->0:-1 dim=true inset=Rect(0, 0 - 0, 0)},
03-30 21:40:16.578  1230  1274 V WindowManager:         {null m=TO_BACK f=FILLS_TASK|IS_BEHIND_STARTING_WINDOW|IS_ACTIVITY leash=Surface(name=ActivityRecord{bddfbfa u0 com.google.android.apps.nbu.files/.documentbrowser.filebrowser.FileBrowserRegularActivity t154})/@0x8c28ed5 sb=Rect(0, 0 - 1440, 2304) eb=Rect(0, 0 - 1440, 2304) d=0 inset=Rect(0, 0 - 0, 0)}
03-30 21:40:16.581  1653  1844 V WindowManagerShell: onTransitionReady android.os.BinderProxy@f857648: {id=1052 t=OPEN f=0x0 trk=0 r=[0@Point(0, 0)] c=[{null m=OPEN f=FILLS_TASK|IS_BEHIND_STARTING_WINDOW|IS_ACTIVITY leash=Surface(name=ActivityRecord{bafc428 u0 com.google.android.apps.docs/com.google.android.apps.viewer.PdfViewerActivity t154})/@0x83cafea sb=Rect(0, 0 - 0, 0) eb=Rect(0, 0 - 1440, 2304) d=-1->0 r=-1->0:-1 dim=true inset=Rect(0, 0 - 0, 0)},{null m=TO_BACK f=FILLS_TASK|IS_BEHIND_STARTING_WINDOW|IS_ACTIVITY leash=Surface(name=ActivityRecord{bddfbfa u0 com.google.android.apps.nbu.files/.documentbrowser.filebrowser.FileBrowserRegularActivity t154})/@0x86c62db sb=Rect(0, 0 - 1440, 2304) eb=Rect(0, 0 - 1440, 2304) d=0 inset=Rect(0, 0 - 0, 0)}]}
03-30 21:40:16.582  1653  1844 V WindowManagerShell: Transition doesn't have explicit remote, search filters for match for {id=1052 t=OPEN f=0x0 trk=0 r=[0@Point(0, 0)] c=[{null m=OPEN f=FILLS_TASK|IS_BEHIND_STARTING_WINDOW|IS_ACTIVITY leash=Surface(name=ActivityRecord{bafc428 u0 com.google.android.apps.docs/com.google.android.apps.viewer.PdfViewerActivity t154})/@0x83cafea sb=Rect(0, 0 - 0, 0) eb=Rect(0, 0 - 1440, 2304) d=-1->0 r=-1->0:-1 dim=true inset=Rect(0, 0 - 0, 0)},{null m=TO_BACK f=FILLS_TASK|IS_BEHIND_STARTING_WINDOW|IS_ACTIVITY leash=Surface(name=ActivityRecord{bddfbfa u0 com.google.android.apps.nbu.files/.documentbrowser.filebrowser.FileBrowserRegularActivity t154})/@0x86c62db sb=Rect(0, 0 - 1440, 2304) eb=Rect(0, 0 - 1440, 2304) d=0 inset=Rect(0, 0 - 0, 0)}]}
03-30 21:40:16.583  1653  1844 V WindowManagerShell: start default transition animation, info = {id=1052 t=OPEN f=0x0 trk=0 r=[0@Point(0, 0)] c=[{null m=OPEN f=FILLS_TASK|IS_BEHIND_STARTING_WINDOW|IS_ACTIVITY leash=Surface(name=ActivityRecord{bafc428 u0 com.google.android.apps.docs/com.google.android.apps.viewer.PdfViewerActivity t154})/@0x83cafea sb=Rect(0, 0 - 0, 0) eb=Rect(0, 0 - 1440, 2304) d=-1->0 r=-1->0:-1 dim=true inset=Rect(0, 0 - 0, 0)},{null m=TO_BACK f=FILLS_TASK|IS_BEHIND_STARTING_WINDOW|IS_ACTIVITY leash=Surface(name=ActivityRecord{bddfbfa u0 com.google.android.apps.nbu.files/.documentbrowser.filebrowser.FileBrowserRegularActivity t154})/@0x86c62db sb=Rect(0, 0 - 1440, 2304) eb=Rect(0, 0 - 1440, 2304) d=0 inset=Rect(0, 0 - 0, 0)}]}
03-30 21:40:16.593  1230  8363 D SGM:GameManager: identifyForegroundApp. com.google.android.apps.nbu.files, mCurrentUserId: 0, callerUserId: 0
03-30 21:40:16.593  1230  8363 D SGM:PkgDataHelper: getGamePkgData(). com.google.android.apps.nbu.files
03-30 21:40:16.595  1230  1832 D SGM:GameManager: identifyGamePackage. com.google.android.apps.docs, mCurrentUserId: 0, callerUserId: 0, callingMethodInfo: com.samsung.android.game.IGameManagerService$Stub.onTransact(IGameManagerService.java:233)
03-30 21:40:16.595  1230  1832 D SGM:PkgDataHelper: getGamePkgData(). com.google.android.apps.docs
03-30 21:40:16.599  1653  1844 V WindowManagerShell: attach dim transition, change={null m=OPEN f=FILLS_TASK|IS_BEHIND_STARTING_WINDOW|IS_ACTIVITY leash=Surface(name=ActivityRecord{bafc428 u0 com.google.android.apps.docs/com.google.android.apps.viewer.PdfViewerActivity t154})/@0x83cafea sb=Rect(0, 0 - 0, 0) eb=Rect(0, 0 - 1440, 2304) d=-1->0 r=-1->0:-1 dim=true inset=Rect(0, 0 - 0, 0)}
03-30 21:40:16.717  1230  1502 D MdnieScenarioControlService:  packageName : com.google.android.apps.docs    className : com.google.android.apps.viewer.PdfViewerActivity
03-30 21:40:16.955  1230  1295 I ActivityManager: Start proc 18404:com.google.android.apps.docs:com.google.android.apps.viewer.pdflib.PdfDocumentService/u0i91 for service {com.google.android.apps.docs/com.google.android.apps.viewer.pdflib.PdfDocumentService}
03-30 21:40:16.990  1230  1832 D CoreBackPreview: Window{5731598 u0 com.google.android.apps.docs/com.google.android.apps.viewer.PdfViewerActivity}: Setting back callback OnBackInvokedCallbackInfo{mCallback=android.window.IOnBackInvokedCallback$Stub$Proxy@b1303e5, mPriority=0, mIsAnimationCallback=false}
03-30 21:40:16.995  1230  5330 D WindowManager: makeSurface duration=1 name=com.google.android.apps.docs/com.google.android.apps.viewer.PdfViewerActivity$_18285
